Component: ARM Compiler 5.06 update 6 (build 750) Tool: armlink [4d35ed]

==============================================================================

Section Cross References

    startup_stm32h743xx.o(STACK) refers (Special) to heapauxi.o(.text) for __use_two_region_memory
    startup_stm32h743xx.o(HEAP) refers (Special) to heapauxi.o(.text) for __use_two_region_memory
    startup_stm32h743xx.o(RESET) refers (Special) to heapauxi.o(.text) for __use_two_region_memory
    startup_stm32h743xx.o(RESET) refers to startup_stm32h743xx.o(STACK) for __initial_sp
    startup_stm32h743xx.o(RESET) refers to startup_stm32h743xx.o(.text) for Reset_Handler
    startup_stm32h743xx.o(RESET) refers to stm32h7xx_it.o(i.NMI_Handler) for NMI_Handler
    startup_stm32h743xx.o(RESET) refers to stm32h7xx_it.o(i.HardFault_Handler) for HardFault_Handler
    startup_stm32h743xx.o(RESET) refers to stm32h7xx_it.o(i.MemManage_Handler) for MemManage_Handler
    startup_stm32h743xx.o(RESET) refers to stm32h7xx_it.o(i.BusFault_Handler) for BusFault_Handler
    startup_stm32h743xx.o(RESET) refers to stm32h7xx_it.o(i.UsageFault_Handler) for UsageFault_Handler
    startup_stm32h743xx.o(RESET) refers to stm32h7xx_it.o(i.SVC_Handler) for SVC_Handler
    startup_stm32h743xx.o(RESET) refers to stm32h7xx_it.o(i.DebugMon_Handler) for DebugMon_Handler
    startup_stm32h743xx.o(RESET) refers to stm32h7xx_it.o(i.PendSV_Handler) for PendSV_Handler
    startup_stm32h743xx.o(RESET) refers to stm32h7xx_it.o(i.SysTick_Handler) for SysTick_Handler
    startup_stm32h743xx.o(RESET) refers to stm32h7xx_it.o(i.EXTI9_5_IRQHandler) for EXTI9_5_IRQHandler
    startup_stm32h743xx.o(RESET) refers to stm32h7xx_it.o(i.USART1_IRQHandler) for USART1_IRQHandler
    startup_stm32h743xx.o(RESET) refers to stm32h7xx_it.o(i.USART3_IRQHandler) for USART3_IRQHandler
    startup_stm32h743xx.o(.text) refers (Special) to heapauxi.o(.text) for __use_two_region_memory
    startup_stm32h743xx.o(.text) refers to system_stm32h7xx.o(i.SystemInit) for SystemInit
    startup_stm32h743xx.o(.text) refers to __main.o(!!!main) for __main
    startup_stm32h743xx.o(.text) refers to startup_stm32h743xx.o(HEAP) for Heap_Mem
    startup_stm32h743xx.o(.text) refers to startup_stm32h743xx.o(STACK) for Stack_Mem
    appolloh7port.o(i.AD5940_ClrMCUIntFlag) refers to appolloh7port.o(.data) for .data
    appolloh7port.o(i.AD5940_CsClr) refers to stm32h7xx_hal_gpio.o(i.HAL_GPIO_WritePin) for HAL_GPIO_WritePin
    appolloh7port.o(i.AD5940_CsSet) refers to stm32h7xx_hal_gpio.o(i.HAL_GPIO_WritePin) for HAL_GPIO_WritePin
    appolloh7port.o(i.AD5940_Delay10us) refers to stm32h7xx_hal.o(i.HAL_Delay) for HAL_Delay
    appolloh7port.o(i.AD5940_GetMCUIntFlag) refers to appolloh7port.o(.data) for .data
    appolloh7port.o(i.AD5940_MCUResourceInit) refers to stm32h7xx_hal_gpio.o(i.HAL_GPIO_Init) for HAL_GPIO_Init
    appolloh7port.o(i.AD5940_MCUResourceInit) refers to appolloh7port.o(i.AD5940_CsSet) for AD5940_CsSet
    appolloh7port.o(i.AD5940_MCUResourceInit) refers to appolloh7port.o(i.AD5940_RstSet) for AD5940_RstSet
    appolloh7port.o(i.AD5940_MCUResourceInit) refers to stm32h7xx_hal_spi.o(i.HAL_SPI_Init) for HAL_SPI_Init
    appolloh7port.o(i.AD5940_MCUResourceInit) refers to stm32h7xx_hal_cortex.o(i.HAL_NVIC_EnableIRQ) for HAL_NVIC_EnableIRQ
    appolloh7port.o(i.AD5940_MCUResourceInit) refers to appolloh7port.o(.bss) for .bss
    appolloh7port.o(i.AD5940_ReadWriteNBytes) refers to stm32h7xx_hal_spi.o(i.HAL_SPI_TransmitReceive) for HAL_SPI_TransmitReceive
    appolloh7port.o(i.AD5940_ReadWriteNBytes) refers to appolloh7port.o(.bss) for .bss
    appolloh7port.o(i.AD5940_RstClr) refers to stm32h7xx_hal_gpio.o(i.HAL_GPIO_WritePin) for HAL_GPIO_WritePin
    appolloh7port.o(i.AD5940_RstSet) refers to stm32h7xx_hal_gpio.o(i.HAL_GPIO_WritePin) for HAL_GPIO_WritePin
    appolloh7port.o(i.HAL_GPIO_EXTI_Callback) refers to appolloh7port.o(.data) for .data
    ad5940main.o(i.AD5940AMPStructInit) refers to amperometric.o(i.AppAMPGetCfg) for AppAMPGetCfg
    ad5940main.o(i.AD5940AMPStructInit) refers to ad5940main.o(.data) for .data
    ad5940main.o(i.AD5940ImpedanceStructInit) refers to impedance.o(i.AppIMPGetCfg) for AppIMPGetCfg
    ad5940main.o(i.AD5940PlatformCfg_AMP) refers to _printf_percent.o(.ARM.Collect$$_printf_percent$$00000000) for _printf_percent
    ad5940main.o(i.AD5940PlatformCfg_AMP) refers to _printf_f.o(.ARM.Collect$$_printf_percent$$00000003) for _printf_f
    ad5940main.o(i.AD5940PlatformCfg_AMP) refers to printf1.o(x$fpl$printf1) for _printf_fp_dec
    ad5940main.o(i.AD5940PlatformCfg_AMP) refers to ad5940.o(i.AD5940_HWReset) for AD5940_HWReset
    ad5940main.o(i.AD5940PlatformCfg_AMP) refers to ad5940.o(i.AD5940_Initialize) for AD5940_Initialize
    ad5940main.o(i.AD5940PlatformCfg_AMP) refers to ad5940.o(i.AD5940_CLKCfg) for AD5940_CLKCfg
    ad5940main.o(i.AD5940PlatformCfg_AMP) refers to ad5940.o(i.AD5940_FIFOCfg) for AD5940_FIFOCfg
[...]
    _mutex_acquire                            - Undefined Weak Reference
    _mutex_release                            - Undefined Weak Reference
    _printf_mbtowc                            - Undefined Weak Reference
    _printf_truncate_signed                   - Undefined Weak Reference
    _printf_truncate_unsigned                 - Undefined Weak Reference
    _rand_init                                - Undefined Weak Reference
    _signal_finish                            - Undefined Weak Reference
    _signal_init                              - Undefined Weak Reference
    _terminate_alloc                          - Undefined Weak Reference
    _terminate_user_alloc                     - Undefined Weak Reference
    _terminateio                              - Undefined Weak Reference
    __Vectors_Size                           0x00000298   Number         0  startup_stm32h743xx.o ABSOLUTE
    __Vectors                                0x08000000   Data           4  startup_stm32h743xx.o(RESET)
    __Vectors_End                            0x08000298   Data           0  startup_stm32h743xx.o(RESET)
    __main                                   0x08000299   Thumb Code     8  __main.o(!!!main)
    __scatterload                            0x080002a1   Thumb Code     0  __scatter.o(!!!scatter)
    __scatterload_rt2                        0x080002a1   Thumb Code    44  __scatter.o(!!!scatter)
    __scatterload_rt2_thumb_only             0x080002a1   Thumb Code     0  __scatter.o(!!!scatter)
    __scatterload_null                       0x080002af   Thumb Code     0  __scatter.o(!!!scatter)
    __decompress                             0x080002d5   Thumb Code    90  __dczerorl2.o(!!dczerorl2)
    __decompress1                            0x080002d5   Thumb Code     0  __dczerorl2.o(!!dczerorl2)
    __scatterload_zeroinit                   0x08000331   Thumb Code    28  __scatter_zi.o(!!handler_zi)
    _printf_f                                0x0800034d   Thumb Code     0  _printf_f.o(.ARM.Collect$$_printf_percent$$00000003)
    _printf_percent                          0x0800034d   Thumb Code     0  _printf_percent.o(.ARM.Collect$$_printf_percent$$00000000)
    _printf_d                                0x08000353   Thumb Code     0  _printf_d.o(.ARM.Collect$$_printf_percent$$00000009)
    _printf_x                                0x08000359   Thumb Code     0  _printf_x.o(.ARM.Collect$$_printf_percent$$0000000C)
    _printf_s                                0x0800035f   Thumb Code     0  _printf_s.o(.ARM.Collect$$_printf_percent$$00000014)
    _printf_percent_end                      0x08000365   Thumb Code     0  _printf_percent_end.o(.ARM.Collect$$_printf_percent$$00000017)
    __rt_lib_init                            0x08000369   Thumb Code     0  libinit.o(.ARM.Collect$$libinit$$00000000)
    __rt_lib_init_fp_1                       0x0800036b   Thumb Code     0  libinit2.o(.ARM.Collect$$libinit$$00000001)
    __rt_lib_init_heap_1                     0x0800036f   Thumb Code     0  libinit2.o(.ARM.Collect$$libinit$$0000000A)
    __rt_lib_init_lc_common                  0x0800036f   Thumb Code     0  libinit2.o(.ARM.Collect$$libinit$$0000000F)
    __rt_lib_init_preinit_1                  0x0800036f   Thumb Code     0  libinit2.o(.ARM.Collect$$libinit$$00000004)
    __rt_lib_init_rand_1                     0x0800036f   Thumb Code     0  libinit2.o(.ARM.Collect$$libinit$$0000000E)
    __rt_lib_init_user_alloc_1               0x0800036f   Thumb Code     0  libinit2.o(.ARM.Collect$$libinit$$0000000C)
    __rt_lib_init_lc_collate_1               0x08000375   Thumb Code     0  libinit2.o(.ARM.Collect$$libinit$$00000011)
    __rt_lib_init_lc_ctype_1                 0x08000375   Thumb Code     0  libinit2.o(.ARM.Collect$$libinit$$00000013)
    __rt_lib_init_lc_monetary_1              0x08000375   Thumb Code     0  libinit2.o(.ARM.Collect$$libinit$$00000015)
    __rt_lib_init_lc_numeric_2               0x08000375   Thumb Code     0  libinit2.o(.ARM.Collect$$libinit$$00000016)
    __rt_lib_init_alloca_1                   0x0800037f   Thumb Code     0  libinit2.o(.ARM.Collect$$libinit$$0000002E)
    __rt_lib_init_argv_1                     0x0800037f   Thumb Code     0  libinit2.o(.ARM.Collect$$libinit$$0000002C)
    __rt_lib_init_atexit_1                   0x0800037f   Thumb Code     0  libinit2.o(.ARM.Collect$$libinit$$0000001B)
    __rt_lib_init_clock_1                    0x0800037f   Thumb Code     0  libinit2.o(.ARM.Collect$$libinit$$00000021)
    __rt_lib_init_cpp_1                      0x0800037f   Thumb Code     0  libinit2.o(.ARM.Collect$$libinit$$00000032)
    __rt_lib_init_exceptions_1               0x0800037f   Thumb Code     0  libinit2.o(.ARM.Collect$$libinit$$00000030)
    __rt_lib_init_fp_trap_1                  0x0800037f   Thumb Code     0  libinit2.o(.ARM.Collect$$libinit$$0000001F)
    __rt_lib_init_getenv_1                   0x0800037f   Thumb Code     0  libinit2.o(.ARM.Collect$$libinit$$00000023)
    __rt_lib_init_lc_numeric_1               0x0800037f   Thumb Code     0  libinit2.o(.ARM.Collect$$libinit$$00000017)
    __rt_lib_init_lc_time_1                  0x0800037f   Thumb Code     0  libinit2.o(.ARM.Collect$$libinit$$00000019)
    __rt_lib_init_return                     0x0800037f   Thumb Code     0  libinit2.o(.ARM.Collect$$libinit$$00000033)
    __rt_lib_init_signal_1                   0x0800037f   Thumb Code     0  libinit2.o(.ARM.Collect$$libinit$$0000001D)
    __rt_lib_init_stdio_1                    0x0800037f   Thumb Code     0  libinit2.o(.ARM.Collect$$libinit$$00000025)
    __rt_lib_shutdown                        0x08000381   Thumb Code     0  libshutdown.o(.ARM.Collect$$libshutdown$$00000000)
    __rt_lib_shutdown_cpp_1                  0x08000383   Thumb Code     0  libshutdown2.o(.ARM.Collect$$libshutdown$$00000002)
    __rt_lib_shutdown_fp_trap_1              0x08000383   Thumb Code     0  libshutdown2.o(.ARM.Collect$$libshutdown$$00000007)
    __rt_lib_shutdown_heap_1                 0x08000383   Thumb Code     0  libshutdown2.o(.ARM.Collect$$libshutdown$$0000000F)
    __rt_lib_shutdown_return                 0x08000383   Thumb Code     0  libshutdown2.o(.ARM.Collect$$libshutdown$$00000010)
    __rt_lib_shutdown_signal_1               0x08000383   Thumb Code     0  libshutdown2.o(.ARM.Collect$$libshutdown$$0000000A)
    __rt_lib_shutdown_stdio_1                0x08000383   Thumb Code     0  libshutdown2.o(.ARM.Collect$$libshutdown$$00000004)
    __rt_lib_shutdown_user_alloc_1           0x08000383   Thumb Code     0  libshutdown2.o(.ARM.Collect$$libshutdown$$0000000C)
    __rt_entry                               0x08000385   Thumb Code     0  __rtentry.o(.ARM.Collect$$rtentry$$00000000)
    __rt_entry_presh_1                       0x08000385   Thumb Code     0  __rtentry2.o(.ARM.Collect$$rtentry$$00000002)
    __rt_entry_sh                            0x08000385   Thumb Code     0  __rtentry4.o(.ARM.Collect$$rtentry$$00000004)
    __rt_entry_li                            0x0800038b   Thumb Code     0  __rtentry2.o(.ARM.Collect$$rtentry$$0000000A)
    __rt_entry_postsh_1                      0x0800038b   Thumb Code     0  __rtentry2.o(.ARM.Collect$$rtentry$$00000009)
    __rt_entry_main                          0x0800038f   Thumb Code     0  __rtentry2.o(.ARM.Collect$$rtentry$$0000000D)
    __rt_entry_postli_1                      0x0800038f   Thumb Code     0  __rtentry2.o(.ARM.Collect$$rtentry$$0000000C)
    __rt_exit                                0x08000397   Thumb Code     0  rtexit.o(.ARM.Collect$$rtexit$$00000000)
    __rt_exit_ls                             0x08000399   Thumb Code     0  rtexit2.o(.ARM.Collect$$rtexit$$00000003)
    __rt_exit_prels_1                        0x08000399   Thumb Code     0  rtexit2.o(.ARM.Collect$$rtexit$$00000002)
    __rt_exit_exit                           0x0800039d   Thumb Code     0  rtexit2.o(.ARM.Collect$$rtexit$$00000004)
    Reset_Handler                            0x080003a5   Thumb Code     8  startup_stm32h743xx.o(.text)
    ADC3_IRQHandler                          0x080003bf   Thumb Code     0  startup_stm32h743xx.o(.text)
    ADC_IRQHandler                           0x080003bf   Thumb Code     0  startup_stm32h743xx.o(.text)
    BDMA_Channel0_IRQHandler                 0x080003bf   Thumb Code     0  startup_stm32h743xx.o(.text)
    BDMA_Channel1_IRQHandler                 0x080003bf   Thumb Code     0  startup_stm32h743xx.o(.text)
    BDMA_Channel2_IRQHandler                 0x080003bf   Thumb Code     0  startup_stm32h743xx.o(.text)
    BDMA_Channel3_IRQHandler                 0x080003bf   Thumb Code     0  startup_stm32h743xx.o(.text)
    BDMA_Channel4_IRQHandler                 0x080003bf   Thumb Code     0  startup_stm32h743xx.o(.text)
    BDMA_Channel5_IRQHandler                 0x080003bf   Thumb Code     0  startup_stm32h743xx.o(.text)
    BDMA_Channel6_IRQHandler                 0x080003bf   Thumb Code     0  startup_stm32h743xx.o(.text)
    BDMA_Channel7_IRQHandler                 0x080003bf   Thumb Code     0  startup_stm32h743xx.o(.text)
    CEC_IRQHandler                           0x080003bf   Thumb Code     0  startup_stm32h743xx.o(.text)
    COMP1_IRQHandler                         0x080003bf   Thumb Code     0  startup_stm32h743xx.o(.text)
    CRS_IRQHandler                           0x080003bf   Thumb Code     0  startup_stm32h743xx.o(.text)
    DCMI_IRQHandler                          0x080003bf   Thumb Code     0  startup_stm32h743xx.o(.text)
    DFSDM1_FLT0_IRQHandler                   0x080003bf   Thumb Code     0  startup_stm32h743xx.o(.text)
    DFSDM1_FLT1_IRQHandler                   0x080003bf   Thumb Code     0  startup_stm32h743xx.o(.text)
    DFSDM1_FLT2_IRQHandler                   0x080003bf   Thumb Code     0  startup_stm32h743xx.o(.text)
    DFSDM1_FLT3_IRQHandler                   0x080003bf   Thumb Code     0  startup_stm32h743xx.o(.text)
    DMA1_Stream0_IRQHandler                  0x080003bf   Thumb Code     0  startup_stm32h743xx.o(.text)
    DMA1_Stream1_IRQHandler                  0x080003bf   Thumb Code     0  startup_stm32h743xx.o(.text)
    DMA1_Stream2_IRQHandler                  0x080003bf   Thumb Code     0  startup_stm32h743xx.o(.text)
    DMA1_Stream3_IRQHandler                  0x080003bf   Thumb Code     0  startup_stm32h743xx.o(.text)
    DMA1_Stream4_IRQHandler                  0x080003bf   Thumb Code     0  startup_stm32h743xx.o(.text)
    DMA1_Stream5_IRQHandler                  0x080003bf   Thumb Code     0  startup_stm32h743xx.o(.text)
    DMA1_Stream6_IRQHandler                  0x080003bf   Thumb Code     0  startup_stm32h743xx.o(.text)
    DMA1_Stream7_IRQHandler                  0x080003bf   Thumb Code     0  startup_stm32h743xx.o(.text)
    DMA2D_IRQHandler                         0x080003bf   Thumb Code     0  startup_stm32h743xx.o(.text)
    DMA2_Stream0_IRQHandler                  0x080003bf   Thumb Code     0  startup_stm32h743xx.o(.text)
    DMA2_Stream1_IRQHandler                  0x080003bf   Thumb Code     0  startup_stm32h743xx.o(.text)
    DMA2_Stream2_IRQHandler                  0x080003bf   Thumb Code     0  startup_stm32h743xx.o(.text)
    DMA2_Stream3_IRQHandler                  0x080003bf   Thumb Code     0  startup_stm32h743xx.o(.text)
    DMA2_Stream4_IRQHandler                  0x080003bf   Thumb Code     0  startup_stm32h743xx.o(.text)
    DMA2_Stream5_IRQHandler                  0x080003bf   Thumb Code     0  startup_stm32h743xx.o(.text)
    DMA2_Stream6_IRQHandler                  0x080003bf   Thumb Code     0  startup_stm32h743xx.o(.text)
    DMA2_Stream7_IRQHandler                  0x080003bf   Thumb Code     0  startup_stm32h743xx.o(.text)
    DMAMUX1_OVR_IRQHandler                   0x080003bf   Thumb Code     0  startup_stm32h743xx.o(.text)
    DMAMUX2_OVR_IRQHandler                   0x080003bf   Thumb Code     0  startup_stm32h743xx.o(.text)
    ECC_IRQHandler                           0x080003bf   Thumb Code     0  startup_stm32h743xx.o(.text)
    ETH_IRQHandler                           0x080003bf   Thumb Code     0  startup_stm32h743xx.o(.text)
    ETH_WKUP_IRQHandler                      0x080003bf   Thumb Code     0  startup_stm32h743xx.o(.text)
    EXTI0_IRQHandler                         0x080003bf   Thumb Code     0  startup_stm32h743xx.o(.text)
    EXTI15_10_IRQHandler                     0x080003bf   Thumb Code     0  startup_stm32h743xx.o(.text)
    EXTI1_IRQHandler                         0x080003bf   Thumb Code     0  startup_stm32h743xx.o(.text)
    EXTI2_IRQHandler                         0x080003bf   Thumb Code     0  startup_stm32h743xx.o(.text)
    EXTI3_IRQHandler                         0x080003bf   Thumb Code     0  startup_stm32h743xx.o(.text)
    EXTI4_IRQHandler                         0x080003bf   Thumb Code     0  startup_stm32h743xx.o(.text)
    FDCAN1_IT0_IRQHandler                    0x080003bf   Thumb Code     0  startup_stm32h743xx.o(.text)
    FDCAN1_IT1_IRQHandler                    0x080003bf   Thumb Code     0  startup_stm32h743xx.o(.text)
    FDCAN2_IT0_IRQHandler                    0x080003bf   Thumb Code     0  startup_stm32h743xx.o(.text)
    FDCAN2_IT1_IRQHandler                    0x080003bf   Thumb Code     0  startup_stm32h743xx.o(.text)
    FDCAN_CAL_IRQHandler                     0x080003bf   Thumb Code     0  startup_stm32h743xx.o(.text)
    FLASH_IRQHandler                         0x080003bf   Thumb Code     0  startup_stm32h743xx.o(.text)
    FMC_IRQHandler                           0x080003bf   Thumb Code     0  startup_stm32h743xx.o(.text)
    FPU_IRQHandler                           0x080003bf   Thumb Code     0  startup_stm32h743xx.o(.text)
    HRTIM1_FLT_IRQHandler                    0x080003bf   Thumb Code     0  startup_stm32h743xx.o(.text)
    HRTIM1_Master_IRQHandler                 0x080003bf   Thumb Code     0  startup_stm32h743xx.o(.text)
    HRTIM1_TIMA_IRQHandler                   0x080003bf   Thumb Code     0  startup_stm32h743xx.o(.text)
    HRTIM1_TIMB_IRQHandler                   0x080003bf   Thumb Code     0  startup_stm32h743xx.o(.text)
    HRTIM1_TIMC_IRQHandler                   0x080003bf   Thumb Code     0  startup_stm32h743xx.o(.text)
    HRTIM1_TIMD_IRQHandler                   0x080003bf   Thumb Code     0  startup_stm32h743xx.o(.text)
    HRTIM1_TIME_IRQHandler                   0x080003bf   Thumb Code     0  startup_stm32h743xx.o(.text)
    HSEM1_IRQHandler                         0x080003bf   Thumb Code     0  startup_stm32h743xx.o(.text)
    I2C1_ER_IRQHandler                       0x080003bf   Thumb Code     0  startup_stm32h743xx.o(.text)
    I2C1_EV_IRQHandler                       0x080003bf   Thumb Code     0  startup_stm32h743xx.o(.text)
    I2C2_ER_IRQHandler                       0x080003bf   Thumb Code     0  startup_stm32h743xx.o(.text)
    I2C2_EV_IRQHandler                       0x080003bf   Thumb Code     0  startup_stm32h743xx.o(.text)
    I2C3_ER_IRQHandler                       0x080003bf   Thumb Code     0  startup_stm32h743xx.o(.text)
    I2C3_EV_IRQHandler                       0x080003bf   Thumb Code     0  startup_stm32h743xx.o(.text)
    I2C4_ER_IRQHandler                       0x080003bf   Thumb Code     0  startup_stm32h743xx.o(.text)
    I2C4_EV_IRQHandler                       0x080003bf   Thumb Code     0  startup_stm32h743xx.o(.text)
    JPEG_IRQHandler                          0x080003bf   Thumb Code     0  startup_stm32h743xx.o(.text)
    LPTIM1_IRQHandler                        0x080003bf   Thumb Code     0  startup_stm32h743xx.o(.text)
    LPTIM2_IRQHandler                        0x080003bf   Thumb Code     0  startup_stm32h743xx.o(.text)
    LPTIM3_IRQHandler                        0x080003bf   Thumb Code     0  startup_stm32h743xx.o(.text)
    LPTIM4_IRQHandler                        0x080003bf   Thumb Code     0  startup_stm32h743xx.o(.text)
    LPTIM5_IRQHandler                        0x080003bf   Thumb Code     0  startup_stm32h743xx.o(.text)
    LPUART1_IRQHandler                       0x080003bf   Thumb Code     0  startup_stm32h743xx.o(.text)
    LTDC_ER_IRQHandler                       0x080003bf   Thumb Code     0  startup_stm32h743xx.o(.text)
    LTDC_IRQHandler                          0x080003bf   Thumb Code     0  startup_stm32h743xx.o(.text)
    MDIOS_IRQHandler                         0x080003bf   Thumb Code     0  startup_stm32h743xx.o(.text)
    MDIOS_WKUP_IRQHandler                    0x080003bf   Thumb Code     0  startup_stm32h743xx.o(.text)
    MDMA_IRQHandler                          0x080003bf   Thumb Code     0  startup_stm32h743xx.o(.text)
    OTG_FS_EP1_IN_IRQHandler                 0x080003bf   Thumb Code     0  startup_stm32h743xx.o(.text)
    OTG_FS_EP1_OUT_IRQHandler                0x080003bf   Thumb Code     0  startup_stm32h743xx.o(.text)
    OTG_FS_IRQHandler                        0x080003bf   Thumb Code     0  startup_stm32h743xx.o(.text)
    OTG_FS_WKUP_IRQHandler                   0x080003bf   Thumb Code     0  startup_stm32h743xx.o(.text)
    OTG_HS_EP1_IN_IRQHandler                 0x080003bf   Thumb Code     0  startup_stm32h743xx.o(.text)
    OTG_HS_EP1_OUT_IRQHandler                0x080003bf   Thumb Code     0  startup_stm32h743xx.o(.text)
    OTG_HS_IRQHandler                        0x080003bf   Thumb Code     0  startup_stm32h743xx.o(.text)
    OTG_HS_WKUP_IRQHandler                   0x080003bf   Thumb Code     0  startup_stm32h743xx.o(.text)
    PVD_AVD_IRQHandler                       0x080003bf   Thumb Code     0  startup_stm32h743xx.o(.text)
    QUADSPI_IRQHandler                       0x080003bf   Thumb Code     0  startup_stm32h743xx.o(.text)
    RCC_IRQHandler                           0x080003bf   Thumb Code     0  startup_stm32h743xx.o(.text)
    RNG_IRQHandler                           0x080003bf   Thumb Code     0  startup_stm32h743xx.o(.text)
    RTC_Alarm_IRQHandler                     0x080003bf   Thumb Code     0  startup_stm32h743xx.o(.text)
    RTC_WKUP_IRQHandler                      0x080003bf   Thumb Code     0  startup_stm32h743xx.o(.text)
    SAI1_IRQHandler                          0x080003bf   Thumb Code     0  startup_stm32h743xx.o(.text)
    SAI2_IRQHandler                          0x080003bf   Thumb Code     0  startup_stm32h743xx.o(.text)
    SAI3_IRQHandler                          0x080003bf   Thumb Code     0  startup_stm32h743xx.o(.text)
    SAI4_IRQHandler                          0x080003bf   Thumb Code     0  startup_stm32h743xx.o(.text)
    SDMMC1_IRQHandler                        0x080003bf   Thumb Code     0  startup_stm32h743xx.o(.text)
    SDMMC2_IRQHandler                        0x080003bf   Thumb Code     0  startup_stm32h743xx.o(.text)
    SPDIF_RX_IRQHandler                      0x080003bf   Thumb Code     0  startup_stm32h743xx.o(.text)
    SPI1_IRQHandler                          0x080003bf   Thumb Code     0  startup_stm32h743xx.o(.text)
    SPI2_IRQHandler                          0x080003bf   Thumb Code     0  startup_stm32h743xx.o(.text)
    SPI3_IRQHandler                          0x080003bf   Thumb Code     0  startup_stm32h743xx.o(.text)
    SPI4_IRQHandler                          0x080003bf   Thumb Code     0  startup_stm32h743xx.o(.text)
    SPI5_IRQHandler                          0x080003bf   Thumb Code     0  startup_stm32h743xx.o(.text)
    SPI6_IRQHandler                          0x080003bf   Thumb Code     0  startup_stm32h743xx.o(.text)
    SWPMI1_IRQHandler                        0x080003bf   Thumb Code     0  startup_stm32h743xx.o(.text)
    TAMP_STAMP_IRQHandler                    0x080003bf   Thumb Code     0  startup_stm32h743xx.o(.text)
    TIM15_IRQHandler                         0x080003bf   Thumb Code     0  startup_stm32h743xx.o(.text)
    TIM16_IRQHandler                         0x080003bf   Thumb Code     0  startup_stm32h743xx.o(.text)
    TIM17_IRQHandler                         0x080003bf   Thumb Code     0  startup_stm32h743xx.o(.text)
    TIM1_BRK_IRQHandler                      0x080003bf   Thumb Code     0  startup_stm32h743xx.o(.text)
    TIM1_CC_IRQHandler                       0x080003bf   Thumb Code     0  startup_stm32h743xx.o(.text)
    TIM1_TRG_COM_IRQHandler                  0x080003bf   Thumb Code     0  startup_stm32h743xx.o(.text)
    TIM1_UP_IRQHandler                       0x080003bf   Thumb Code     0  startup_stm32h743xx.o(.text)
    TIM2_IRQHandler                          0x080003bf   Thumb Code     0  startup_stm32h743xx.o(.text)
    TIM3_IRQHandler                          0x080003bf   Thumb Code     0  startup_stm32h743xx.o(.text)
    TIM4_IRQHandler                          0x080003bf   Thumb Code     0  startup_stm32h743xx.o(.text)
    TIM5_IRQHandler                          0x080003bf   Thumb Code     0  startup_stm32h743xx.o(.text)
    TIM6_DAC_IRQHandler                      0x080003bf   Thumb Code     0  startup_stm32h743xx.o(.text)
    TIM7_IRQHandler                          0x080003bf   Thumb Code     0  startup_stm32h743xx.o(.text)
    TIM8_BRK_TIM12_IRQHandler                0x080003bf   Thumb Code     0  startup_stm32h743xx.o(.text)
    TIM8_CC_IRQHandler                       0x080003bf   Thumb Code     0  startup_stm32h743xx.o(.text)
    TIM8_TRG_COM_TIM14_IRQHandler            0x080003bf   Thumb Code     0  startup_stm32h743xx.o(.text)
    TIM8_UP_TIM13_IRQHandler                 0x080003bf   Thumb Code     0  startup_stm32h743xx.o(.text)
    UART4_IRQHandler                         0x080003bf   Thumb Code     0  startup_stm32h743xx.o(.text)
    UART5_IRQHandler                         0x080003bf   Thumb Code     0  startup_stm32h743xx.o(.text)
    UART7_IRQHandler                         0x080003bf   Thumb Code     0  startup_stm32h743xx.o(.text)
    UART8_IRQHandler                         0x080003bf   Thumb Code     0  startup_stm32h743xx.o(.text)
    USART2_IRQHandler                        0x080003bf   Thumb Code     0  startup_stm32h743xx.o(.text)
    USART6_IRQHandler                        0x080003bf   Thumb Code     0  startup_stm32h743xx.o(.text)
    WAKEUP_PIN_IRQHandler                    0x080003bf   Thumb Code     0  startup_stm32h743xx.o(.text)
    WWDG_IRQHandler                          0x080003bf   Thumb Code     0  startup_stm32h743xx.o(.text)
    __user_initial_stackheap                 0x080003c1   Thumb Code     0  startup_stm32h743xx.o(.text)
    __aeabi_uldivmod                         0x080003e5   Thumb Code     0  lludivv7m.o(.text)
    _ll_udiv                                 0x080003e5   Thumb Code   238  lludivv7m.o(.text)
    __aeabi_llsl                             0x080004d3   Thumb Code     0  llshl.o(.text)
    _ll_shift_l                              0x080004d3   Thumb Code    38  llshl.o(.text)
    __2printf                                0x080004f9   Thumb Code    20  noretval__2printf.o(.text)
    _printf_pre_padding                      0x08000511   Thumb Code    44  _printf_pad.o(.text)
    _printf_post_padding                     0x0800053d   Thumb Code    34  _printf_pad.o(.text)
    _printf_str                              0x0800055f   Thumb Code    82  _printf_str.o(.text)
    _printf_int_dec                          0x080005b1   Thumb Code   104  _printf_dec.o(.text)
    _printf_int_hex                          0x08000629   Thumb Code    84  _printf_hex_int.o(.text)
    _printf_longlong_hex                     0x08000629   Thumb Code     0  _printf_hex_int.o(.text)
    __printf                                 0x08000681   Thumb Code   308  __printf_flags_wp.o(.text)
    __aeabi_memcpy4                          0x080007b9   Thumb Code     0  rt_memcpy_w.o(.text)
    __aeabi_memcpy8                          0x080007b9   Thumb Code     0  rt_memcpy_w.o(.text)
    __rt_memcpy_w                            0x080007b9   Thumb Code   100  rt_memcpy_w.o(.text)
    _memcpy_lastbytes_aligned                0x08000801   Thumb Code     0  rt_memcpy_w.o(.text)
    __aeabi_memclr                           0x0800081d   Thumb Code     0  rt_memclr.o(.text)
    __rt_memclr                              0x0800081d   Thumb Code    68  rt_memclr.o(.text)
    _memset                                  0x08000821   Thumb Code     0  rt_memclr.o(.text)
    __aeabi_memclr4                          0x08000861   Thumb Code     0  rt_memclr_w.o(.text)
    __aeabi_memclr8                          0x08000861   Thumb Code     0  rt_memclr_w.o(.text)
    __rt_memclr_w                            0x08000861   Thumb Code    78  rt_memclr_w.o(.text)
    _memset_w                                0x08000865   Thumb Code     0  rt_memclr_w.o(.text)
    __use_two_region_memory                  0x080008af   Thumb Code     2  heapauxi.o(.text)
    __rt_heap_escrow$2region                 0x080008b1   Thumb Code     2  heapauxi.o(.text)
    __rt_heap_expand$2region                 0x080008b3   Thumb Code     2  heapauxi.o(.text)
    __read_errno                             0x080008b5   Thumb Code    10  _rserrno.o(.text)
    __set_errno                              0x080008bf   Thumb Code    12  _rserrno.o(.text)
    _printf_int_common                       0x080008cb   Thumb Code   178  _printf_intcommon.o(.text)
    __lib_sel_fp_printf                      0x0800097d   Thumb Code     2  _printf_fp_dec.o(.text)
    _printf_fp_dec_real                      0x08000b2f   Thumb Code   620  _printf_fp_dec.o(.text)
    _printf_cs_common                        0x08000d9b   Thumb Code    20  _printf_char.o(.text)
    _printf_char                             0x08000daf   Thumb Code    16  _printf_char.o(.text)
    _printf_string                           0x08000dbf   Thumb Code     8  _printf_char.o(.text)
    _printf_char_file                        0x08000dc9   Thumb Code    32  _printf_char_file.o(.text)
    __rt_locale                              0x08000ded   Thumb Code     8  rt_locale_intlibspace.o(.text)
    __aeabi_errno_addr                       0x08000df5   Thumb Code     8  rt_errno_addr_intlibspace.o(.text)
    __errno$intlibspace                      0x08000df5   Thumb Code     0  rt_errno_addr_intlibspace.o(.text)
    __rt_errno_addr$intlibspace              0x08000df5   Thumb Code     0  rt_errno_addr_intlibspace.o(.text)
    _ll_udiv10                               0x08000dfd   Thumb Code   138  lludiv10.o(.text)
    _printf_char_common                      0x08000e93   Thumb Code    32  _printf_char_common.o(.text)
    _printf_fp_infnan                        0x08000eb9   Thumb Code   112  _printf_fp_infnan.o(.text)
    _btod_etento                             0x08000f39   Thumb Code   224  bigflt0.o(.text)
    ferror                                   0x0800101d   Thumb Code     8  ferror.o(.text)
    __user_libspace                          0x08001025   Thumb Code     8  libspace.o(.text)
    __user_perproc_libspace                  0x08001025   Thumb Code     0  libspace.o(.text)
    __user_perthread_libspace                0x08001025   Thumb Code     0  libspace.o(.text)
    __user_setup_stackheap                   0x0800102d   Thumb Code    74  sys_stackheap_outer.o(.text)
    exit                                     0x08001077   Thumb Code    18  exit.o(.text)
    strcmp                                   0x08001089   Thumb Code   104  strcmpv7m_pel.o(.text)
    _sys_exit                                0x080010f1   Thumb Code     8  sys_exit.o(.text)
    __I$use$semihosting                      0x080010fd   Thumb Code     0  use_no_semi.o(.text)
    __use_no_semihosting_swi                 0x080010fd   Thumb Code     2  use_no_semi.o(.text)
    __semihosting_library_function           0x080010ff   Thumb Code     0  indicate_semi.o(.text)
    _btod_d2e                                0x080010ff   Thumb Code    62  btod.o(CL$$btod_d2e)
    _d2e_denorm_low                          0x0800113d   Thumb Code    70  btod.o(CL$$btod_d2e_denorm_low)
    _d2e_norm_op1                            0x08001183   Thumb Code    96  btod.o(CL$$btod_d2e_norm_op1)
    __btod_div_common                        0x080011e3   Thumb Code   696  btod.o(CL$$btod_div_common)
    _e2e                                     0x0800151b   Thumb Code   220  btod.o(CL$$btod_e2e)
    _btod_ediv                               0x080015f7   Thumb Code    42  btod.o(CL$$btod_ediv)
    _btod_emul                               0x08001621   Thumb Code    42  btod.o(CL$$btod_emul)
    __btod_mult_common                       0x0800164b   Thumb Code   580  btod.o(CL$$btod_mult_common)
    AD5940AMPStructInit                      0x08001891   Thumb Code    84  ad5940main.o(i.AD5940AMPStructInit)
    AD5940ImpedanceStructInit                0x080018f9   Thumb Code   108  ad5940main.o(i.AD5940ImpedanceStructInit)
    AD5940VoltageStructInit                  0x08001b8d   Thumb Code   108  ad5940main.o(i.AD5940VoltageStructInit)
    AD5940_ADCBaseCfgS                       0x08001c09   Thumb Code    20  ad5940.o(i.AD5940_ADCBaseCfgS)
    AD5940_ADCDigCompCfgS                    0x08001c1d   Thumb Code    48  ad5940.o(i.AD5940_ADCDigCompCfgS)
    AD5940_ADCFilterCfgS                     0x08001c4d   Thumb Code    88  ad5940.o(i.AD5940_ADCFilterCfgS)
    AD5940_AFECtrlS                          0x08001ca5   Thumb Code    90  ad5940.o(i.AD5940_AFECtrlS)
    AD5940_AFEPwrBW                          0x08001cff   Thumb Code    12  ad5940.o(i.AD5940_AFEPwrBW)
    AD5940_AGPIOCfg                          0x08001d0b   Thumb Code    40  ad5940.o(i.AD5940_AGPIOCfg)
    AD5940_AGPIOFuncCfg                      0x08001d33   Thumb Code     8  ad5940.o(i.AD5940_AGPIOFuncCfg)
    AD5940_AGPIOIen                          0x08001d3b   Thumb Code     8  ad5940.o(i.AD5940_AGPIOIen)
    AD5940_AGPIOOen                          0x08001d43   Thumb Code     8  ad5940.o(i.AD5940_AGPIOOen)
    AD5940_AGPIOPen                          0x08001d4b   Thumb Code     8  ad5940.o(i.AD5940_AGPIOPen)
    AD5940_CLKCfg                            0x08001d53   Thumb Code   236  ad5940.o(i.AD5940_CLKCfg)
    AD5940_ClksCalculate                     0x08001e41   Thumb Code   366  ad5940.o(i.AD5940_ClksCalculate)
    AD5940_ClrMCUIntFlag                     0x08001fb5   Thumb Code    10  appolloh7port.o(i.AD5940_ClrMCUIntFlag)
    AD5940_ComplexDivInt                     0x08001fc5   Thumb Code    90  ad5940.o(i.AD5940_ComplexDivInt)
    AD5940_ComplexMag                        0x0800201f   Thumb Code    32  ad5940.o(i.AD5940_ComplexMag)
    AD5940_ComplexPhase                      0x0800203f   Thumb Code    28  ad5940.o(i.AD5940_ComplexPhase)
    AD5940_CsClr                             0x0800205d   Thumb Code    10  appolloh7port.o(i.AD5940_CsClr)
    AD5940_CsSet                             0x0800206d   Thumb Code    10  appolloh7port.o(i.AD5940_CsSet)
    AD5940_DFTCfgS                           0x0800207d   Thumb Code    80  ad5940.o(i.AD5940_DFTCfgS)
    AD5940_DSPCfgS                           0x080020cd   Thumb Code    44  ad5940.o(i.AD5940_DSPCfgS)
    AD5940_Delay10us                         0x080020f9   Thumb Code    14  appolloh7port.o(i.AD5940_Delay10us)
    AD5940_EnterSleepS                       0x08002107   Thumb Code    26  ad5940.o(i.AD5940_EnterSleepS)
    AD5940_FIFOCfg                           0x08002121   Thumb Code    86  ad5940.o(i.AD5940_FIFOCfg)
    AD5940_FIFOCtrlS                         0x08002177   Thumb Code    24  ad5940.o(i.AD5940_FIFOCtrlS)
    AD5940_FIFOGetCnt                        0x0800218f   Thumb Code    14  ad5940.o(i.AD5940_FIFOGetCnt)
    AD5940_FIFORd                            0x0800219d   Thumb Code   154  ad5940.o(i.AD5940_FIFORd)
    AD5940_GetMCUIntFlag                     0x08002239   Thumb Code     6  appolloh7port.o(i.AD5940_GetMCUIntFlag)
    AD5940_HFOSC32MHzCtrl                    0x08002245   Thumb Code   120  ad5940.o(i.AD5940_HFOSC32MHzCtrl)
    AD5940_HSDacCfgS                         0x080022bd   Thumb Code    34  ad5940.o(i.AD5940_HSDacCfgS)
    AD5940_HSLoopCfgS                        0x080022df   Thumb Code    36  ad5940.o(i.AD5940_HSLoopCfgS)
    AD5940_HSTIACfgS                         0x08002305   Thumb Code   134  ad5940.o(i.AD5940_HSTIACfgS)
    AD5940_HWReset                           0x08002391   Thumb Code    28  ad5940.o(i.AD5940_HWReset)
    AD5940_INTCCfg                           0x080023ad   Thumb Code    44  ad5940.o(i.AD5940_INTCCfg)
    AD5940_INTCClrFlag                       0x080023d9   Thumb Code    10  ad5940.o(i.AD5940_INTCClrFlag)
    AD5940_INTCGetCfg                        0x080023e5   Thumb Code    18  ad5940.o(i.AD5940_INTCGetCfg)
    AD5940_INTCTestFlag                      0x080023f9   Thumb Code    30  ad5940.o(i.AD5940_INTCTestFlag)
    AD5940_Initialize                        0x08002419   Thumb Code   116  ad5940.o(i.AD5940_Initialize)
    AD5940_LFOSCMeasure                      0x080024e5   Thumb Code   382  ad5940.o(i.AD5940_LFOSCMeasure)
    AD5940_LPAMPCfgS                         0x0800266d   Thumb Code    96  ad5940.o(i.AD5940_LPAMPCfgS)
    AD5940_LPDAC0WriteS                      0x080026cd   Thumb Code    20  ad5940.o(i.AD5940_LPDAC0WriteS)
    AD5940_LPDAC1WriteS                      0x080026e1   Thumb Code    20  ad5940.o(i.AD5940_LPDAC1WriteS)
    AD5940_LPDACCfgS                         0x080026f5   Thumb Code   108  ad5940.o(i.AD5940_LPDACCfgS)
    AD5940_LPLoopCfgS                        0x08002761   Thumb Code    20  ad5940.o(i.AD5940_LPLoopCfgS)
    AD5940_LPRtiaCal                         0x08002775   Thumb Code  1526  ad5940.o(i.AD5940_LPRtiaCal)
    AD5940_MCUResourceInit                   0x08002d71   Thumb Code   294  appolloh7port.o(i.AD5940_MCUResourceInit)
    AD5940_Main_AMP                          0x08002eb5   Thumb Code    64  ad5940main.o(i.AD5940_Main_AMP)
    AD5940_Main_IMP                          0x08002ef9   Thumb Code    64  ad5940main.o(i.AD5940_Main_IMP)
    AD5940_Main_VOL                          0x08002f3d   Thumb Code    64  ad5940main.o(i.AD5940_Main_VOL)
    AD5940_Notch50HzAvailable                0x08002f81   Thumb Code   158  ad5940.o(i.AD5940_Notch50HzAvailable)
    AD5940_Notch60HzAvailable                0x08003049   Thumb Code   140  ad5940.o(i.AD5940_Notch60HzAvailable)
    AD5940_REFCfgS                           0x080030f5   Thumb Code   168  ad5940.o(i.AD5940_REFCfgS)
    AD5940_ReadAfeResult                     0x0800319d   Thumb Code    66  ad5940.o(i.AD5940_ReadAfeResult)
    AD5940_ReadReg                           0x080031e1   Thumb Code    60  ad5940.o(i.AD5940_ReadReg)
    AD5940_ReadWriteNBytes                   0x08003289   Thumb Code    22  appolloh7port.o(i.AD5940_ReadWriteNBytes)
    AD5940_RstClr                            0x080032a5   Thumb Code    10  appolloh7port.o(i.AD5940_RstClr)
    AD5940_RstSet                            0x080032b5   Thumb Code    10  appolloh7port.o(i.AD5940_RstSet)
    AD5940_SEQCfg                            0x080032c5   Thumb Code   112  ad5940.o(i.AD5940_SEQCfg)
    AD5940_SEQCmdWrite                       0x08003335   Thumb Code    46  ad5940.o(i.AD5940_SEQCmdWrite)
    AD5940_SEQCtrlS                          0x08003363   Thumb Code    38  ad5940.o(i.AD5940_SEQCtrlS)
    AD5940_SEQGenCtrl                        0x08003389   Thumb Code    24  ad5940.o(i.AD5940_SEQGenCtrl)
    AD5940_SEQGenFetchSeq                    0x080033a5   Thumb Code    18  ad5940.o(i.AD5940_SEQGenFetchSeq)
    AD5940_SEQGenInit                        0x080033bd   Thumb Code    34  ad5940.o(i.AD5940_SEQGenInit)
    AD5940_SEQGenInsert                      0x080033e5   Thumb Code    38  ad5940.o(i.AD5940_SEQGenInsert)
    AD5940_SEQGetCfg                         0x08003441   Thumb Code    54  ad5940.o(i.AD5940_SEQGetCfg)
    AD5940_SEQGpioCtrlS                      0x08003477   Thumb Code    10  ad5940.o(i.AD5940_SEQGpioCtrlS)
    AD5940_SEQInfoCfg                        0x08003481   Thumb Code   102  ad5940.o(i.AD5940_SEQInfoCfg)
    AD5940_SEQMmrTrig                        0x080034e7   Thumb Code    18  ad5940.o(i.AD5940_SEQMmrTrig)
    AD5940_SEQTimeOutRd                      0x08003531   Thumb Code     8  ad5940.o(i.AD5940_SEQTimeOutRd)
    AD5940_SWMatrixCfgS                      0x080035d5   Thumb Code    60  ad5940.o(i.AD5940_SWMatrixCfgS)
    AD5940_SleepKeyCtrlS                     0x08003611   Thumb Code    10  ad5940.o(i.AD5940_SleepKeyCtrlS)
    AD5940_StatisticCfgS                     0x0800361b   Thumb Code    30  ad5940.o(i.AD5940_StatisticCfgS)
    AD5940_StructInit                        0x08003639   Thumb Code     4  ad5940.o(i.AD5940_StructInit)
    AD5940_SweepNext                         0x0800363d   Thumb Code   276  ad5940.o(i.AD5940_SweepNext)
    AD5940_WGCfgS                            0x08003751   Thumb Code   160  ad5940.o(i.AD5940_WGCfgS)
    AD5940_WGDACCodeS                        0x080037f1   Thumb Code    18  ad5940.o(i.AD5940_WGDACCodeS)
    AD5940_WGFreqCtrlS                       0x08003803   Thumb Code    20  ad5940.o(i.AD5940_WGFreqCtrlS)
    AD5940_WGFreqWordCal                     0x08003819   Thumb Code   118  ad5940.o(i.AD5940_WGFreqWordCal)
    AD5940_WUPTCfg                           0x08003899   Thumb Code   342  ad5940.o(i.AD5940_WUPTCfg)
    AD5940_WUPTCtrl                          0x080039ef   Thumb Code    38  ad5940.o(i.AD5940_WUPTCtrl)
    AD5940_WUPTTime                          0x08003a15   Thumb Code   190  ad5940.o(i.AD5940_WUPTTime)
    AD5940_WakeUp                            0x08003ad3   Thumb Code    42  ad5940.o(i.AD5940_WakeUp)
    AD5940_WriteReg                          0x08003afd   Thumb Code    86  ad5940.o(i.AD5940_WriteReg)
    AMPShowResult                            0x08003b59   Thumb Code    60  ad5940main.o(i.AMPShowResult)
    AppAMPCalcCurrent                        0x08003ba1   Thumb Code    26  amperometric.o(i.AppAMPCalcCurrent)
    AppAMPCalcVoltage                        0x08003bc5   Thumb Code   124  amperometric.o(i.AppAMPCalcVoltage)
    AppAMPCtrl                               0x08003c51   Thumb Code   170  amperometric.o(i.AppAMPCtrl)
    AppAMPGetCfg                             0x08003d01   Thumb Code    16  amperometric.o(i.AppAMPGetCfg)
    AppAMPISR                                0x08003d15   Thumb Code   156  amperometric.o(i.AppAMPISR)
    AppAMPInit                               0x08003db9   Thumb Code   272  amperometric.o(i.AppAMPInit)
    AppIMPCtrl                               0x080041a9   Thumb Code   210  impedance.o(i.AppIMPCtrl)
    AppIMPDataProcess                        0x08004281   Thumb Code   302  impedance.o(i.AppIMPDataProcess)
    AppIMPGetCfg                             0x080043b9   Thumb Code    16  impedance.o(i.AppIMPGetCfg)
    AppIMPISR                                0x080043cd   Thumb Code   100  impedance.o(i.AppIMPISR)
    AppIMPInit                               0x08004435   Thumb Code   240  impedance.o(i.AppIMPInit)
    AppIMPRegModify                          0x08004529   Thumb Code    66  impedance.o(i.AppIMPRegModify)
    AppVOLCtrl                               0x08004925   Thumb Code   128  voltage.o(i.AppVOLCtrl)
    AppVOLDataProcess                        0x080049a9   Thumb Code    28  voltage.o(i.AppVOLDataProcess)
    AppVOLISR                                0x080049c5   Thumb Code   130  voltage.o(i.AppVOLISR)
    AppVOLInit                               0x08004a51   Thumb Code   240  voltage.o(i.AppVOLInit)
    BusFault_Handler                         0x08004e7d   Thumb Code     2  stm32h7xx_it.o(i.BusFault_Handler)
    DebugMon_Handler                         0x08004e7f   Thumb Code     2  stm32h7xx_it.o(i.DebugMon_Handler)
    EXTI9_5_IRQHandler                       0x08004e81   Thumb Code    34  stm32h7xx_it.o(i.EXTI9_5_IRQHandler)
    Error_Handler                            0x08004ea3   Thumb Code     2  main.o(i.Error_Handler)
    HAL_DMA_Abort_IT                         0x08004ea5   Thumb Code   602  stm32h7xx_hal_dma.o(i.HAL_DMA_Abort_IT)
    HAL_Delay                                0x08005129   Thumb Code    32  stm32h7xx_hal.o(i.HAL_Delay)
    HAL_GPIO_EXTI_Callback                   0x0800514d   Thumb Code    12  appolloh7port.o(i.HAL_GPIO_EXTI_Callback)
    HAL_GPIO_EXTI_IRQHandler                 0x0800515d   Thumb Code    24  stm32h7xx_hal_gpio.o(i.HAL_GPIO_EXTI_IRQHandler)
    HAL_GPIO_Init                            0x08005175   Thumb Code   510  stm32h7xx_hal_gpio.o(i.HAL_GPIO_Init)
    HAL_GPIO_WritePin                        0x080053a5   Thumb Code    10  stm32h7xx_hal_gpio.o(i.HAL_GPIO_WritePin)
    HAL_GetREVID                             0x080053b1   Thumb Code     8  stm32h7xx_hal.o(i.HAL_GetREVID)
    HAL_GetTick                              0x080053bd   Thumb Code     6  stm32h7xx_hal.o(i.HAL_GetTick)
    HAL_IncTick                              0x080053c9   Thumb Code    12  stm32h7xx_hal.o(i.HAL_IncTick)
    HAL_Init                                 0x080053d9   Thumb Code    74  stm32h7xx_hal.o(i.HAL_Init)
    HAL_InitTick                             0x08005435   Thumb Code    56  stm32h7xx_hal.o(i.HAL_InitTick)
    HAL_MspInit                              0x08005475   Thumb Code    22  stm32h7xx_hal_msp.o(i.HAL_MspInit)
    HAL_NVIC_EnableIRQ                       0x08005491   Thumb Code    26  stm32h7xx_hal_cortex.o(i.HAL_NVIC_EnableIRQ)
    HAL_NVIC_SetPriority                     0x080054ad   Thumb Code    60  stm32h7xx_hal_cortex.o(i.HAL_NVIC_SetPriority)
    HAL_NVIC_SetPriorityGrouping             0x080054ed   Thumb Code    28  stm32h7xx_hal_cortex.o(i.HAL_NVIC_SetPriorityGrouping)
    HAL_PWREx_ConfigSupply                   0x08005511   Thumb Code    78  stm32h7xx_hal_pwr_ex.o(i.HAL_PWREx_ConfigSupply)
    HAL_RCCEx_GetD3PCLK1Freq                 0x08005565   Thumb Code    26  stm32h7xx_hal_rcc_ex.o(i.HAL_RCCEx_GetD3PCLK1Freq)
    HAL_RCCEx_GetPLL2ClockFreq               0x08005589   Thumb Code   296  stm32h7xx_hal_rcc_ex.o(i.HAL_RCCEx_GetPLL2ClockFreq)
    HAL_RCCEx_GetPLL3ClockFreq               0x080056cd   Thumb Code   296  stm32h7xx_hal_rcc_ex.o(i.HAL_RCCEx_GetPLL3ClockFreq)
    HAL_RCCEx_PeriphCLKConfig                0x08005811   Thumb Code  2234  stm32h7xx_hal_rcc_ex.o(i.HAL_RCCEx_PeriphCLKConfig)
    HAL_RCC_ClockConfig                      0x080060cd   Thumb Code   580  stm32h7xx_hal_rcc.o(i.HAL_RCC_ClockConfig)
    HAL_RCC_GetHCLKFreq                      0x08006329   Thumb Code    52  stm32h7xx_hal_rcc.o(i.HAL_RCC_GetHCLKFreq)
    HAL_RCC_GetPCLK1Freq                     0x0800636d   Thumb Code    26  stm32h7xx_hal_rcc.o(i.HAL_RCC_GetPCLK1Freq)
    HAL_RCC_GetPCLK2Freq                     0x08006391   Thumb Code    26  stm32h7xx_hal_rcc.o(i.HAL_RCC_GetPCLK2Freq)
    HAL_RCC_GetSysClockFreq                  0x080063b5   Thumb Code   278  stm32h7xx_hal_rcc.o(i.HAL_RCC_GetSysClockFreq)
    HAL_RCC_OscConfig                        0x080064ed   Thumb Code  1282  stm32h7xx_hal_rcc.o(i.HAL_RCC_OscConfig)
    HAL_SPI_Init                             0x080069f5   Thumb Code   308  stm32h7xx_hal_spi.o(i.HAL_SPI_Init)
    HAL_SPI_MspInit                          0x08006b35   Thumb Code   130  spi.o(i.HAL_SPI_MspInit)
    HAL_SPI_TransmitReceive                  0x08006bc9   Thumb Code   800  stm32h7xx_hal_spi.o(i.HAL_SPI_TransmitReceive)
    HAL_SYSTICK_Config                       0x08006ee9   Thumb Code    38  stm32h7xx_hal_cortex.o(i.HAL_SYSTICK_Config)
    HAL_UARTEx_DisableFifoMode               0x08006f0f   Thumb Code    64  stm32h7xx_hal_uart_ex.o(i.HAL_UARTEx_DisableFifoMode)
    HAL_UARTEx_RxFifoFullCallback            0x08006f4f   Thumb Code     2  stm32h7xx_hal_uart_ex.o(i.HAL_UARTEx_RxFifoFullCallback)
    HAL_UARTEx_SetRxFifoThreshold            0x08006f51   Thumb Code    76  stm32h7xx_hal_uart_ex.o(i.HAL_UARTEx_SetRxFifoThreshold)
    HAL_UARTEx_SetTxFifoThreshold            0x08006f9d   Thumb Code    76  stm32h7xx_hal_uart_ex.o(i.HAL_UARTEx_SetTxFifoThreshold)
    HAL_UARTEx_TxFifoEmptyCallback           0x08006fe9   Thumb Code     2  stm32h7xx_hal_uart_ex.o(i.HAL_UARTEx_TxFifoEmptyCallback)
    HAL_UARTEx_WakeupCallback                0x08006feb   Thumb Code     2  stm32h7xx_hal_uart_ex.o(i.HAL_UARTEx_WakeupCallback)
    HAL_UART_ErrorCallback                   0x08006fed   Thumb Code     2  stm32h7xx_hal_uart.o(i.HAL_UART_ErrorCallback)
    HAL_UART_IRQHandler                      0x08006ff1   Thumb Code   436  stm32h7xx_hal_uart.o(i.HAL_UART_IRQHandler)
    HAL_UART_Init                            0x080071b1   Thumb Code   106  stm32h7xx_hal_uart.o(i.HAL_UART_Init)
    HAL_UART_MspInit                         0x0800721d   Thumb Code   186  usart.o(i.HAL_UART_MspInit)
    HAL_UART_Receive_IT                      0x080072ed   Thumb Code   232  stm32h7xx_hal_uart.o(i.HAL_UART_Receive_IT)
    HAL_UART_RxCpltCallback                  0x080073e5   Thumb Code    42  main.o(i.HAL_UART_RxCpltCallback)
    HAL_UART_Transmit                        0x08007419   Thumb Code   190  stm32h7xx_hal_uart.o(i.HAL_UART_Transmit)
    HAL_UART_TxCpltCallback                  0x080074d7   Thumb Code     2  stm32h7xx_hal_uart.o(i.HAL_UART_TxCpltCallback)
    HardFault_Handler                        0x080074d9   Thumb Code     2  stm32h7xx_it.o(i.HardFault_Handler)
    ImpedanceShowResult                      0x080074dd   Thumb Code   126  ad5940main.o(i.ImpedanceShowResult)
    MX_GPIO_Init                             0x0800757d   Thumb Code   152  gpio.o(i.MX_GPIO_Init)
    MX_SPI3_Init                             0x08007625   Thumb Code    84  spi.o(i.MX_SPI3_Init)
    MX_USART1_UART_Init                      0x08007681   Thumb Code    94  usart.o(i.MX_USART1_UART_Init)
    MX_USART3_UART_Init                      0x080076e9   Thumb Code    94  usart.o(i.MX_USART3_UART_Init)
    MemManage_Handler                        0x08007751   Thumb Code     2  stm32h7xx_it.o(i.MemManage_Handler)
    NMI_Handler                              0x08007753   Thumb Code     2  stm32h7xx_it.o(i.NMI_Handler)
    PendSV_Handler                           0x08007755   Thumb Code     2  stm32h7xx_it.o(i.PendSV_Handler)
    SVC_Handler                              0x08007a97   Thumb Code     2  stm32h7xx_it.o(i.SVC_Handler)
    SysTick_Handler                          0x08007a99   Thumb Code     4  stm32h7xx_it.o(i.SysTick_Handler)
    SystemClock_Config                       0x08007a9d   Thumb Code   170  main.o(i.SystemClock_Config)
    SystemInit                               0x08007b51   Thumb Code   188  system_stm32h7xx.o(i.SystemInit)
    UART_AdvFeatureConfig                    0x08007c99   Thumb Code   200  stm32h7xx_hal_uart.o(i.UART_AdvFeatureConfig)
    UART_CheckIdleState                      0x08007d61   Thumb Code    94  stm32h7xx_hal_uart.o(i.UART_CheckIdleState)
    UART_SetConfig                           0x08008005   Thumb Code   878  stm32h7xx_hal_uart.o(i.UART_SetConfig)
    UART_WaitOnFlagUntilTimeout              0x080083b5   Thumb Code   164  stm32h7xx_hal_uart.o(i.UART_WaitOnFlagUntilTimeout)
    USART1_IRQHandler                        0x08008459   Thumb Code     6  stm32h7xx_it.o(i.USART1_IRQHandler)
    USART3_IRQHandler                        0x08008465   Thumb Code     6  stm32h7xx_it.o(i.USART3_IRQHandler)
    UsageFault_Handler                       0x08008471   Thumb Code     2  stm32h7xx_it.o(i.UsageFault_Handler)
    VoltageShowResult                        0x08008475   Thumb Code    40  ad5940main.o(i.VoltageShowResult)
    __ARM_fpclassify                         0x08008531   Thumb Code    48  fpclassify.o(i.__ARM_fpclassify)
    __hardfp_atan                            0x08008589   Thumb Code   402  atan.o(i.__hardfp_atan)
    __hardfp_atan2                           0x08008789   Thumb Code   380  atan2.o(i.__hardfp_atan2)
    __hardfp_log                             0x08008949   Thumb Code   480  log.o(i.__hardfp_log)
    __hardfp_log10                           0x08008b89   Thumb Code   214  log10.o(i.__hardfp_log10)
    __hardfp_pow                             0x08008c89   Thumb Code  2140  pow.o(i.__hardfp_pow)
    __hardfp_sqrt                            0x08009581   Thumb Code   102  sqrt.o(i.__hardfp_sqrt)
    __kernel_poly                            0x080095e7   Thumb Code   112  poly.o(i.__kernel_poly)
    __mathlib_dbl_divzero                    0x08009659   Thumb Code    14  dunder.o(i.__mathlib_dbl_divzero)
    __mathlib_dbl_infnan                     0x08009679   Thumb Code     6  dunder.o(i.__mathlib_dbl_infnan)
    __mathlib_dbl_infnan2                    0x0800967f   Thumb Code     6  dunder.o(i.__mathlib_dbl_infnan2)
    __mathlib_dbl_invalid                    0x08009689   Thumb Code    10  dunder.o(i.__mathlib_dbl_invalid)
    __mathlib_dbl_overflow                   0x080096a1   Thumb Code    10  dunder.o(i.__mathlib_dbl_overflow)
    __mathlib_dbl_underflow                  0x080096b9   Thumb Code    10  dunder.o(i.__mathlib_dbl_underflow)
    _is_digit                                0x080096d1   Thumb Code    14  __printf_wp.o(i._is_digit)
    atan                                     0x080096fb   Thumb Code    16  atan.o(i.atan)
    fabs                                     0x0800970b   Thumb Code    24  fabs.o(i.fabs)
    fputc                                    0x08009725   Thumb Code    14  usart.o(i.fputc)
    get_APPVOLGetCfg                         0x08009739   Thumb Code    16  voltage.o(i.get_APPVOLGetCfg)
    log                                      0x0800974d   Thumb Code    16  log.o(i.log)
    main                                     0x0800975d   Thumb Code    94  main.o(i.main)
    sqrt                                     0x080097f1   Thumb Code   106  sqrt.o(i.sqrt)
    _get_lc_numeric                          0x0800985d   Thumb Code    44  lc_numeric_c.o(locale$$code)
    __fpl_dcheck_NaN1                        0x08009889   Thumb Code    10  dcheck1.o(x$fpl$dcheck1)
    __aeabi_ul2f                             0x08009899   Thumb Code     0  ffltll_clz.o(x$fpl$ffltll)
    _ll_uto_f                                0x08009899   Thumb Code     6  ffltll_clz.o(x$fpl$ffltll)
    __aeabi_l2f                              0x0800989f   Thumb Code     0  ffltll_clz.o(x$fpl$ffltll)
    _ll_sto_f                                0x0800989f   Thumb Code    90  ffltll_clz.o(x$fpl$ffltll)
    _fp_init                                 0x080098f9   Thumb Code    10  fpinit.o(x$fpl$fpinit)
    __fplib_config_fpu_vfp                   0x08009901   Thumb Code     0  fpinit.o(x$fpl$fpinit)
    __fplib_config_pureend_doubles           0x08009901   Thumb Code     0  fpinit.o(x$fpl$fpinit)
    _printf_fp_dec                           0x08009903   Thumb Code     4  printf1.o(x$fpl$printf1)
    __fpl_return_NaN                         0x08009907   Thumb Code   100  retnan.o(x$fpl$retnan)
    __ARM_scalbn                             0x0800996b   Thumb Code    92  scalbn.o(x$fpl$scalbn)
    __fpl_cmpreturn                          0x080099c7   Thumb Code    48  trapv.o(x$fpl$trapveneer)
    UARTPrescTable                           0x080099f6   Data          24  stm32h7xx_hal_uart.o(.constdata)
    __I$use$fp                               0x080099f6   Number         0  usenofp.o(x$fpl$usenofp)
    D1CorePrescTable                         0x08009a0e   Data          16  system_stm32h7xx.o(.constdata)
    __mathlib_zero                           0x08009d58   Data           8  qnan.o(.constdata)
    Region$$Table$$Base                      0x08009df4   Number         0  anon$$obj.o(Region$$Table)
    Region$$Table$$Limit                     0x08009e14   Number         0  anon$$obj.o(Region$$Table)
    LFOSCFreq                                0x24000004   Data           4  ad5940main.o(.data)
    AppIMPCfg                                0x24000008   Data         204  impedance.o(.data)
    AppAMPCfg                                0x240000d4   Data         160  amperometric.o(.data)
    AppVOLCfg                                0x24000174   Data         204  voltage.o(.data)
    aRxBuffer1                               0x24000240   Data           1  main.o(.data)
    aRxBuffer3                               0x24000241   Data           1  main.o(.data)
    choose                                   0x24000244   Data           4  main.o(.data)
    __stdout                                 0x24000248   Data           4  usart.o(.data)
    uwTickFreq                               0x2400024c   Data           1  stm32h7xx_hal.o(.data)
    uwTickPrio                               0x24000250   Data           4  stm32h7xx_hal.o(.data)
    uwTick                                   0x24000254   Data           4  stm32h7xx_hal.o(.data)
    SystemCoreClock                          0x24000258   Data           4  system_stm32h7xx.o(.data)
    SystemD2Clock                            0x2400025c   Data           4  system_stm32h7xx.o(.data)
    SpiHandle                                0x24000264   Data         136  appolloh7port.o(.bss)
    AppBuff                                  0x240002ec   Data        2048  ad5940main.o(.bss)
    hspi3                                    0x24000aec   Data         136  spi.o(.bss)
    huart1                                   0x24000b74   Data         140  usart.o(.bss)
    huart3                                   0x24000c00   Data         140  usart.o(.bss)
    SeqGenDB                                 0x24000c8c   Data          28  ad5940.o(.bss)
    __libspace_start                         0x24000ca8   Data          96  libspace.o(.bss)
    __temporary_stack_top$libspace           0x24000d08   Data           0  libspace.o(.bss)



==============================================================================

Memory Map of the image

  Image Entry point : 0x08000299

  Load Region LR_IROM1 (Base: 0x08000000, Size: 0x0000a094, Max: 0x00200000, ABSOLUTE, COMPRESSED[0x00009ed4])

    Execution Region ER_IROM1 (Exec base: 0x08000000, Load base: 0x08000000, Size: 0x00009e30, Max: 0x00200000, ABSOLUTE)

    Exec Addr    Load Addr    Size         Type   Attr      Idx    E Section Name        Object

    0x08000000   0x08000000   0x00000298   Data   RO            3    RESET               startup_stm32h743xx.o
    0x08000298   0x08000298   0x00000008   Code   RO         4873  * !!!main             c_w.l(__main.o)
    0x080002a0   0x080002a0   0x00000034   Code   RO         5223    !!!scatter          c_w.l(__scatter.o)
    0x080002d4   0x080002d4   0x0000005a   Code   RO         5221    !!dczerorl2         c_w.l(__dczerorl2.o)
    0x0800032e   0x0800032e   0x00000002   PAD
    0x08000330   0x08000330   0x0000001c   Code   RO         5225    !!handler_zi        c_w.l(__scatter_zi.o)
    0x0800034c   0x0800034c   0x00000000   Code   RO         4864    .ARM.Collect$$_printf_percent$$00000000  c_w.l(_printf_percent.o)
    0x0800034c   0x0800034c   0x00000006   Code   RO         4863    .ARM.Collect$$_printf_percent$$00000003  c_w.l(_printf_f.o)
    0x08000352   0x08000352   0x00000006   Code   RO         4862    .ARM.Collect$$_printf_percent$$00000009  c_w.l(_printf_d.o)
    0x08000358   0x08000358   0x00000006   Code   RO         4861    .ARM.Collect$$_printf_percent$$0000000C  c_w.l(_printf_x.o)
    0x0800035e   0x0800035e   0x00000006   Code   RO         4860    .ARM.Collect$$_printf_percent$$00000014  c_w.l(_printf_s.o)
    0x08000364   0x08000364   0x00000004   Code   RO         4944    .ARM.Collect$$_printf_percent$$00000017  c_w.l(_printf_percent_end.o)
    0x08000368   0x08000368   0x00000002   Code   RO         5090    .ARM.Collect$$libinit$$00000000  c_w.l(libinit.o)
    0x0800036a   0x0800036a   0x00000004   Code   RO         5091    .ARM.Collect$$libinit$$00000001  c_w.l(libinit2.o)
    0x0800036e   0x0800036e   0x00000000   Code   RO         5094    .ARM.Collect$$libinit$$00000004  c_w.l(libinit2.o)
    0x0800036e   0x0800036e   0x00000000   Code   RO         5097    .ARM.Collect$$libinit$$0000000A  c_w.l(libinit2.o)
    0x0800036e   0x0800036e   0x00000000   Code   RO         5099    .ARM.Collect$$libinit$$0000000C  c_w.l(libinit2.o)
    0x0800036e   0x0800036e   0x00000000   Code   RO         5101    .ARM.Collect$$libinit$$0000000E  c_w.l(libinit2.o)
    0x0800036e   0x0800036e   0x00000006   Code   RO         5102    .ARM.Collect$$libinit$$0000000F  c_w.l(libinit2.o)
    0x08000374   0x08000374   0x00000000   Code   RO         5104    .ARM.Collect$$libinit$$00000011  c_w.l(libinit2.o)
    0x08000374   0x08000374   0x00000000   Code   RO         5106    .ARM.Collect$$libinit$$00000013  c_w.l(libinit2.o)
    0x08000374   0x08000374   0x00000000   Code   RO         5108    .ARM.Collect$$libinit$$00000015  c_w.l(libinit2.o)
    0x08000374   0x08000374   0x0000000a   Code   RO         5109    .ARM.Collect$$libinit$$00000016  c_w.l(libinit2.o)
    0x0800037e   0x0800037e   0x00000000   Code   RO         5110    .ARM.Collect$$libinit$$00000017  c_w.l(libinit2.o)
    0x0800037e   0x0800037e   0x00000000   Code   RO         5112    .ARM.Collect$$libinit$$00000019  c_w.l(libinit2.o)
    0x0800037e   0x0800037e   0x00000000   Code   RO         5114    .ARM.Collect$$libinit$$0000001B  c_w.l(libinit2.o)
    0x0800037e   0x0800037e   0x00000000   Code   RO         5116    .ARM.Collect$$libinit$$0000001D  c_w.l(libinit2.o)
    0x0800037e   0x0800037e   0x00000000   Code   RO         5118    .ARM.Collect$$libinit$$0000001F  c_w.l(libinit2.o)
    0x0800037e   0x0800037e   0x00000000   Code   RO         5120    .ARM.Collect$$libinit$$00000021  c_w.l(libinit2.o)
    0x0800037e   0x0800037e   0x00000000   Code   RO         5122    .ARM.Collect$$libinit$$00000023  c_w.l(libinit2.o)
    0x0800037e   0x0800037e   0x00000000   Code   RO         5124    .ARM.Collect$$libinit$$00000025  c_w.l(libinit2.o)
    0x0800037e   0x0800037e   0x00000000   Code   RO         5128    .ARM.Collect$$libinit$$0000002C  c_w.l(libinit2.o)
    0x0800037e   0x0800037e   0x00000000   Code   RO         5130    .ARM.Collect$$libinit$$0000002E  c_w.l(libinit2.o)
    0x0800037e   0x0800037e   0x00000000   Code   RO         5132    .ARM.Collect$$libinit$$00000030  c_w.l(libinit2.o)
    0x0800037e   0x0800037e   0x00000000   Code   RO         5134    .ARM.Collect$$libinit$$00000032  c_w.l(libinit2.o)
    0x0800037e   0x0800037e   0x00000002   Code   RO         5135    .ARM.Collect$$libinit$$00000033  c_w.l(libinit2.o)
    0x08000380   0x08000380   0x00000002   Code   RO         5186    .ARM.Collect$$libshutdown$$00000000  c_w.l(libshutdown.o)
    0x08000382   0x08000382   0x00000000   Code   RO         5204    .ARM.Collect$$libshutdown$$00000002  c_w.l(libshutdown2.o)
    0x08000382   0x08000382   0x00000000   Code   RO         5206    .ARM.Collect$$libshutdown$$00000004  c_w.l(libshutdown2.o)
    0x08000382   0x08000382   0x00000000   Code   RO         5209    .ARM.Collect$$libshutdown$$00000007  c_w.l(libshutdown2.o)
    0x08000382   0x08000382   0x00000000   Code   RO         5212    .ARM.Collect$$libshutdown$$0000000A  c_w.l(libshutdown2.o)
    0x08000382   0x08000382   0x00000000   Code   RO         5214    .ARM.Collect$$libshutdown$$0000000C  c_w.l(libshutdown2.o)
    0x08000382   0x08000382   0x00000000   Code   RO         5217    .ARM.Collect$$libshutdown$$0000000F  c_w.l(libshutdown2.o)
    0x08000382   0x08000382   0x00000002   Code   RO         5218    .ARM.Collect$$libshutdown$$00000010  c_w.l(libshutdown2.o)
    0x08000384   0x08000384   0x00000000   Code   RO         4929    .ARM.Collect$$rtentry$$00000000  c_w.l(__rtentry.o)
    0x08000384   0x08000384   0x00000000   Code   RO         5002    .ARM.Collect$$rtentry$$00000002  c_w.l(__rtentry2.o)
    0x08000384   0x08000384   0x00000006   Code   RO         5014    .ARM.Collect$$rtentry$$00000004  c_w.l(__rtentry4.o)
    0x0800038a   0x0800038a   0x00000000   Code   RO         5004    .ARM.Collect$$rtentry$$00000009  c_w.l(__rtentry2.o)
    0x0800038a   0x0800038a   0x00000004   Code   RO         5005    .ARM.Collect$$rtentry$$0000000A  c_w.l(__rtentry2.o)
    0x0800038e   0x0800038e   0x00000000   Code   RO         5007    .ARM.Collect$$rtentry$$0000000C  c_w.l(__rtentry2.o)
    0x0800038e   0x0800038e   0x00000008   Code   RO         5008    .ARM.Collect$$rtentry$$0000000D  c_w.l(__rtentry2.o)
    0x08000396   0x08000396   0x00000002   Code   RO         5138    .ARM.Collect$$rtexit$$00000000  c_w.l(rtexit.o)
    0x08000398   0x08000398   0x00000000   Code   RO         5155    .ARM.Collect$$rtexit$$00000002  c_w.l(rtexit2.o)
    0x08000398   0x08000398   0x00000004   Code   RO         5156    .ARM.Collect$$rtexit$$00000003  c_w.l(rtexit2.o)
    0x0800039c   0x0800039c   0x00000006   Code   RO         5157    .ARM.Collect$$rtexit$$00000004  c_w.l(rtexit2.o)
    0x080003a2   0x080003a2   0x00000002   PAD
    0x080003a4   0x080003a4   0x00000040   Code   RO            4    .text               startup_stm32h743xx.o
    0x080003e4   0x080003e4   0x000000ee   Code   RO         4803    .text               c_w.l(lludivv7m.o)
    0x080004d2   0x080004d2   0x00000026   Code   RO         4805    .text               c_w.l(llshl.o)
    0x080004f8   0x080004f8   0x00000018   Code   RO         4809    .text               c_w.l(noretval__2printf.o)
    0x08000510   0x08000510   0x0000004e   Code   RO         4813    .text               c_w.l(_printf_pad.o)
    0x0800055e   0x0800055e   0x00000052   Code   RO         4815    .text               c_w.l(_printf_str.o)
    0x080005b0   0x080005b0   0x00000078   Code   RO         4817    .text               c_w.l(_printf_dec.o)
    0x08000628   0x08000628   0x00000058   Code   RO         4822    .text               c_w.l(_printf_hex_int.o)
    0x08000680   0x08000680   0x00000138   Code   RO         4852    .text               c_w.l(__printf_flags_wp.o)
    0x080007b8   0x080007b8   0x00000064   Code   RO         4865    .text               c_w.l(rt_memcpy_w.o)
    0x0800081c   0x0800081c   0x00000044   Code   RO         4867    .text               c_w.l(rt_memclr.o)
    0x08000860   0x08000860   0x0000004e   Code   RO         4869    .text               c_w.l(rt_memclr_w.o)
    0x080008ae   0x080008ae   0x00000006   Code   RO         4871    .text               c_w.l(heapauxi.o)
    0x080008b4   0x080008b4   0x00000016   Code   RO         4934    .text               c_w.l(_rserrno.o)
    0x080008ca   0x080008ca   0x000000b2   Code   RO         4936    .text               c_w.l(_printf_intcommon.o)
    0x0800097c   0x0800097c   0x0000041e   Code   RO         4938    .text               c_w.l(_printf_fp_dec.o)
    0x08000d9a   0x08000d9a   0x0000002c   Code   RO         4940    .text               c_w.l(_printf_char.o)
    0x08000dc6   0x08000dc6   0x00000002   PAD
    0x08000dc8   0x08000dc8   0x00000024   Code   RO         4942    .text               c_w.l(_printf_char_file.o)
    0x08000dec   0x08000dec   0x00000008   Code   RO         5021    .text               c_w.l(rt_locale_intlibspace.o)
    0x08000df4   0x08000df4   0x00000008   Code   RO         5026    .text               c_w.l(rt_errno_addr_intlibspace.o)
    0x08000dfc   0x08000dfc   0x0000008a   Code   RO         5028    .text               c_w.l(lludiv10.o)
    0x08000e86   0x08000e86   0x00000002   PAD
    0x08000e88   0x08000e88   0x00000030   Code   RO         5030    .text               c_w.l(_printf_char_common.o)
    0x08000eb8   0x08000eb8   0x00000080   Code   RO         5032    .text               c_w.l(_printf_fp_infnan.o)
    0x08000f38   0x08000f38   0x000000e4   Code   RO         5034    .text               c_w.l(bigflt0.o)
    0x0800101c   0x0800101c   0x00000008   Code   RO         5059    .text               c_w.l(ferror.o)
    0x08001024   0x08001024   0x00000008   Code   RO         5070    .text               c_w.l(libspace.o)
    0x0800102c   0x0800102c   0x0000004a   Code   RO         5073    .text               c_w.l(sys_stackheap_outer.o)
    0x08001076   0x08001076   0x00000012   Code   RO         5077    .text               c_w.l(exit.o)
    0x08001088   0x08001088   0x00000068   Code   RO         5083    .text               c_w.l(strcmpv7m_pel.o)
    0x080010f0   0x080010f0   0x0000000c   Code   RO         5152    .text               c_w.l(sys_exit.o)
    0x080010fc   0x080010fc   0x00000002   Code   RO         5173    .text               c_w.l(use_no_semi.o)
    0x080010fe   0x080010fe   0x00000000   Code   RO         5175    .text               c_w.l(indicate_semi.o)
    0x080010fe   0x080010fe   0x0000003e   Code   RO         5037    CL$$btod_d2e        c_w.l(btod.o)
    0x0800113c   0x0800113c   0x00000046   Code   RO         5039    CL$$btod_d2e_denorm_low  c_w.l(btod.o)
    0x08001182   0x08001182   0x00000060   Code   RO         5038    CL$$btod_d2e_norm_op1  c_w.l(btod.o)
    0x080011e2   0x080011e2   0x00000338   Code   RO         5047    CL$$btod_div_common  c_w.l(btod.o)
    0x0800151a   0x0800151a   0x000000dc   Code   RO         5044    CL$$btod_e2e        c_w.l(btod.o)
    0x080015f6   0x080015f6   0x0000002a   Code   RO         5041    CL$$btod_ediv       c_w.l(btod.o)
    0x08001620   0x08001620   0x0000002a   Code   RO         5040    CL$$btod_emul       c_w.l(btod.o)
    0x0800164a   0x0800164a   0x00000244   Code   RO         5046    CL$$btod_mult_common  c_w.l(btod.o)
    0x0800188e   0x0800188e   0x00000002   PAD
    0x08001890   0x08001890   0x00000068   Code   RO          213    i.AD5940AMPStructInit  ad5940main.o
    0x080018f8   0x080018f8   0x0000007c   Code   RO          214    i.AD5940ImpedanceStructInit  ad5940main.o
    0x08001974   0x08001974   0x000000f0   Code   RO          215    i.AD5940PlatformCfg_AMP  ad5940main.o
    0x08001a64   0x08001a64   0x00000094   Code   RO          216    i.AD5940PlatformCfg_IMP  ad5940main.o
    0x08001af8   0x08001af8   0x00000094   Code   RO          217    i.AD5940PlatformCfg_VOL  ad5940main.o
    0x08001b8c   0x08001b8c   0x0000007c   Code   RO          218    i.AD5940VoltageStructInit  ad5940main.o
    0x08001c08   0x08001c08   0x00000014   Code   RO         4128    i.AD5940_ADCBaseCfgS  ad5940.o
    0x08001c1c   0x08001c1c   0x00000030   Code   RO         4131    i.AD5940_ADCDigCompCfgS  ad5940.o
    0x08001c4c   0x08001c4c   0x00000058   Code   RO         4132    i.AD5940_ADCFilterCfgS  ad5940.o
    0x08001ca4   0x08001ca4   0x0000005a   Code   RO         4137    i.AD5940_AFECtrlS   ad5940.o
    0x08001cfe   0x08001cfe   0x0000000c   Code   RO         4138    i.AD5940_AFEPwrBW   ad5940.o
    0x08001d0a   0x08001d0a   0x00000028   Code   RO         4139    i.AD5940_AGPIOCfg   ad5940.o
    0x08001d32   0x08001d32   0x00000008   Code   RO         4141    i.AD5940_AGPIOFuncCfg  ad5940.o
    0x08001d3a   0x08001d3a   0x00000008   Code   RO         4142    i.AD5940_AGPIOIen   ad5940.o
    0x08001d42   0x08001d42   0x00000008   Code   RO         4144    i.AD5940_AGPIOOen   ad5940.o
    0x08001d4a   0x08001d4a   0x00000008   Code   RO         4145    i.AD5940_AGPIOPen   ad5940.o
    0x08001d52   0x08001d52   0x000000ec   Code   RO         4148    i.AD5940_CLKCfg     ad5940.o
    0x08001e3e   0x08001e3e   0x00000002   PAD
    0x08001e40   0x08001e40   0x00000174   Code   RO         4149    i.AD5940_ClksCalculate  ad5940.o
    0x08001fb4   0x08001fb4   0x00000010   Code   RO           13    i.AD5940_ClrMCUIntFlag  appolloh7port.o
    0x08001fc4   0x08001fc4   0x0000005a   Code   RO         4152    i.AD5940_ComplexDivInt  ad5940.o
    0x0800201e   0x0800201e   0x00000020   Code   RO         4153    i.AD5940_ComplexMag  ad5940.o
    0x0800203e   0x0800203e   0x0000001c   Code   RO         4156    i.AD5940_ComplexPhase  ad5940.o
    0x0800205a   0x0800205a   0x00000002   PAD
    0x0800205c   0x0800205c   0x00000010   Code   RO           14    i.AD5940_CsClr      appolloh7port.o
    0x0800206c   0x0800206c   0x00000010   Code   RO           15    i.AD5940_CsSet      appolloh7port.o
    0x0800207c   0x0800207c   0x00000050   Code   RO         4158    i.AD5940_DFTCfgS    ad5940.o
    0x080020cc   0x080020cc   0x0000002c   Code   RO         4159    i.AD5940_DSPCfgS    ad5940.o
    0x080020f8   0x080020f8   0x0000000e   Code   RO           16    i.AD5940_Delay10us  appolloh7port.o
    0x08002106   0x08002106   0x0000001a   Code   RO         4160    i.AD5940_EnterSleepS  ad5940.o
    0x08002120   0x08002120   0x00000056   Code   RO         4161    i.AD5940_FIFOCfg    ad5940.o
    0x08002176   0x08002176   0x00000018   Code   RO         4162    i.AD5940_FIFOCtrlS  ad5940.o
    0x0800218e   0x0800218e   0x0000000e   Code   RO         4164    i.AD5940_FIFOGetCnt  ad5940.o
    0x0800219c   0x0800219c   0x0000009a   Code   RO         4165    i.AD5940_FIFORd     ad5940.o
    0x08002236   0x08002236   0x00000002   PAD
    0x08002238   0x08002238   0x0000000c   Code   RO           17    i.AD5940_GetMCUIntFlag  appolloh7port.o
    0x08002244   0x08002244   0x00000078   Code   RO         4169    i.AD5940_HFOSC32MHzCtrl  ad5940.o
    0x080022bc   0x080022bc   0x00000022   Code   RO         4171    i.AD5940_HSDacCfgS  ad5940.o
    0x080022de   0x080022de   0x00000024   Code   RO         4172    i.AD5940_HSLoopCfgS  ad5940.o
    0x08002302   0x08002302   0x00000002   PAD
    0x08002304   0x08002304   0x0000008c   Code   RO         4175    i.AD5940_HSTIACfgS  ad5940.o
    0x08002390   0x08002390   0x0000001c   Code   RO         4177    i.AD5940_HWReset    ad5940.o
    0x080023ac   0x080023ac   0x0000002c   Code   RO         4178    i.AD5940_INTCCfg    ad5940.o
    0x080023d8   0x080023d8   0x0000000a   Code   RO         4179    i.AD5940_INTCClrFlag  ad5940.o
    0x080023e2   0x080023e2   0x00000002   PAD
    0x080023e4   0x080023e4   0x00000012   Code   RO         4180    i.AD5940_INTCGetCfg  ad5940.o
    0x080023f6   0x080023f6   0x00000002   PAD
    0x080023f8   0x080023f8   0x0000001e   Code   RO         4182    i.AD5940_INTCTestFlag  ad5940.o
    0x08002416   0x08002416   0x00000002   PAD
    0x08002418   0x08002418   0x000000cc   Code   RO         4183    i.AD5940_Initialize  ad5940.o
    0x080024e4   0x080024e4   0x00000188   Code   RO         4184    i.AD5940_LFOSCMeasure  ad5940.o
    0x0800266c   0x0800266c   0x00000060   Code   RO         4185    i.AD5940_LPAMPCfgS  ad5940.o
    0x080026cc   0x080026cc   0x00000014   Code   RO         4186    i.AD5940_LPDAC0WriteS  ad5940.o
    0x080026e0   0x080026e0   0x00000014   Code   RO         4187    i.AD5940_LPDAC1WriteS  ad5940.o
    0x080026f4   0x080026f4   0x0000006c   Code   RO         4189    i.AD5940_LPDACCfgS  ad5940.o
    0x08002760   0x08002760   0x00000014   Code   RO         4191    i.AD5940_LPLoopCfgS  ad5940.o
    0x08002774   0x08002774   0x000005fc   Code   RO         4195    i.AD5940_LPRtiaCal  ad5940.o
    0x08002d70   0x08002d70   0x00000144   Code   RO           18    i.AD5940_MCUResourceInit  appolloh7port.o
    0x08002eb4   0x08002eb4   0x00000044   Code   RO          219    i.AD5940_Main_AMP   ad5940main.o
    0x08002ef8   0x08002ef8   0x00000044   Code   RO          220    i.AD5940_Main_IMP   ad5940main.o
    0x08002f3c   0x08002f3c   0x00000044   Code   RO          221    i.AD5940_Main_VOL   ad5940main.o
    0x08002f80   0x08002f80   0x000000c8   Code   RO         4197    i.AD5940_Notch50HzAvailable  ad5940.o
    0x08003048   0x08003048   0x000000ac   Code   RO         4198    i.AD5940_Notch60HzAvailable  ad5940.o
    0x080030f4   0x080030f4   0x000000a8   Code   RO         4199    i.AD5940_REFCfgS    ad5940.o
    0x0800319c   0x0800319c   0x00000042   Code   RO         4200    i.AD5940_ReadAfeResult  ad5940.o
    0x080031de   0x080031de   0x00000002   PAD
    0x080031e0   0x080031e0   0x00000040   Code   RO         4201    i.AD5940_ReadReg    ad5940.o
    0x08003220   0x08003220   0x0000001e   Code   RO         4202    i.AD5940_ReadWrite16B  ad5940.o
    0x0800323e   0x0800323e   0x00000032   Code   RO         4203    i.AD5940_ReadWrite32B  ad5940.o
    0x08003270   0x08003270   0x00000016   Code   RO         4204    i.AD5940_ReadWrite8B  ad5940.o
    0x08003286   0x08003286   0x00000002   PAD
    0x08003288   0x08003288   0x0000001c   Code   RO           19    i.AD5940_ReadWriteNBytes  appolloh7port.o
    0x080032a4   0x080032a4   0x00000010   Code   RO           20    i.AD5940_RstClr     appolloh7port.o
    0x080032b4   0x080032b4   0x00000010   Code   RO           21    i.AD5940_RstSet     appolloh7port.o
    0x080032c4   0x080032c4   0x00000070   Code   RO         4205    i.AD5940_SEQCfg     ad5940.o
    0x08003334   0x08003334   0x0000002e   Code   RO         4206    i.AD5940_SEQCmdWrite  ad5940.o
    0x08003362   0x08003362   0x00000026   Code   RO         4207    i.AD5940_SEQCtrlS   ad5940.o
    0x08003388   0x08003388   0x0000001c   Code   RO         4209    i.AD5940_SEQGenCtrl  ad5940.o
    0x080033a4   0x080033a4   0x00000018   Code   RO         4210    i.AD5940_SEQGenFetchSeq  ad5940.o
    0x080033bc   0x080033bc   0x00000028   Code   RO         4211    i.AD5940_SEQGenInit  ad5940.o
    0x080033e4   0x080033e4   0x0000002c   Code   RO         4212    i.AD5940_SEQGenInsert  ad5940.o
    0x08003410   0x08003410   0x00000030   Code   RO         4213    i.AD5940_SEQGenSearchReg  ad5940.o
    0x08003440   0x08003440   0x00000036   Code   RO         4214    i.AD5940_SEQGetCfg  ad5940.o
    0x08003476   0x08003476   0x0000000a   Code   RO         4215    i.AD5940_SEQGpioCtrlS  ad5940.o
    0x08003480   0x08003480   0x00000066   Code   RO         4218    i.AD5940_SEQInfoCfg  ad5940.o
    0x080034e6   0x080034e6   0x00000012   Code   RO         4220    i.AD5940_SEQMmrTrig  ad5940.o
    0x080034f8   0x080034f8   0x00000038   Code   RO         4221    i.AD5940_SEQRegInfoInsert  ad5940.o
    0x08003530   0x08003530   0x00000008   Code   RO         4222    i.AD5940_SEQTimeOutRd  ad5940.o
    0x08003538   0x08003538   0x00000050   Code   RO         4223    i.AD5940_SEQWriteReg  ad5940.o
    0x08003588   0x08003588   0x0000004c   Code   RO         4224    i.AD5940_SPIReadReg  ad5940.o
    0x080035d4   0x080035d4   0x0000003c   Code   RO         4225    i.AD5940_SWMatrixCfgS  ad5940.o
    0x08003610   0x08003610   0x0000000a   Code   RO         4227    i.AD5940_SleepKeyCtrlS  ad5940.o
    0x0800361a   0x0800361a   0x0000001e   Code   RO         4229    i.AD5940_StatisticCfgS  ad5940.o
    0x08003638   0x08003638   0x00000004   Code   RO         4230    i.AD5940_StructInit  ad5940.o
    0x0800363c   0x0800363c   0x00000114   Code   RO         4231    i.AD5940_SweepNext  ad5940.o
    0x08003750   0x08003750   0x000000a0   Code   RO         4232    i.AD5940_WGCfgS     ad5940.o
    0x080037f0   0x080037f0   0x00000012   Code   RO         4233    i.AD5940_WGDACCodeS  ad5940.o
    0x08003802   0x08003802   0x00000014   Code   RO         4234    i.AD5940_WGFreqCtrlS  ad5940.o
    0x08003816   0x08003816   0x00000002   PAD
    0x08003818   0x08003818   0x00000080   Code   RO         4235    i.AD5940_WGFreqWordCal  ad5940.o
    0x08003898   0x08003898   0x00000156   Code   RO         4236    i.AD5940_WUPTCfg    ad5940.o
    0x080039ee   0x080039ee   0x00000026   Code   RO         4237    i.AD5940_WUPTCtrl   ad5940.o
    0x08003a14   0x08003a14   0x000000be   Code   RO         4238    i.AD5940_WUPTTime   ad5940.o
    0x08003ad2   0x08003ad2   0x0000002a   Code   RO         4239    i.AD5940_WakeUp     ad5940.o
    0x08003afc   0x08003afc   0x0000005c   Code   RO         4240    i.AD5940_WriteReg   ad5940.o
    0x08003b58   0x08003b58   0x00000048   Code   RO          222    i.AMPShowResult     ad5940main.o
    0x08003ba0   0x08003ba0   0x00000024   Code   RO          372    i.AppAMPCalcCurrent  amperometric.o
    0x08003bc4   0x08003bc4   0x0000008c   Code   RO          373    i.AppAMPCalcVoltage  amperometric.o
    0x08003c50   0x08003c50   0x000000b0   Code   RO          374    i.AppAMPCtrl        amperometric.o
    0x08003d00   0x08003d00   0x00000014   Code   RO          375    i.AppAMPGetCfg      amperometric.o
    0x08003d14   0x08003d14   0x000000a4   Code   RO          376    i.AppAMPISR         amperometric.o
    0x08003db8   0x08003db8   0x00000114   Code   RO          377    i.AppAMPInit        amperometric.o
    0x08003ecc   0x08003ecc   0x00000088   Code   RO          378    i.AppAMPRtiaCal     amperometric.o
    0x08003f54   0x08003f54   0x00000190   Code   RO          379    i.AppAMPSeqCfgGen   amperometric.o
    0x080040e4   0x080040e4   0x000000c4   Code   RO          380    i.AppAMPSeqMeasureGen  amperometric.o
    0x080041a8   0x080041a8   0x000000d8   Code   RO          307    i.AppIMPCtrl        impedance.o
    0x08004280   0x08004280   0x00000138   Code   RO          308    i.AppIMPDataProcess  impedance.o
    0x080043b8   0x080043b8   0x00000014   Code   RO          309    i.AppIMPGetCfg      impedance.o
    0x080043cc   0x080043cc   0x00000068   Code   RO          311    i.AppIMPISR         impedance.o
    0x08004434   0x08004434   0x000000f4   Code   RO          312    i.AppIMPInit        impedance.o
    0x08004528   0x08004528   0x00000048   Code   RO          313    i.AppIMPRegModify   impedance.o
    0x08004570   0x08004570   0x0000026c   Code   RO          314    i.AppIMPSeqCfgGen   impedance.o
    0x080047dc   0x080047dc   0x00000148   Code   RO          315    i.AppIMPSeqMeasureGen  impedance.o
    0x08004924   0x08004924   0x00000084   Code   RO          442    i.AppVOLCtrl        voltage.o
    0x080049a8   0x080049a8   0x0000001c   Code   RO          443    i.AppVOLDataProcess  voltage.o
    0x080049c4   0x080049c4   0x0000008c   Code   RO          445    i.AppVOLISR         voltage.o
    0x08004a50   0x08004a50   0x000000f4   Code   RO          446    i.AppVOLInit        voltage.o
    0x08004b44   0x08004b44   0x00000268   Code   RO          447    i.AppVOLSeqCfgGen   voltage.o
    0x08004dac   0x08004dac   0x000000d0   Code   RO          448    i.AppVOLSeqMeasureGen  voltage.o
    0x08004e7c   0x08004e7c   0x00000002   Code   RO          708    i.BusFault_Handler  stm32h7xx_it.o
    0x08004e7e   0x08004e7e   0x00000002   Code   RO          709    i.DebugMon_Handler  stm32h7xx_it.o
    0x08004e80   0x08004e80   0x00000022   Code   RO          710    i.EXTI9_5_IRQHandler  stm32h7xx_it.o
    0x08004ea2   0x08004ea2   0x00000002   Code   RO          504    i.Error_Handler     main.o
    0x08004ea4   0x08004ea4   0x00000284   Code   RO         1938    i.HAL_DMA_Abort_IT  stm32h7xx_hal_dma.o
    0x08005128   0x08005128   0x00000024   Code   RO         2646    i.HAL_Delay         stm32h7xx_hal.o
    0x0800514c   0x0800514c   0x00000010   Code   RO           22    i.HAL_GPIO_EXTI_Callback  appolloh7port.o
    0x0800515c   0x0800515c   0x00000018   Code   RO         1784    i.HAL_GPIO_EXTI_IRQHandler  stm32h7xx_hal_gpio.o
    0x08005174   0x08005174   0x00000230   Code   RO         1785    i.HAL_GPIO_Init     stm32h7xx_hal_gpio.o
    0x080053a4   0x080053a4   0x0000000a   Code   RO         1789    i.HAL_GPIO_WritePin  stm32h7xx_hal_gpio.o
    0x080053ae   0x080053ae   0x00000002   PAD
    0x080053b0   0x080053b0   0x0000000c   Code   RO         2661    i.HAL_GetREVID      stm32h7xx_hal.o
    0x080053bc   0x080053bc   0x0000000c   Code   RO         2662    i.HAL_GetTick       stm32h7xx_hal.o
    0x080053c8   0x080053c8   0x00000010   Code   RO         2668    i.HAL_IncTick       stm32h7xx_hal.o
    0x080053d8   0x080053d8   0x0000005c   Code   RO         2669    i.HAL_Init          stm32h7xx_hal.o
    0x08005434   0x08005434   0x00000040   Code   RO         2670    i.HAL_InitTick      stm32h7xx_hal.o
    0x08005474   0x08005474   0x0000001c   Code   RO          802    i.HAL_MspInit       stm32h7xx_hal_msp.o
    0x08005490   0x08005490   0x0000001a   Code   RO          832    i.HAL_NVIC_EnableIRQ  stm32h7xx_hal_cortex.o
    0x080054aa   0x080054aa   0x00000002   PAD
    0x080054ac   0x080054ac   0x00000040   Code   RO          838    i.HAL_NVIC_SetPriority  stm32h7xx_hal_cortex.o
    0x080054ec   0x080054ec   0x00000024   Code   RO          839    i.HAL_NVIC_SetPriorityGrouping  stm32h7xx_hal_cortex.o
    0x08005510   0x08005510   0x00000054   Code   RO         2386    i.HAL_PWREx_ConfigSupply  stm32h7xx_hal_pwr_ex.o
    0x08005564   0x08005564   0x00000024   Code   RO         1406    i.HAL_RCCEx_GetD3PCLK1Freq  stm32h7xx_hal_rcc_ex.o
    0x08005588   0x08005588   0x00000144   Code   RO         1408    i.HAL_RCCEx_GetPLL2ClockFreq  stm32h7xx_hal_rcc_ex.o
    0x080056cc   0x080056cc   0x00000144   Code   RO         1409    i.HAL_RCCEx_GetPLL3ClockFreq  stm32h7xx_hal_rcc_ex.o
    0x08005810   0x08005810   0x000008ba   Code   RO         1415    i.HAL_RCCEx_PeriphCLKConfig  stm32h7xx_hal_rcc_ex.o
    0x080060ca   0x080060ca   0x00000002   PAD
    0x080060cc   0x080060cc   0x0000025c   Code   RO         1291    i.HAL_RCC_ClockConfig  stm32h7xx_hal_rcc.o
    0x08006328   0x08006328   0x00000044   Code   RO         1296    i.HAL_RCC_GetHCLKFreq  stm32h7xx_hal_rcc.o
    0x0800636c   0x0800636c   0x00000024   Code   RO         1298    i.HAL_RCC_GetPCLK1Freq  stm32h7xx_hal_rcc.o
    0x08006390   0x08006390   0x00000024   Code   RO         1299    i.HAL_RCC_GetPCLK2Freq  stm32h7xx_hal_rcc.o
    0x080063b4   0x080063b4   0x00000138   Code   RO         1300    i.HAL_RCC_GetSysClockFreq  stm32h7xx_hal_rcc.o
    0x080064ec   0x080064ec   0x00000508   Code   RO         1303    i.HAL_RCC_OscConfig  stm32h7xx_hal_rcc.o
    0x080069f4   0x080069f4   0x00000140   Code   RO          978    i.HAL_SPI_Init      stm32h7xx_hal_spi.o
    0x08006b34   0x08006b34   0x00000094   Code   RO          602    i.HAL_SPI_MspInit   spi.o
    0x08006bc8   0x08006bc8   0x00000320   Code   RO          987    i.HAL_SPI_TransmitReceive  stm32h7xx_hal_spi.o
    0x08006ee8   0x08006ee8   0x00000026   Code   RO          843    i.HAL_SYSTICK_Config  stm32h7xx_hal_cortex.o
    0x08006f0e   0x08006f0e   0x00000040   Code   RO         4001    i.HAL_UARTEx_DisableFifoMode  stm32h7xx_hal_uart_ex.o
    0x08006f4e   0x08006f4e   0x00000002   Code   RO         4005    i.HAL_UARTEx_RxFifoFullCallback  stm32h7xx_hal_uart_ex.o
    0x08006f50   0x08006f50   0x0000004c   Code   RO         4006    i.HAL_UARTEx_SetRxFifoThreshold  stm32h7xx_hal_uart_ex.o
    0x08006f9c   0x08006f9c   0x0000004c   Code   RO         4007    i.HAL_UARTEx_SetTxFifoThreshold  stm32h7xx_hal_uart_ex.o
    0x08006fe8   0x08006fe8   0x00000002   Code   RO         4009    i.HAL_UARTEx_TxFifoEmptyCallback  stm32h7xx_hal_uart_ex.o
    0x08006fea   0x08006fea   0x00000002   Code   RO         4010    i.HAL_UARTEx_WakeupCallback  stm32h7xx_hal_uart_ex.o
    0x08006fec   0x08006fec   0x00000002   Code   RO         3623    i.HAL_UART_ErrorCallback  stm32h7xx_hal_uart.o
    0x08006fee   0x08006fee   0x00000002   PAD
    0x08006ff0   0x08006ff0   0x000001c0   Code   RO         3626    i.HAL_UART_IRQHandler  stm32h7xx_hal_uart.o
    0x080071b0   0x080071b0   0x0000006a   Code   RO         3627    i.HAL_UART_Init     stm32h7xx_hal_uart.o
    0x0800721a   0x0800721a   0x00000002   PAD
    0x0800721c   0x0800721c   0x000000d0   Code   RO          644    i.HAL_UART_MspInit  usart.o
    0x080072ec   0x080072ec   0x000000f8   Code   RO         3632    i.HAL_UART_Receive_IT  stm32h7xx_hal_uart.o
    0x080073e4   0x080073e4   0x00000034   Code   RO          505    i.HAL_UART_RxCpltCallback  main.o
    0x08007418   0x08007418   0x000000be   Code   RO         3636    i.HAL_UART_Transmit  stm32h7xx_hal_uart.o
    0x080074d6   0x080074d6   0x00000002   Code   RO         3639    i.HAL_UART_TxCpltCallback  stm32h7xx_hal_uart.o
    0x080074d8   0x080074d8   0x00000002   Code   RO          711    i.HardFault_Handler  stm32h7xx_it.o
    0x080074da   0x080074da   0x00000002   PAD
    0x080074dc   0x080074dc   0x000000a0   Code   RO          223    i.ImpedanceShowResult  ad5940main.o
    0x0800757c   0x0800757c   0x000000a8   Code   RO          577    i.MX_GPIO_Init      gpio.o
    0x08007624   0x08007624   0x0000005c   Code   RO          603    i.MX_SPI3_Init      spi.o
    0x08007680   0x08007680   0x00000068   Code   RO          645    i.MX_USART1_UART_Init  usart.o
    0x080076e8   0x080076e8   0x00000068   Code   RO          646    i.MX_USART3_UART_Init  usart.o
    0x08007750   0x08007750   0x00000002   Code   RO          712    i.MemManage_Handler  stm32h7xx_it.o
    0x08007752   0x08007752   0x00000002   Code   RO          713    i.NMI_Handler       stm32h7xx_it.o
    0x08007754   0x08007754   0x00000002   Code   RO          714    i.PendSV_Handler    stm32h7xx_it.o
    0x08007756   0x08007756   0x00000002   PAD
    0x08007758   0x08007758   0x00000120   Code   RO         1418    i.RCCEx_PLL2_Config  stm32h7xx_hal_rcc_ex.o
    0x08007878   0x08007878   0x00000120   Code   RO         1419    i.RCCEx_PLL3_Config  stm32h7xx_hal_rcc_ex.o
    0x08007998   0x08007998   0x000000bc   Code   RO          997    i.SPI_CloseTransfer  stm32h7xx_hal_spi.o
    0x08007a54   0x08007a54   0x00000042   Code   RO         1014    i.SPI_WaitOnFlagUntilTimeout  stm32h7xx_hal_spi.o
    0x08007a96   0x08007a96   0x00000002   Code   RO          715    i.SVC_Handler       stm32h7xx_it.o
    0x08007a98   0x08007a98   0x00000004   Code   RO          716    i.SysTick_Handler   stm32h7xx_it.o
    0x08007a9c   0x08007a9c   0x000000b4   Code   RO          506    i.SystemClock_Config  main.o
    0x08007b50   0x08007b50   0x000000e4   Code   RO         4095    i.SystemInit        system_stm32h7xx.o
    0x08007c34   0x08007c34   0x00000064   Code   RO         4011    i.UARTEx_SetNbDataToProcess  stm32h7xx_hal_uart_ex.o
    0x08007c98   0x08007c98   0x000000c8   Code   RO         3641    i.UART_AdvFeatureConfig  stm32h7xx_hal_uart.o
    0x08007d60   0x08007d60   0x0000005e   Code   RO         3642    i.UART_CheckIdleState  stm32h7xx_hal_uart.o
    0x08007dbe   0x08007dbe   0x00000014   Code   RO         3643    i.UART_DMAAbortOnError  stm32h7xx_hal_uart.o
    0x08007dd2   0x08007dd2   0x00000002   PAD
    0x08007dd4   0x08007dd4   0x00000028   Code   RO         3653    i.UART_EndRxTransfer  stm32h7xx_hal_uart.o
    0x08007dfc   0x08007dfc   0x0000005e   Code   RO         3655    i.UART_RxISR_16BIT  stm32h7xx_hal_uart.o
    0x08007e5a   0x08007e5a   0x00000002   PAD
    0x08007e5c   0x08007e5c   0x000000a4   Code   RO         3656    i.UART_RxISR_16BIT_FIFOEN  stm32h7xx_hal_uart.o
    0x08007f00   0x08007f00   0x0000005e   Code   RO         3657    i.UART_RxISR_8BIT   stm32h7xx_hal_uart.o
    0x08007f5e   0x08007f5e   0x00000002   PAD
    0x08007f60   0x08007f60   0x000000a4   Code   RO         3658    i.UART_RxISR_8BIT_FIFOEN  stm32h7xx_hal_uart.o
    0x08008004   0x08008004   0x000003b0   Code   RO         3659    i.UART_SetConfig    stm32h7xx_hal_uart.o
    0x080083b4   0x080083b4   0x000000a4   Code   RO         3664    i.UART_WaitOnFlagUntilTimeout  stm32h7xx_hal_uart.o
    0x08008458   0x08008458   0x0000000c   Code   RO          717    i.USART1_IRQHandler  stm32h7xx_it.o
    0x08008464   0x08008464   0x0000000c   Code   RO          718    i.USART3_IRQHandler  stm32h7xx_it.o
    0x08008470   0x08008470   0x00000002   Code   RO          719    i.UsageFault_Handler  stm32h7xx_it.o
    0x08008472   0x08008472   0x00000002   PAD
    0x08008474   0x08008474   0x0000002c   Code   RO          224    i.VoltageShowResult  ad5940main.o
    0x080084a0   0x080084a0   0x00000042   Code   RO         4241    i.__AD5940_ReferenceON  ad5940.o
    0x080084e2   0x080084e2   0x00000002   PAD
    0x080084e4   0x080084e4   0x0000004c   Code   RO         4242    i.__AD5940_TakeMeasurement  ad5940.o
    0x08008530   0x08008530   0x00000030   Code   RO         4982    i.__ARM_fpclassify  m_wv.l(fpclassify.o)
    0x08008560   0x08008560   0x00000022   Code   RO          845    i.__NVIC_SetPriority  stm32h7xx_hal_cortex.o
    0x08008582   0x08008582   0x00000006   PAD
    0x08008588   0x08008588   0x00000200   Code   RO         4948    i.__hardfp_atan     m_wv.l(atan.o)
    0x08008788   0x08008788   0x000001c0   Code   RO         4879    i.__hardfp_atan2    m_wv.l(atan2.o)
    0x08008948   0x08008948   0x0000023c   Code   RO         4984    i.__hardfp_log      m_wv.l(log.o)
    0x08008b84   0x08008b84   0x00000004   PAD
    0x08008b88   0x08008b88   0x00000100   Code   RO         4891    i.__hardfp_log10    m_wv.l(log10.o)
    0x08008c88   0x08008c88   0x000008f8   Code   RO         4903    i.__hardfp_pow      m_wv.l(pow.o)
    0x08009580   0x08009580   0x00000066   Code   RO         4917    i.__hardfp_sqrt     m_wv.l(sqrt.o)
    0x080095e6   0x080095e6   0x00000070   Code   RO         4998    i.__kernel_poly     m_wv.l(poly.o)
    0x08009656   0x08009656   0x00000002   PAD
    0x08009658   0x08009658   0x00000020   Code   RO         4962    i.__mathlib_dbl_divzero  m_wv.l(dunder.o)
    0x08009678   0x08009678   0x00000006   Code   RO         4963    i.__mathlib_dbl_infnan  m_wv.l(dunder.o)
    0x0800967e   0x0800967e   0x00000006   Code   RO         4964    i.__mathlib_dbl_infnan2  m_wv.l(dunder.o)
    0x08009684   0x08009684   0x00000004   PAD
    0x08009688   0x08009688   0x00000018   Code   RO         4965    i.__mathlib_dbl_invalid  m_wv.l(dunder.o)
    0x080096a0   0x080096a0   0x00000018   Code   RO         4966    i.__mathlib_dbl_overflow  m_wv.l(dunder.o)
    0x080096b8   0x080096b8   0x00000018   Code   RO         4968    i.__mathlib_dbl_underflow  m_wv.l(dunder.o)
    0x080096d0   0x080096d0   0x0000000e   Code   RO         4850    i._is_digit         c_w.l(__printf_wp.o)
    0x080096de   0x080096de   0x0000001c   Code   RO         4243    i._is_value_in_table  ad5940.o
    0x080096fa   0x080096fa   0x00000010   Code   RO         4950    i.atan              m_wv.l(atan.o)
    0x0800970a   0x0800970a   0x00000018   Code   RO         4978    i.fabs              m_wv.l(fabs.o)
    0x08009722   0x08009722   0x00000002   PAD
    0x08009724   0x08009724   0x00000014   Code   RO          648    i.fputc             usart.o
    0x08009738   0x08009738   0x00000014   Code   RO          449    i.get_APPVOLGetCfg  voltage.o
    0x0800974c   0x0800974c   0x00000010   Code   RO         4986    i.log               m_wv.l(log.o)
    0x0800975c   0x0800975c   0x00000094   Code   RO          507    i.main              main.o
    0x080097f0   0x080097f0   0x0000006a   Code   RO         4919    i.sqrt              m_wv.l(sqrt.o)
    0x0800985a   0x0800985a   0x00000002   PAD
    0x0800985c   0x0800985c   0x0000002c   Code   RO         5064    locale$$code        c_w.l(lc_numeric_c.o)
    0x08009888   0x08009888   0x00000010   Code   RO         5066    x$fpl$dcheck1       fz_wv.l(dcheck1.o)
    0x08009898   0x08009898   0x00000060   Code   RO         4875    x$fpl$ffltll        fz_wv.l(ffltll_clz.o)
    0x080098f8   0x080098f8   0x0000000a   Code   RO         5148    x$fpl$fpinit        fz_wv.l(fpinit.o)
    0x08009902   0x08009902   0x00000004   Code   RO         4877    x$fpl$printf1       fz_wv.l(printf1.o)
    0x08009906   0x08009906   0x00000064   Code   RO         5136    x$fpl$retnan        fz_wv.l(retnan.o)
    0x0800996a   0x0800996a   0x0000005c   Code   RO         4945    x$fpl$scalbn        fz_wv.l(scalbn.o)
    0x080099c6   0x080099c6   0x00000030   Code   RO         5150    x$fpl$trapveneer    fz_wv.l(trapv.o)
    0x080099f6   0x080099f6   0x00000000   Code   RO         4947    x$fpl$usenofp       fz_wv.l(usenofp.o)
    0x080099f6   0x080099f6   0x00000018   Data   RO         3665    .constdata          stm32h7xx_hal_uart.o
    0x08009a0e   0x08009a0e   0x00000010   Data   RO         4096    .constdata          system_stm32h7xx.o
    0x08009a1e   0x08009a1e   0x00000002   PAD
    0x08009a20   0x08009a20   0x000001a0   Data   RO         4245    .constdata          ad5940.o
    0x08009bc0   0x08009bc0   0x00000028   Data   RO         4823    .constdata          c_w.l(_printf_hex_int.o)
    0x08009be8   0x08009be8   0x00000011   Data   RO         4853    .constdata          c_w.l(__printf_flags_wp.o)
    0x08009bf9   0x08009bf9   0x00000007   PAD
    0x08009c00   0x08009c00   0x00000088   Data   RO         4906    .constdata          m_wv.l(pow.o)
    0x08009c88   0x08009c88   0x00000098   Data   RO         4951    .constdata          m_wv.l(atan.o)
    0x08009d20   0x08009d20   0x00000038   Data   RO         4987    .constdata          m_wv.l(log.o)
    0x08009d58   0x08009d58   0x00000008   Data   RO         5000    .constdata          m_wv.l(qnan.o)
    0x08009d60   0x08009d60   0x00000094   Data   RO         5035    .constdata          c_w.l(bigflt0.o)
    0x08009df4   0x08009df4   0x00000020   Data   RO         5219    Region$$Table       anon$$obj.o
    0x08009e14   0x08009e14   0x0000001c   Data   RO         5063    locale$$data        c_w.l(lc_numeric_c.o)


    Execution Region RW_IRAM1 (Exec base: 0x20000000, Load base: 0x08009e30, Size: 0x00000000, Max: 0x00020000, ABSOLUTE)

    **** No section assigned to this execution region ****


    Execution Region RW_IRAM2 (Exec base: 0x24000000, Load base: 0x08009e30, Size: 0x00001308, Max: 0x00080000, ABSOLUTE, COMPRESSED[0x000000a4])

    Exec Addr    Load Addr    Size         Type   Attr      Idx    E Section Name        Object

    0x24000000   COMPRESSED   0x00000001   Data   RW           24    .data               appolloh7port.o
    0x24000001   COMPRESSED   0x00000003   PAD
    0x24000004   COMPRESSED   0x00000004   Data   RW          229    .data               ad5940main.o
    0x24000008   COMPRESSED   0x000000cc   Data   RW          316    .data               impedance.o
    0x240000d4   COMPRESSED   0x000000a0   Data   RW          381    .data               amperometric.o
    0x24000174   COMPRESSED   0x000000cc   Data   RW          450    .data               voltage.o
    0x24000240   COMPRESSED   0x00000008   Data   RW          508    .data               main.o
    0x24000248   COMPRESSED   0x00000004   Data   RW          650    .data               usart.o
    0x2400024c   COMPRESSED   0x0000000c   Data   RW         2691    .data               stm32h7xx_hal.o
    0x24000258   COMPRESSED   0x00000008   Data   RW         4097    .data               system_stm32h7xx.o
    0x24000260   COMPRESSED   0x00000001   Data   RW         4246    .data               ad5940.o
    0x24000261   COMPRESSED   0x00000003   PAD
    0x24000264        -       0x00000088   Zero   RW           23    .bss                appolloh7port.o
    0x240002ec        -       0x00000800   Zero   RW          225    .bss                ad5940main.o
    0x24000aec        -       0x00000088   Zero   RW          604    .bss                spi.o
    0x24000b74        -       0x00000118   Zero   RW          649    .bss                usart.o
    0x24000c8c        -       0x0000001c   Zero   RW         4244    .bss                ad5940.o
    0x24000ca8        -       0x00000060   Zero   RW         5071    .bss                c_w.l(libspace.o)
    0x24000d08        -       0x00000200   Zero   RW            2    HEAP                startup_stm32h743xx.o
    0x24000f08        -       0x00000400   Zero   RW            1    STACK               startup_stm32h743xx.o

