Archive member included to satisfy reference by file (symbol)

c:/program files (x86)/gnu arm embedded toolchain/9 2020-q2-update/bin/../lib/gcc/arm-none-eabi/9.3.1/../../../../arm-none-eabi/lib/thumb/v7e-m+dp/hard\libc_nano.a(lib_a-exit.o)
                              c:/program files (x86)/gnu arm embedded toolchain/9 2020-q2-update/bin/../lib/gcc/arm-none-eabi/9.3.1/../../../../arm-none-eabi/lib/thumb/v7e-m+dp/hard/crt0.o (exit)
c:/program files (x86)/gnu arm embedded toolchain/9 2020-q2-update/bin/../lib/gcc/arm-none-eabi/9.3.1/../../../../arm-none-eabi/lib/thumb/v7e-m+dp/hard\libc_nano.a(lib_a-impure.o)
                              c:/program files (x86)/gnu arm embedded toolchain/9 2020-q2-update/bin/../lib/gcc/arm-none-eabi/9.3.1/../../../../arm-none-eabi/lib/thumb/v7e-m+dp/hard\libc_nano.a(lib_a-exit.o) (_global_impure_ptr)
c:/program files (x86)/gnu arm embedded toolchain/9 2020-q2-update/bin/../lib/gcc/arm-none-eabi/9.3.1/../../../../arm-none-eabi/lib/thumb/v7e-m+dp/hard\libc_nano.a(lib_a-init.o)
                              c:/program files (x86)/gnu arm embedded toolchain/9 2020-q2-update/bin/../lib/gcc/arm-none-eabi/9.3.1/../../../../arm-none-eabi/lib/thumb/v7e-m+dp/hard/crt0.o (__libc_init_array)
c:/program files (x86)/gnu arm embedded toolchain/9 2020-q2-update/bin/../lib/gcc/arm-none-eabi/9.3.1/../../../../arm-none-eabi/lib/thumb/v7e-m+dp/hard\libc_nano.a(lib_a-memcpy-stub.o)
                              build/ad5940.o (memcpy)
c:/program files (x86)/gnu arm embedded toolchain/9 2020-q2-update/bin/../lib/gcc/arm-none-eabi/9.3.1/../../../../arm-none-eabi/lib/thumb/v7e-m+dp/hard\libc_nano.a(lib_a-memset.o)
                              c:/program files (x86)/gnu arm embedded toolchain/9 2020-q2-update/bin/../lib/gcc/arm-none-eabi/9.3.1/../../../../arm-none-eabi/lib/thumb/v7e-m+dp/hard/crt0.o (memset)
c:/program files (x86)/gnu arm embedded toolchain/9 2020-q2-update/bin/../lib/gcc/arm-none-eabi/9.3.1/../../../../arm-none-eabi/lib/thumb/v7e-m+dp/hard\libc_nano.a(lib_a-printf.o)
                              build/main.o (printf)
c:/program files (x86)/gnu arm embedded toolchain/9 2020-q2-update/bin/../lib/gcc/arm-none-eabi/9.3.1/../../../../arm-none-eabi/lib/thumb/v7e-m+dp/hard\libc_nano.a(lib_a-findfp.o)
                              c:/program files (x86)/gnu arm embedded toolchain/9 2020-q2-update/bin/../lib/gcc/arm-none-eabi/9.3.1/../../../../arm-none-eabi/lib/thumb/v7e-m+dp/hard\libc_nano.a(lib_a-printf.o) (__sinit)
c:/program files (x86)/gnu arm embedded toolchain/9 2020-q2-update/bin/../lib/gcc/arm-none-eabi/9.3.1/../../../../arm-none-eabi/lib/thumb/v7e-m+dp/hard\libc_nano.a(lib_a-fwalk.o)
                              c:/program files (x86)/gnu arm embedded toolchain/9 2020-q2-update/bin/../lib/gcc/arm-none-eabi/9.3.1/../../../../arm-none-eabi/lib/thumb/v7e-m+dp/hard\libc_nano.a(lib_a-findfp.o) (_fwalk)
c:/program files (x86)/gnu arm embedded toolchain/9 2020-q2-update/bin/../lib/gcc/arm-none-eabi/9.3.1/../../../../arm-none-eabi/lib/thumb/v7e-m+dp/hard\libc_nano.a(lib_a-lock.o)
                              c:/program files (x86)/gnu arm embedded toolchain/9 2020-q2-update/bin/../lib/gcc/arm-none-eabi/9.3.1/../../../../arm-none-eabi/lib/thumb/v7e-m+dp/hard\libc_nano.a(lib_a-findfp.o) (__retarget_lock_init_recursive)
c:/program files (x86)/gnu arm embedded toolchain/9 2020-q2-update/bin/../lib/gcc/arm-none-eabi/9.3.1/../../../../arm-none-eabi/lib/thumb/v7e-m+dp/hard\libc_nano.a(lib_a-nano-mallocr.o)
                              c:/program files (x86)/gnu arm embedded toolchain/9 2020-q2-update/bin/../lib/gcc/arm-none-eabi/9.3.1/../../../../arm-none-eabi/lib/thumb/v7e-m+dp/hard\libc_nano.a(lib_a-findfp.o) (_malloc_r)
c:/program files (x86)/gnu arm embedded toolchain/9 2020-q2-update/bin/../lib/gcc/arm-none-eabi/9.3.1/../../../../arm-none-eabi/lib/thumb/v7e-m+dp/hard\libc_nano.a(lib_a-nano-vfprintf.o)
                              c:/program files (x86)/gnu arm embedded toolchain/9 2020-q2-update/bin/../lib/gcc/arm-none-eabi/9.3.1/../../../../arm-none-eabi/lib/thumb/v7e-m+dp/hard\libc_nano.a(lib_a-printf.o) (_vfprintf_r)
c:/program files (x86)/gnu arm embedded toolchain/9 2020-q2-update/bin/../lib/gcc/arm-none-eabi/9.3.1/../../../../arm-none-eabi/lib/thumb/v7e-m+dp/hard\libc_nano.a(lib_a-nano-vfprintf_i.o)
                              c:/program files (x86)/gnu arm embedded toolchain/9 2020-q2-update/bin/../lib/gcc/arm-none-eabi/9.3.1/../../../../arm-none-eabi/lib/thumb/v7e-m+dp/hard\libc_nano.a(lib_a-nano-vfprintf.o) (_printf_i)
c:/program files (x86)/gnu arm embedded toolchain/9 2020-q2-update/bin/../lib/gcc/arm-none-eabi/9.3.1/../../../../arm-none-eabi/lib/thumb/v7e-m+dp/hard\libc_nano.a(lib_a-sbrkr.o)
                              c:/program files (x86)/gnu arm embedded toolchain/9 2020-q2-update/bin/../lib/gcc/arm-none-eabi/9.3.1/../../../../arm-none-eabi/lib/thumb/v7e-m+dp/hard\libc_nano.a(lib_a-nano-mallocr.o) (_sbrk_r)
[...]
Memory Configuration

Name             Origin             Length             Attributes
DTCMRAM          0x20000000         0x00020000         xrw
RAM_D1           0x24000000         0x00080000         xrw
RAM_D2           0x30000000         0x00048000         xrw
RAM_D3           0x38000000         0x00010000         xrw
ITCMRAM          0x00000000         0x00010000         xrw
FLASH            0x08000000         0x00200000         xr
*default*        0x00000000         0xffffffff

Linker script and memory map

LOAD c:/program files (x86)/gnu arm embedded toolchain/9 2020-q2-update/bin/../lib/gcc/arm-none-eabi/9.3.1/thumb/v7e-m+dp/hard/crti.o
LOAD c:/program files (x86)/gnu arm embedded toolchain/9 2020-q2-update/bin/../lib/gcc/arm-none-eabi/9.3.1/thumb/v7e-m+dp/hard/crtbegin.o
LOAD c:/program files (x86)/gnu arm embedded toolchain/9 2020-q2-update/bin/../lib/gcc/arm-none-eabi/9.3.1/../../../../arm-none-eabi/lib/thumb/v7e-m+dp/hard/crt0.o
LOAD build/main.o
LOAD build/gpio.o
LOAD build/spi.o
LOAD build/usart.o
LOAD build/stm32h7xx_it.o
LOAD build/stm32h7xx_hal_msp.o
LOAD build/stm32h7xx_hal_cortex.o
LOAD build/stm32h7xx_hal_spi.o
LOAD build/stm32h7xx_hal_spi_ex.o
LOAD build/stm32h7xx_hal_rcc.o
LOAD build/stm32h7xx_hal_rcc_ex.o
LOAD build/stm32h7xx_hal_flash.o
LOAD build/stm32h7xx_hal_flash_ex.o
LOAD build/stm32h7xx_hal_gpio.o
LOAD build/stm32h7xx_hal_hsem.o
LOAD build/stm32h7xx_hal_dma.o
LOAD build/stm32h7xx_hal_dma_ex.o
LOAD build/stm32h7xx_hal_mdma.o
LOAD build/stm32h7xx_hal_pwr.o
LOAD build/stm32h7xx_hal_pwr_ex.o
LOAD build/stm32h7xx_hal.o
LOAD build/stm32h7xx_hal_i2c.o
LOAD build/stm32h7xx_hal_i2c_ex.o
LOAD build/stm32h7xx_hal_exti.o
LOAD build/stm32h7xx_hal_tim.o
LOAD build/stm32h7xx_hal_tim_ex.o
LOAD build/stm32h7xx_hal_uart.o
LOAD build/stm32h7xx_hal_uart_ex.o
LOAD build/ad5940.o
LOAD build/APPOLLOH7Port.o
LOAD build/AD5940Main.o
LOAD build/Impedance.o
LOAD build/Amperometric.o
LOAD build/voltage.o
LOAD build/system_stm32h7xx.o
LOAD build/startup_stm32h743xx.o
LOAD c:/program files (x86)/gnu arm embedded toolchain/9 2020-q2-update/bin/../lib/gcc/arm-none-eabi/9.3.1/../../../../arm-none-eabi/lib/thumb/v7e-m+dp/hard\libc_nano.a
LOAD c:/program files (x86)/gnu arm embedded toolchain/9 2020-q2-update/bin/../lib/gcc/arm-none-eabi/9.3.1/../../../../arm-none-eabi/lib/thumb/v7e-m+dp/hard\libm.a
LOAD c:/program files (x86)/gnu arm embedded toolchain/9 2020-q2-update/bin/../lib/gcc/arm-none-eabi/9.3.1/../../../../arm-none-eabi/lib/thumb/v7e-m+dp/hard\libnosys.a
START GROUP
LOAD c:/program files (x86)/gnu arm embedded toolchain/9 2020-q2-update/bin/../lib/gcc/arm-none-eabi/9.3.1/thumb/v7e-m+dp/hard\libgcc.a
LOAD c:/program files (x86)/gnu arm embedded toolchain/9 2020-q2-update/bin/../lib/gcc/arm-none-eabi/9.3.1/../../../../arm-none-eabi/lib/thumb/v7e-m+dp/hard\libc_nano.a
END GROUP
START GROUP
LOAD c:/program files (x86)/gnu arm embedded toolchain/9 2020-q2-update/bin/../lib/gcc/arm-none-eabi/9.3.1/thumb/v7e-m+dp/hard\libgcc.a
LOAD c:/program files (x86)/gnu arm embedded toolchain/9 2020-q2-update/bin/../lib/gcc/arm-none-eabi/9.3.1/../../../../arm-none-eabi/lib/thumb/v7e-m+dp/hard\libc_nano.a
END GROUP
LOAD c:/program files (x86)/gnu arm embedded toolchain/9 2020-q2-update/bin/../lib/gcc/arm-none-eabi/9.3.1/thumb/v7e-m+dp/hard/crtend.o
LOAD c:/program files (x86)/gnu arm embedded toolchain/9 2020-q2-update/bin/../lib/gcc/arm-none-eabi/9.3.1/thumb/v7e-m+dp/hard/crtn.o
                0x20020000                _estack = 0x20020000
                0x00000200                _Min_Heap_Size = 0x200
                0x00000400                _Min_Stack_Size = 0x400

.isr_vector     0x08000000      0x298
                0x08000000                . = ALIGN (0x4)
 *(.isr_vector)
 .isr_vector    0x08000000      0x298 build/startup_stm32h743xx.o
                0x08000000                g_pfnVectors
                0x08000298                . = ALIGN (0x4)

.text           0x080002a0     0xa1b8
                0x080002a0                . = ALIGN (0x4)
 *(.text)
 .text          0x080002a0       0x40 c:/program files (x86)/gnu arm embedded toolchain/9 2020-q2-update/bin/../lib/gcc/arm-none-eabi/9.3.1/thumb/v7e-m+dp/hard/crtbegin.o
 .text          0x080002e0       0xa0 c:/program files (x86)/gnu arm embedded toolchain/9 2020-q2-update/bin/../lib/gcc/arm-none-eabi/9.3.1/../../../../arm-none-eabi/lib/thumb/v7e-m+dp/hard\libc_nano.a(lib_a-memchr.o)
                0x080002e0                memchr
 .text          0x08000380      0x21c c:/program files (x86)/gnu arm embedded toolchain/9 2020-q2-update/bin/../lib/gcc/arm-none-eabi/9.3.1/thumb/v7e-m+dp/hard\libgcc.a(_arm_addsubsf3.o)
                0x08000380                __aeabi_frsub
                0x08000388                __subsf3
                0x08000388                __aeabi_fsub
                0x0800038c                __aeabi_fadd
                0x0800038c                __addsf3
                0x080004ec                __aeabi_ui2f
                0x080004ec                __floatunsisf
                0x080004f4                __aeabi_i2f
                0x080004f4                __floatsisf
                0x08000510                __aeabi_ul2f
                0x08000510                __floatundisf
                0x08000520                __aeabi_l2f
                0x08000520                __floatdisf
 .text          0x0800059c       0x30 c:/program files (x86)/gnu arm embedded toolchain/9 2020-q2-update/bin/../lib/gcc/arm-none-eabi/9.3.1/thumb/v7e-m+dp/hard\libgcc.a(_aeabi_uldivmod.o)
                0x0800059c                __aeabi_uldivmod
 .text          0x080005cc      0x2c4 c:/program files (x86)/gnu arm embedded toolchain/9 2020-q2-update/bin/../lib/gcc/arm-none-eabi/9.3.1/thumb/v7e-m+dp/hard\libgcc.a(_udivmoddi4.o)
                0x080005cc                __udivmoddi4
 .text          0x08000890        0x4 c:/program files (x86)/gnu arm embedded toolchain/9 2020-q2-update/bin/../lib/gcc/arm-none-eabi/9.3.1/thumb/v7e-m+dp/hard\libgcc.a(_dvmd_tls.o)
                0x08000890                __aeabi_idiv0
                0x08000890                __aeabi_ldiv0
 *(.text*)
 .text.SystemClock_Config
                0x08000894       0xcc build/main.o
                0x08000894                SystemClock_Config
 .text.main     0x08000960       0x7c build/main.o
                0x08000960                main
 .text.HAL_UART_RxCpltCallback
                0x080009dc       0x30 build/main.o
                0x080009dc                HAL_UART_RxCpltCallback
 .text.Error_Handler
                0x08000a0c        0x2 build/main.o
                0x08000a0c                Error_Handler
 *fill*         0x08000a0e        0x2 
 .text.MX_GPIO_Init
                0x08000a10       0xd4 build/gpio.o
                0x08000a10                MX_GPIO_Init
 .text.MX_SPI3_Init
                0x08000ae4       0x5c build/spi.o
                0x08000ae4                MX_SPI3_Init
 .text.HAL_SPI_MspInit
                0x08000b40       0xac build/spi.o
                0x08000b40                HAL_SPI_MspInit
 .text.MX_USART1_UART_Init
                0x08000bec       0x68 build/usart.o
                0x08000bec                MX_USART1_UART_Init
 .text.MX_USART3_UART_Init
                0x08000c54       0x68 build/usart.o
                0x08000c54                MX_USART3_UART_Init
 .text.HAL_UART_MspInit
                0x08000cbc       0xf8 build/usart.o
                0x08000cbc                HAL_UART_MspInit
 .text._write   0x08000db4       0x18 build/usart.o
                0x08000db4                _write
 .text.NMI_Handler
                0x08000dcc        0x2 build/stm32h7xx_it.o
                0x08000dcc                NMI_Handler
 .text.HardFault_Handler
                0x08000dce        0x2 build/stm32h7xx_it.o
                0x08000dce                HardFault_Handler
 .text.MemManage_Handler
                0x08000dd0        0x2 build/stm32h7xx_it.o
                0x08000dd0                MemManage_Handler
 .text.BusFault_Handler
                0x08000dd2        0x2 build/stm32h7xx_it.o
                0x08000dd2                BusFault_Handler
 .text.UsageFault_Handler
                0x08000dd4        0x2 build/stm32h7xx_it.o
                0x08000dd4                UsageFault_Handler
 .text.SVC_Handler
                0x08000dd6        0x2 build/stm32h7xx_it.o
                0x08000dd6                SVC_Handler
 .text.DebugMon_Handler
                0x08000dd8        0x2 build/stm32h7xx_it.o
                0x08000dd8                DebugMon_Handler
 .text.PendSV_Handler
                0x08000dda        0x2 build/stm32h7xx_it.o
                0x08000dda                PendSV_Handler
 .text.SysTick_Handler
                0x08000ddc        0x8 build/stm32h7xx_it.o
                0x08000ddc                SysTick_Handler
 .text.EXTI9_5_IRQHandler
                0x08000de4       0x20 build/stm32h7xx_it.o
                0x08000de4                EXTI9_5_IRQHandler
 .text.USART1_IRQHandler
                0x08000e04       0x10 build/stm32h7xx_it.o
                0x08000e04                USART1_IRQHandler
 .text.USART3_IRQHandler
                0x08000e14       0x10 build/stm32h7xx_it.o
                0x08000e14                USART3_IRQHandler
 .text.HAL_MspInit
                0x08000e24       0x24 build/stm32h7xx_hal_msp.o
                0x08000e24                HAL_MspInit
 .text.HAL_NVIC_SetPriorityGrouping
                0x08000e48       0x24 build/stm32h7xx_hal_cortex.o
                0x08000e48                HAL_NVIC_SetPriorityGrouping
 .text.HAL_NVIC_SetPriority
                0x08000e6c       0x64 build/stm32h7xx_hal_cortex.o
                0x08000e6c                HAL_NVIC_SetPriority
 .text.HAL_NVIC_EnableIRQ
                0x08000ed0       0x1c build/stm32h7xx_hal_cortex.o
                0x08000ed0                HAL_NVIC_EnableIRQ
 .text.HAL_SYSTICK_Config
                0x08000eec       0x2c build/stm32h7xx_hal_cortex.o
                0x08000eec                HAL_SYSTICK_Config
 .text.SPI_CloseTransfer
                0x08000f18       0xd0 build/stm32h7xx_hal_spi.o
 .text.SPI_GetPacketSize
                0x08000fe8       0x10 build/stm32h7xx_hal_spi.o
 .text.SPI_WaitOnFlagUntilTimeout
                0x08000ff8       0x46 build/stm32h7xx_hal_spi.o
 *fill*         0x0800103e        0x2 
 .text.HAL_SPI_Init
                0x08001040      0x150 build/stm32h7xx_hal_spi.o
                0x08001040                HAL_SPI_Init
 .text.HAL_SPI_TransmitReceive
                0x08001190      0x420 build/stm32h7xx_hal_spi.o
                0x08001190                HAL_SPI_TransmitReceive
 .text.HAL_RCC_OscConfig
                0x080015b0      0x64c build/stm32h7xx_hal_rcc.o
                0x080015b0                HAL_RCC_OscConfig
 .text.HAL_RCC_GetSysClockFreq
                0x08001bfc      0x1f4 build/stm32h7xx_hal_rcc.o
                0x08001bfc                HAL_RCC_GetSysClockFreq
 .text.HAL_RCC_ClockConfig
                0x08001df0      0x294 build/stm32h7xx_hal_rcc.o
                0x08001df0                HAL_RCC_ClockConfig
 .text.HAL_RCC_GetHCLKFreq
                0x08002084       0x44 build/stm32h7xx_hal_rcc.o
                0x08002084                HAL_RCC_GetHCLKFreq
 .text.HAL_RCC_GetPCLK1Freq
                0x080020c8       0x24 build/stm32h7xx_hal_rcc.o
                0x080020c8                HAL_RCC_GetPCLK1Freq
 .text.HAL_RCC_GetPCLK2Freq
                0x080020ec       0x24 build/stm32h7xx_hal_rcc.o
                0x080020ec                HAL_RCC_GetPCLK2Freq
 .text.RCCEx_PLL2_Config
                0x08002110      0x10c build/stm32h7xx_hal_rcc_ex.o
 .text.RCCEx_PLL3_Config
                0x0800221c      0x10c build/stm32h7xx_hal_rcc_ex.o
 .text.HAL_RCCEx_PeriphCLKConfig
                0x08002328      0x9ac build/stm32h7xx_hal_rcc_ex.o
                0x08002328                HAL_RCCEx_PeriphCLKConfig
 .text.HAL_RCCEx_GetD3PCLK1Freq
                0x08002cd4       0x24 build/stm32h7xx_hal_rcc_ex.o
                0x08002cd4                HAL_RCCEx_GetD3PCLK1Freq
 .text.HAL_RCCEx_GetPLL2ClockFreq
                0x08002cf8      0x1fc build/stm32h7xx_hal_rcc_ex.o
                0x08002cf8                HAL_RCCEx_GetPLL2ClockFreq
 .text.HAL_RCCEx_GetPLL3ClockFreq
                0x08002ef4      0x1fc build/stm32h7xx_hal_rcc_ex.o
                0x08002ef4                HAL_RCCEx_GetPLL3ClockFreq
 .text.HAL_GPIO_Init
                0x080030f0      0x1e4 build/stm32h7xx_hal_gpio.o
                0x080030f0                HAL_GPIO_Init
 .text.HAL_GPIO_WritePin
                0x080032d4        0xc build/stm32h7xx_hal_gpio.o
                0x080032d4                HAL_GPIO_WritePin
 .text.HAL_GPIO_EXTI_IRQHandler
                0x080032e0       0x1e build/stm32h7xx_hal_gpio.o
                0x080032e0                HAL_GPIO_EXTI_IRQHandler
 *fill*         0x080032fe        0x2 
 .text.HAL_DMA_Abort_IT
                0x08003300      0x270 build/stm32h7xx_hal_dma.o
                0x08003300                HAL_DMA_Abort_IT
 .text.HAL_PWREx_ConfigSupply
                0x08003570       0x54 build/stm32h7xx_hal_pwr_ex.o
                0x08003570                HAL_PWREx_ConfigSupply
 .text.HAL_InitTick
                0x080035c4       0x50 build/stm32h7xx_hal.o
                0x080035c4                HAL_InitTick
 .text.HAL_Init
                0x08003614       0x5c build/stm32h7xx_hal.o
                0x08003614                HAL_Init
 .text.HAL_IncTick
                0x08003670       0x18 build/stm32h7xx_hal.o
                0x08003670                HAL_IncTick
 .text.HAL_GetTick
                0x08003688        0xc build/stm32h7xx_hal.o
                0x08003688                HAL_GetTick
 .text.HAL_Delay
                0x08003694       0x28 build/stm32h7xx_hal.o
                0x08003694                HAL_Delay
 .text.HAL_GetREVID
                0x080036bc        0xc build/stm32h7xx_hal.o
                0x080036bc                HAL_GetREVID
 .text.UART_EndRxTransfer
                0x080036c8       0x24 build/stm32h7xx_hal_uart.o
 .text.HAL_UART_Receive_IT
                0x080036ec      0x12c build/stm32h7xx_hal_uart.o
                0x080036ec                HAL_UART_Receive_IT
 .text.HAL_UART_TxCpltCallback
                0x08003818        0x2 build/stm32h7xx_hal_uart.o
                0x08003818                HAL_UART_TxCpltCallback
 .text.UART_EndTransmit_IT
                0x0800381a       0x1c build/stm32h7xx_hal_uart.o
 .text.UART_RxISR_8BIT
                0x08003836       0x68 build/stm32h7xx_hal_uart.o
 .text.UART_RxISR_16BIT
                0x0800389e       0x66 build/stm32h7xx_hal_uart.o
 .text.UART_RxISR_8BIT_FIFOEN
                0x08003904       0xac build/stm32h7xx_hal_uart.o
 .text.UART_RxISR_16BIT_FIFOEN
                0x080039b0       0xac build/stm32h7xx_hal_uart.o
 .text.HAL_UART_ErrorCallback
                0x08003a5c        0x2 build/stm32h7xx_hal_uart.o
                0x08003a5c                HAL_UART_ErrorCallback
 *fill*         0x08003a5e        0x2 
 .text.HAL_UART_IRQHandler
                0x08003a60      0x1ec build/stm32h7xx_hal_uart.o
                0x08003a60                HAL_UART_IRQHandler
 .text.UART_DMAAbortOnError
                0x08003c4c       0x14 build/stm32h7xx_hal_uart.o
 .text.UART_SetConfig
                0x08003c60      0x600 build/stm32h7xx_hal_uart.o
                0x08003c60                UART_SetConfig
 .text.UART_AdvFeatureConfig
                0x08004260       0xca build/stm32h7xx_hal_uart.o
                0x08004260                UART_AdvFeatureConfig
 .text.UART_WaitOnFlagUntilTimeout
                0x0800432a       0xac build/stm32h7xx_hal_uart.o
                0x0800432a                UART_WaitOnFlagUntilTimeout
 .text.HAL_UART_Transmit
                0x080043d6       0xe2 build/stm32h7xx_hal_uart.o
                0x080043d6                HAL_UART_Transmit
 .text.UART_CheckIdleState
                0x080044b8       0x72 build/stm32h7xx_hal_uart.o
                0x080044b8                UART_CheckIdleState
 .text.HAL_UART_Init
                0x0800452a       0x66 build/stm32h7xx_hal_uart.o
                0x0800452a                HAL_UART_Init
 .text.UARTEx_SetNbDataToProcess
                0x08004590       0x70 build/stm32h7xx_hal_uart_ex.o
 .text.HAL_UARTEx_WakeupCallback
                0x08004600        0x2 build/stm32h7xx_hal_uart_ex.o
                0x08004600                HAL_UARTEx_WakeupCallback
 .text.HAL_UARTEx_RxFifoFullCallback
                0x08004602        0x2 build/stm32h7xx_hal_uart_ex.o
                0x08004602                HAL_UARTEx_RxFifoFullCallback
 .text.HAL_UARTEx_TxFifoEmptyCallback
                0x08004604        0x2 build/stm32h7xx_hal_uart_ex.o
                0x08004604                HAL_UARTEx_TxFifoEmptyCallback
 .text.HAL_UARTEx_DisableFifoMode
                0x08004606       0x3e build/stm32h7xx_hal_uart_ex.o
                0x08004606                HAL_UARTEx_DisableFifoMode
 .text.HAL_UARTEx_SetTxFifoThreshold
                0x08004644       0x4a build/stm32h7xx_hal_uart_ex.o
                0x08004644                HAL_UARTEx_SetTxFifoThreshold
 .text.HAL_UARTEx_SetRxFifoThreshold
                0x0800468e       0x4a build/stm32h7xx_hal_uart_ex.o
                0x0800468e                HAL_UARTEx_SetRxFifoThreshold
 .text.AD5940_SEQGenSearchReg
                0x080046d8       0x30 build/ad5940.o
 .text.AD5940_SEQRegInfoInsert
                0x08004708       0x44 build/ad5940.o
 .text._is_value_in_table
                0x0800474c       0x1e build/ad5940.o
 .text.AD5940_ReadWrite16B
                0x0800476a       0x2a build/ad5940.o
 .text.AD5940_ReadWrite8B
                0x08004794       0x1c build/ad5940.o
 .text.AD5940_ReadWrite32B
                0x080047b0       0x48 build/ad5940.o
 .text.AD5940_SPIWriteReg
                0x080047f8       0x46 build/ad5940.o
 .text.AD5940_SPIReadReg
                0x0800483e       0x50 build/ad5940.o
 .text.AD5940_SEQGenGetRegDefault
                0x0800488e       0x10 build/ad5940.o
 *fill*         0x0800489e        0x2 
 .text.AD5940_SEQReadReg
                0x080048a0       0x3c build/ad5940.o
 .text.AD5940_SEQGenInsert
                0x080048dc       0x2c build/ad5940.o
                0x080048dc                AD5940_SEQGenInsert
 .text.AD5940_SEQWriteReg
                0x08004908       0x70 build/ad5940.o
 .text.AD5940_SEQGenInit
                0x08004978       0x28 build/ad5940.o
                0x08004978                AD5940_SEQGenInit
 .text.AD5940_SEQGenFetchSeq
                0x080049a0       0x1c build/ad5940.o
                0x080049a0                AD5940_SEQGenFetchSeq
 .text.AD5940_SEQGenCtrl
                0x080049bc       0x1c build/ad5940.o
                0x080049bc                AD5940_SEQGenCtrl
 .text.AD5940_Notch50HzAvailable
                0x080049d8      0x108 build/ad5940.o
                0x080049d8                AD5940_Notch50HzAvailable
 .text.AD5940_Notch60HzAvailable
                0x08004ae0       0xe0 build/ad5940.o
                0x08004ae0                AD5940_Notch60HzAvailable
 .text.AD5940_ClksCalculate
                0x08004bc0      0x1e0 build/ad5940.o
                0x08004bc0                AD5940_ClksCalculate
 .text.AD5940_SweepNext
                0x08004da0      0x160 build/ad5940.o
                0x08004da0                AD5940_SweepNext
 .text.AD5940_StructInit
                0x08004f00        0xc build/ad5940.o
                0x08004f00                AD5940_StructInit
 .text.AD5940_ComplexDivInt
                0x08004f0c       0x6c build/ad5940.o
                0x08004f0c                AD5940_ComplexDivInt
 .text.AD5940_ComplexMag
                0x08004f78       0x24 build/ad5940.o
                0x08004f78                AD5940_ComplexMag
 .text.AD5940_ComplexPhase
                0x08004f9c       0x1c build/ad5940.o
                0x08004f9c                AD5940_ComplexPhase
 .text.AD5940_FIFORd
                0x08004fb8       0x9a build/ad5940.o
                0x08004fb8                AD5940_FIFORd
 *fill*         0x08005052        0x2 
 .text.AD5940_WriteReg
                0x08005054       0x1c build/ad5940.o
                0x08005054                AD5940_WriteReg
 .text.__AD5940_SetDExRTIA
                0x08005070       0x64 build/ad5940.o
 .text.AD5940_ReadReg
                0x080050d4       0x1c build/ad5940.o
                0x080050d4                AD5940_ReadReg
 .text.AD5940_Initialize
                0x080050f0       0x9c build/ad5940.o
                0x080050f0                AD5940_Initialize
 .text.AD5940_AFECtrlS
                0x0800518c       0x5e build/ad5940.o
                0x0800518c                AD5940_AFECtrlS
 .text.AD5940_AFEPwrBW
                0x080051ea       0x10 build/ad5940.o
                0x080051ea                AD5940_AFEPwrBW
 .text.AD5940_REFCfgS
                0x080051fa       0xba build/ad5940.o
                0x080051fa                AD5940_REFCfgS
 .text.__AD5940_ReferenceON
                0x080052b4       0x48 build/ad5940.o
 .text.AD5940_SWMatrixCfgS
                0x080052fc       0x3a build/ad5940.o
                0x080052fc                AD5940_SWMatrixCfgS
 .text.AD5940_HSDacCfgS
                0x08005336       0x30 build/ad5940.o
                0x08005336                AD5940_HSDacCfgS
 .text.AD5940_HSTIACfgS
                0x08005366       0x62 build/ad5940.o
                0x08005366                AD5940_HSTIACfgS
 .text.AD5940_WGCfgS
                0x080053c8       0xa8 build/ad5940.o
                0x080053c8                AD5940_WGCfgS
 .text.AD5940_HSLoopCfgS
                0x08005470       0x22 build/ad5940.o
                0x08005470                AD5940_HSLoopCfgS
 .text.AD5940_WGDACCodeS
                0x08005492       0x12 build/ad5940.o
                0x08005492                AD5940_WGDACCodeS
 .text.AD5940_WGFreqWordCal
                0x080054a4       0x80 build/ad5940.o
                0x080054a4                AD5940_WGFreqWordCal
 .text.AD5940_WGFreqCtrlS
                0x08005524       0x12 build/ad5940.o
                0x08005524                AD5940_WGFreqCtrlS
 .text.AD5940_LPDAC0WriteS
                0x08005536       0x18 build/ad5940.o
                0x08005536                AD5940_LPDAC0WriteS
 .text.AD5940_LPDAC1WriteS
                0x0800554e       0x18 build/ad5940.o
                0x0800554e                AD5940_LPDAC1WriteS
 .text.AD5940_LPDACCfgS
                0x08005566       0x6e build/ad5940.o
                0x08005566                AD5940_LPDACCfgS
 .text.AD5940_LPAMPCfgS
                0x080055d4       0x64 build/ad5940.o
                0x080055d4                AD5940_LPAMPCfgS
 .text.AD5940_LPLoopCfgS
                0x08005638       0x12 build/ad5940.o
                0x08005638                AD5940_LPLoopCfgS
 .text.AD5940_ReadAfeResult
                0x0800564a       0x5c build/ad5940.o
                0x0800564a                AD5940_ReadAfeResult
 .text.AD5940_ADCBaseCfgS
                0x080056a6       0x1a build/ad5940.o
                0x080056a6                AD5940_ADCBaseCfgS
 .text.AD5940_ADCFilterCfgS
                0x080056c0       0x58 build/ad5940.o
                0x080056c0                AD5940_ADCFilterCfgS
 .text.AD5940_ADCDigCompCfgS
                0x08005718       0x2e build/ad5940.o
                0x08005718                AD5940_ADCDigCompCfgS
 .text.AD5940_StatisticCfgS
                0x08005746       0x24 build/ad5940.o
                0x08005746                AD5940_StatisticCfgS
 .text.AD5940_DFTCfgS
                0x0800576a       0x4e build/ad5940.o
                0x0800576a                AD5940_DFTCfgS
 .text.AD5940_DSPCfgS
                0x080057b8       0x2a build/ad5940.o
                0x080057b8                AD5940_DSPCfgS
 .text.AD5940_FIFOCfg
                0x080057e2       0x58 build/ad5940.o
                0x080057e2                AD5940_FIFOCfg
 .text.AD5940_FIFOCtrlS
                0x0800583a       0x1c build/ad5940.o
                0x0800583a                AD5940_FIFOCtrlS
 .text.AD5940_FIFOGetCnt
                0x08005856        0xe build/ad5940.o
                0x08005856                AD5940_FIFOGetCnt
 .text.AD5940_SEQCfg
                0x08005864       0x74 build/ad5940.o
                0x08005864                AD5940_SEQCfg
 .text.AD5940_SEQGetCfg
                0x080058d8       0x36 build/ad5940.o
                0x080058d8                AD5940_SEQGetCfg
 .text.AD5940_SEQCtrlS
                0x0800590e       0x24 build/ad5940.o
                0x0800590e                AD5940_SEQCtrlS
 .text.AD5940_SEQMmrTrig
                0x08005932       0x16 build/ad5940.o
                0x08005932                AD5940_SEQMmrTrig
 .text.AD5940_SEQCmdWrite
                0x08005948       0x28 build/ad5940.o
                0x08005948                AD5940_SEQCmdWrite
 .text.AD5940_SEQInfoCfg
                0x08005970       0x6c build/ad5940.o
                0x08005970                AD5940_SEQInfoCfg
 .text.AD5940_SEQGpioCtrlS
                0x080059dc        0xe build/ad5940.o
                0x080059dc                AD5940_SEQGpioCtrlS
 .text.AD5940_SEQTimeOutRd
                0x080059ea        0xc build/ad5940.o
                0x080059ea                AD5940_SEQTimeOutRd
 .text.AD5940_WUPTCfg
                0x080059f6      0x140 build/ad5940.o
                0x080059f6                AD5940_WUPTCfg
 .text.AD5940_WUPTCtrl
                0x08005b36       0x28 build/ad5940.o
                0x08005b36                AD5940_WUPTCtrl
 .text.AD5940_WUPTTime
                0x08005b5e       0xd8 build/ad5940.o
                0x08005b5e                AD5940_WUPTTime
 .text.AD5940_HFOSC32MHzCtrl
                0x08005c36       0x7e build/ad5940.o
                0x08005c36                AD5940_HFOSC32MHzCtrl
 .text.AD5940_CLKCfg
                0x08005cb4      0x110 build/ad5940.o
                0x08005cb4                AD5940_CLKCfg
 .text.AD5940_INTCCfg
                0x08005dc4       0x32 build/ad5940.o
                0x08005dc4                AD5940_INTCCfg
 .text.AD5940_INTCGetCfg
                0x08005df6       0x18 build/ad5940.o
                0x08005df6                AD5940_INTCGetCfg
 .text.AD5940_INTCClrFlag
                0x08005e0e        0xe build/ad5940.o
                0x08005e0e                AD5940_INTCClrFlag
 .text.AD5940_INTCTestFlag
                0x08005e1c       0x20 build/ad5940.o
                0x08005e1c                AD5940_INTCTestFlag
 .text.__AD5940_TakeMeasurement
                0x08005e3c       0x54 build/ad5940.o
 .text.AD5940_AGPIOFuncCfg
                0x08005e90        0xc build/ad5940.o
                0x08005e90                AD5940_AGPIOFuncCfg
 .text.AD5940_AGPIOOen
                0x08005e9c        0xc build/ad5940.o
                0x08005e9c                AD5940_AGPIOOen
 .text.AD5940_AGPIOIen
                0x08005ea8        0xc build/ad5940.o
                0x08005ea8                AD5940_AGPIOIen
 .text.AD5940_AGPIOPen
                0x08005eb4        0xc build/ad5940.o
                0x08005eb4                AD5940_AGPIOPen
 .text.AD5940_AGPIOCfg
                0x08005ec0       0x26 build/ad5940.o
                0x08005ec0                AD5940_AGPIOCfg
 .text.AD5940_SleepKeyCtrlS
                0x08005ee6        0xe build/ad5940.o
                0x08005ee6                AD5940_SleepKeyCtrlS
 .text.AD5940_EnterSleepS
                0x08005ef4       0x18 build/ad5940.o
                0x08005ef4                AD5940_EnterSleepS
 .text.AD5940_WakeUp
                0x08005f0c       0x24 build/ad5940.o
                0x08005f0c                AD5940_WakeUp
 .text.AD5940_HWReset
                0x08005f30       0x1a build/ad5940.o
                0x08005f30                AD5940_HWReset
 *fill*         0x08005f4a        0x6 
 .text.AD5940_LPRtiaCal
                0x08005f50      0x670 build/ad5940.o
                0x08005f50                AD5940_LPRtiaCal
 .text.AD5940_LFOSCMeasure
                0x080065c0      0x1d0 build/ad5940.o
                0x080065c0                AD5940_LFOSCMeasure
 .text.AD5940_ReadWriteNBytes
                0x08006790       0x20 build/APPOLLOH7Port.o
                0x08006790                AD5940_ReadWriteNBytes
 .text.AD5940_CsClr
                0x080067b0       0x14 build/APPOLLOH7Port.o
                0x080067b0                AD5940_CsClr
 .text.AD5940_CsSet
                0x080067c4       0x14 build/APPOLLOH7Port.o
                0x080067c4                AD5940_CsSet
 .text.AD5940_RstSet
                0x080067d8       0x14 build/APPOLLOH7Port.o
                0x080067d8                AD5940_RstSet
 .text.AD5940_RstClr
                0x080067ec       0x14 build/APPOLLOH7Port.o
                0x080067ec                AD5940_RstClr
 .text.AD5940_Delay10us
                0x08006800       0x1c build/APPOLLOH7Port.o
                0x08006800                AD5940_Delay10us
 .text.AD5940_GetMCUIntFlag
                0x0800681c        0xc build/APPOLLOH7Port.o
                0x0800681c                AD5940_GetMCUIntFlag
 .text.AD5940_ClrMCUIntFlag
                0x08006828       0x10 build/APPOLLOH7Port.o
                0x08006828                AD5940_ClrMCUIntFlag
 .text.AD5940_MCUResourceInit
                0x08006838      0x17c build/APPOLLOH7Port.o
                0x08006838                AD5940_MCUResourceInit
 .text.HAL_GPIO_EXTI_Callback
                0x080069b4       0x14 build/APPOLLOH7Port.o
                0x080069b4                HAL_GPIO_EXTI_Callback
 .text.AD5940PlatformCfg_IMP
                0x080069c8       0x9c build/AD5940Main.o
 .text.AD5940PlatformCfg_VOL
                0x08006a64       0x9c build/AD5940Main.o
 .text.AD5940PlatformCfg_AMP
                0x08006b00       0xe4 build/AD5940Main.o
 .text.VoltageShowResult
                0x08006be4       0x30 build/AD5940Main.o
                0x08006be4                VoltageShowResult
 .text.AMPShowResult
                0x08006c14       0x3c build/AD5940Main.o
                0x08006c14                AMPShowResult
 .text.ImpedanceShowResult
                0x08006c50       0x8c build/AD5940Main.o
                0x08006c50                ImpedanceShowResult
 .text.AD5940AMPStructInit
                0x08006cdc       0x5c build/AD5940Main.o
                0x08006cdc                AD5940AMPStructInit
 .text.AD5940ImpedanceStructInit
                0x08006d38       0x78 build/AD5940Main.o
                0x08006d38                AD5940ImpedanceStructInit
 .text.AD5940VoltageStructInit
                0x08006db0       0x78 build/AD5940Main.o
                0x08006db0                AD5940VoltageStructInit
 .text.AD5940_Main_IMP
                0x08006e28       0x4c build/AD5940Main.o
                0x08006e28                AD5940_Main_IMP
 .text.AD5940_Main_VOL
                0x08006e74       0x4c build/AD5940Main.o
                0x08006e74                AD5940_Main_VOL
 .text.AD5940_Main_AMP
                0x08006ec0       0x4c build/AD5940Main.o
                0x08006ec0                AD5940_Main_AMP
 .text.AppIMPSeqCfgGen
                0x08006f0c      0x298 build/Impedance.o
 .text.AppIMPSeqMeasureGen
                0x080071a4      0x148 build/Impedance.o
 .text.AppIMPGetCfg
                0x080072ec       0x14 build/Impedance.o
                0x080072ec                AppIMPGetCfg
 .text.AppIMPCtrl
                0x08007300       0xf8 build/Impedance.o
                0x08007300                AppIMPCtrl
 .text.AppIMPInit
                0x080073f8      0x104 build/Impedance.o
                0x080073f8                AppIMPInit
 .text.AppIMPRegModify
                0x080074fc       0x58 build/Impedance.o
                0x080074fc                AppIMPRegModify
 .text.AppIMPDataProcess
                0x08007554      0x134 build/Impedance.o
                0x08007554                AppIMPDataProcess
 .text.AppIMPISR
                0x08007688       0x70 build/Impedance.o
                0x08007688                AppIMPISR
 .text.AppAMPRegModify
                0x080076f8       0x40 build/Amperometric.o
 .text.AppAMPRtiaCal
                0x08007738       0x84 build/Amperometric.o
 .text.AppAMPSeqCfgGen
                0x080077bc      0x1a4 build/Amperometric.o
 .text.AppAMPSeqMeasureGen
                0x08007960       0xc4 build/Amperometric.o
 .text.AppAMPGetCfg
                0x08007a24       0x14 build/Amperometric.o
                0x08007a24                AppAMPGetCfg
 .text.AppAMPCtrl
                0x08007a38       0xc4 build/Amperometric.o
                0x08007a38                AppAMPCtrl
 .text.AppAMPInit
                0x08007afc      0x130 build/Amperometric.o
                0x08007afc                AppAMPInit
 .text.AppAMPCalcVoltage
                0x08007c2c      0x100 build/Amperometric.o
                0x08007c2c                AppAMPCalcVoltage
 .text.AppAMPCalcCurrent
                0x08007d2c       0x24 build/Amperometric.o
                0x08007d2c                AppAMPCalcCurrent
 .text.AppAMPDataProcess
                0x08007d50       0x28 build/Amperometric.o
 .text.AppAMPISR
                0x08007d78       0x6c build/Amperometric.o
                0x08007d78                AppAMPISR
 .text.AppVOLSeqCfgGen
                0x08007de4      0x294 build/voltage.o
 .text.AppVOLSeqMeasureGen
                0x08008078       0xd4 build/voltage.o
 .text.AppVOLRegModify
                0x0800814c       0x40 build/voltage.o
 .text.get_APPVOLGetCfg
                0x0800818c       0x14 build/voltage.o
                0x0800818c                get_APPVOLGetCfg
 .text.AppVOLCtrl
                0x080081a0       0x90 build/voltage.o
                0x080081a0                AppVOLCtrl
 .text.AppVOLInit
                0x08008230      0x104 build/voltage.o
                0x08008230                AppVOLInit
 .text.AppVOLDataProcess
                0x08008334       0x18 build/voltage.o
                0x08008334                AppVOLDataProcess
 .text.AppVOLISR
                0x0800834c       0x70 build/voltage.o
                0x0800834c                AppVOLISR
 .text.SystemInit
                0x080083bc       0xd4 build/system_stm32h7xx.o
                0x080083bc                SystemInit
 .text.Reset_Handler
                0x08008490       0x50 build/startup_stm32h743xx.o
                0x08008490                Reset_Handler
 .text.Default_Handler
                0x080084e0        0x2 build/startup_stm32h743xx.o
                0x080084e0                RTC_Alarm_IRQHandler
                0x080084e0                EXTI2_IRQHandler
                0x080084e0                TIM8_CC_IRQHandler
                0x080084e0                HRTIM1_Master_IRQHandler
                0x080084e0                UART8_IRQHandler
                0x080084e0                SPI4_IRQHandler
                0x080084e0                TIM1_CC_IRQHandler
                0x080084e0                BDMA_Channel6_IRQHandler
                0x080084e0                DMA2_Stream5_IRQHandler
                0x080084e0                HRTIM1_FLT_IRQHandler
                0x080084e0                JPEG_IRQHandler
                0x080084e0                DMA1_Stream5_IRQHandler
                0x080084e0                BDMA_Channel1_IRQHandler
                0x080084e0                HRTIM1_TIMD_IRQHandler
                0x080084e0                TAMP_STAMP_IRQHandler
                0x080084e0                EXTI3_IRQHandler
                0x080084e0                LPTIM4_IRQHandler
                0x080084e0                TIM8_TRG_COM_TIM14_IRQHandler
                0x080084e0                LPTIM2_IRQHandler
                0x080084e0                DFSDM1_FLT1_IRQHandler
                0x080084e0                DMAMUX2_OVR_IRQHandler
                0x080084e0                TIM8_UP_TIM13_IRQHandler
                0x080084e0                I2C3_ER_IRQHandler
                0x080084e0                DFSDM1_FLT2_IRQHandler
                0x080084e0                MDMA_IRQHandler
                0x080084e0                LPTIM3_IRQHandler
                0x080084e0                HSEM1_IRQHandler
                0x080084e0                EXTI0_IRQHandler
                0x080084e0                I2C2_EV_IRQHandler
                0x080084e0                DMA1_Stream2_IRQHandler
                0x080084e0                FPU_IRQHandler
                0x080084e0                OTG_HS_WKUP_IRQHandler
                0x080084e0                FDCAN1_IT1_IRQHandler
                0x080084e0                LTDC_ER_IRQHandler
                0x080084e0                DMA2_Stream2_IRQHandler
                0x080084e0                HRTIM1_TIME_IRQHandler
                0x080084e0                SPI1_IRQHandler
                0x080084e0                TIM6_DAC_IRQHandler
                0x080084e0                DCMI_IRQHandler
                0x080084e0                HRTIM1_TIMC_IRQHandler
                0x080084e0                DMA2_Stream3_IRQHandler
                0x080084e0                SAI2_IRQHandler
                0x080084e0                DFSDM1_FLT3_IRQHandler
                0x080084e0                USART6_IRQHandler
                0x080084e0                TIM17_IRQHandler
                0x080084e0                BDMA_Channel7_IRQHandler
                0x080084e0                LPTIM5_IRQHandler
                0x080084e0                UART5_IRQHandler
                0x080084e0                ADC3_IRQHandler
                0x080084e0                DMA2_Stream0_IRQHandler
                0x080084e0                TIM4_IRQHandler
                0x080084e0                BDMA_Channel2_IRQHandler
                0x080084e0                QUADSPI_IRQHandler
                0x080084e0                I2C1_EV_IRQHandler
                0x080084e0                DMA1_Stream6_IRQHandler
                0x080084e0                DMAMUX1_OVR_IRQHandler
                0x080084e0                DMA1_Stream1_IRQHandler
                0x080084e0                TIM16_IRQHandler
                0x080084e0                UART4_IRQHandler
                0x080084e0                BDMA_Channel5_IRQHandler
                0x080084e0                TIM3_IRQHandler
                0x080084e0                RCC_IRQHandler
                0x080084e0                TIM8_BRK_TIM12_IRQHandler
                0x080084e0                TIM1_TRG_COM_IRQHandler
                0x080084e0                Default_Handler
                0x080084e0                ECC_IRQHandler
                0x080084e0                CEC_IRQHandler
                0x080084e0                EXTI15_10_IRQHandler
                0x080084e0                BDMA_Channel0_IRQHandler
                0x080084e0                ADC_IRQHandler
                0x080084e0                DMA1_Stream7_IRQHandler
                0x080084e0                HRTIM1_TIMA_IRQHandler
                0x080084e0                SPI5_IRQHandler
                0x080084e0                TIM7_IRQHandler
                0x080084e0                SDMMC1_IRQHandler
                0x080084e0                TIM5_IRQHandler
                0x080084e0                DMA2_Stream7_IRQHandler
                0x080084e0                TIM15_IRQHandler
                0x080084e0                PVD_AVD_IRQHandler
                0x080084e0                I2C3_EV_IRQHandler
                0x080084e0                RTC_WKUP_IRQHandler
                0x080084e0                LTDC_IRQHandler
                0x080084e0                SAI3_IRQHandler
                0x080084e0                ETH_WKUP_IRQHandler
                0x080084e0                SPDIF_RX_IRQHandler
                0x080084e0                SPI2_IRQHandler
                0x080084e0                OTG_HS_EP1_IN_IRQHandler
                0x080084e0                DMA1_Stream0_IRQHandler
                0x080084e0                CRS_IRQHandler
                0x080084e0                EXTI4_IRQHandler
                0x080084e0                RNG_IRQHandler
                0x080084e0                HRTIM1_TIMB_IRQHandler
                0x080084e0                FDCAN2_IT1_IRQHandler
                0x080084e0                ETH_IRQHandler
                0x080084e0                TIM1_UP_IRQHandler
                0x080084e0                BDMA_Channel4_IRQHandler
                0x080084e0                OTG_HS_EP1_OUT_IRQHandler
                0x080084e0                WWDG_IRQHandler
                0x080084e0                SPI6_IRQHandler
                0x080084e0                MDIOS_IRQHandler
                0x080084e0                I2C4_EV_IRQHandler
                0x080084e0                FDCAN2_IT0_IRQHandler
                0x080084e0                LPUART1_IRQHandler
                0x080084e0                FDCAN1_IT0_IRQHandler
                0x080084e0                TIM2_IRQHandler
                0x080084e0                OTG_FS_WKUP_IRQHandler
                0x080084e0                OTG_HS_IRQHandler
                0x080084e0                DMA2D_IRQHandler
                0x080084e0                TIM1_BRK_IRQHandler
                0x080084e0                EXTI1_IRQHandler
                0x080084e0                SDMMC2_IRQHandler
                0x080084e0                OTG_FS_EP1_OUT_IRQHandler
                0x080084e0                BDMA_Channel3_IRQHandler
                0x080084e0                UART7_IRQHandler
                0x080084e0                MDIOS_WKUP_IRQHandler
                0x080084e0                USART2_IRQHandler
                0x080084e0                DFSDM1_FLT0_IRQHandler
                0x080084e0                SAI4_IRQHandler
                0x080084e0                I2C2_ER_IRQHandler
                0x080084e0                DMA2_Stream1_IRQHandler
                0x080084e0                FLASH_IRQHandler
                0x080084e0                DMA2_Stream4_IRQHandler
                0x080084e0                OTG_FS_IRQHandler
                0x080084e0                SPI3_IRQHandler
                0x080084e0                WAKEUP_PIN_IRQHandler
                0x080084e0                DMA1_Stream4_IRQHandler
                0x080084e0                OTG_FS_EP1_IN_IRQHandler
                0x080084e0                I2C1_ER_IRQHandler
                0x080084e0                FMC_IRQHandler
                0x080084e0                FDCAN_CAL_IRQHandler
                0x080084e0                SWPMI1_IRQHandler
                0x080084e0                COMP1_IRQHandler
                0x080084e0                LPTIM1_IRQHandler
                0x080084e0                I2C4_ER_IRQHandler
                0x080084e0                DMA2_Stream6_IRQHandler
                0x080084e0                SAI1_IRQHandler
                0x080084e0                DMA1_Stream3_IRQHandler
 *fill*         0x080084e2        0x2 
 .text.__libc_init_array
                0x080084e4       0x48 c:/program files (x86)/gnu arm embedded toolchain/9 2020-q2-update/bin/../lib/gcc/arm-none-eabi/9.3.1/../../../../arm-none-eabi/lib/thumb/v7e-m+dp/hard\libc_nano.a(lib_a-init.o)
                0x080084e4                __libc_init_array
 .text.memcpy   0x0800852c       0x1c c:/program files (x86)/gnu arm embedded toolchain/9 2020-q2-update/bin/../lib/gcc/arm-none-eabi/9.3.1/../../../../arm-none-eabi/lib/thumb/v7e-m+dp/hard\libc_nano.a(lib_a-memcpy-stub.o)
                0x0800852c                memcpy
 .text.memset   0x08008548       0x10 c:/program files (x86)/gnu arm embedded toolchain/9 2020-q2-update/bin/../lib/gcc/arm-none-eabi/9.3.1/../../../../arm-none-eabi/lib/thumb/v7e-m+dp/hard\libc_nano.a(lib_a-memset.o)
                0x08008548                memset
 .text.printf   0x08008558       0x30 c:/program files (x86)/gnu arm embedded toolchain/9 2020-q2-update/bin/../lib/gcc/arm-none-eabi/9.3.1/../../../../arm-none-eabi/lib/thumb/v7e-m+dp/hard\libc_nano.a(lib_a-printf.o)
                0x08008558                iprintf
                0x08008558                printf
 .text.std      0x08008588       0x48 c:/program files (x86)/gnu arm embedded toolchain/9 2020-q2-update/bin/../lib/gcc/arm-none-eabi/9.3.1/../../../../arm-none-eabi/lib/thumb/v7e-m+dp/hard\libc_nano.a(lib_a-findfp.o)
 .text._cleanup_r
                0x080085d0        0xc c:/program files (x86)/gnu arm embedded toolchain/9 2020-q2-update/bin/../lib/gcc/arm-none-eabi/9.3.1/../../../../arm-none-eabi/lib/thumb/v7e-m+dp/hard\libc_nano.a(lib_a-findfp.o)
                0x080085d0                _cleanup_r
 .text.__sfmoreglue
                0x080085dc       0x2c c:/program files (x86)/gnu arm embedded toolchain/9 2020-q2-update/bin/../lib/gcc/arm-none-eabi/9.3.1/../../../../arm-none-eabi/lib/thumb/v7e-m+dp/hard\libc_nano.a(lib_a-findfp.o)
                0x080085dc                __sfmoreglue
 .text.__sfp_lock_acquire
                0x08008608        0xc c:/program files (x86)/gnu arm embedded toolchain/9 2020-q2-update/bin/../lib/gcc/arm-none-eabi/9.3.1/../../../../arm-none-eabi/lib/thumb/v7e-m+dp/hard\libc_nano.a(lib_a-findfp.o)
                0x08008608                __sfp_lock_acquire
 .text.__sfp_lock_release
                0x08008614        0xc c:/program files (x86)/gnu arm embedded toolchain/9 2020-q2-update/bin/../lib/gcc/arm-none-eabi/9.3.1/../../../../arm-none-eabi/lib/thumb/v7e-m+dp/hard\libc_nano.a(lib_a-findfp.o)
                0x08008614                __sfp_lock_release
 .text.__sinit_lock_acquire
                0x08008620        0xc c:/program files (x86)/gnu arm embedded toolchain/9 2020-q2-update/bin/../lib/gcc/arm-none-eabi/9.3.1/../../../../arm-none-eabi/lib/thumb/v7e-m+dp/hard\libc_nano.a(lib_a-findfp.o)
                0x08008620                __sinit_lock_acquire
 .text.__sinit_lock_release
                0x0800862c        0xc c:/program files (x86)/gnu arm embedded toolchain/9 2020-q2-update/bin/../lib/gcc/arm-none-eabi/9.3.1/../../../../arm-none-eabi/lib/thumb/v7e-m+dp/hard\libc_nano.a(lib_a-findfp.o)
                0x0800862c                __sinit_lock_release
 .text.__sinit  0x08008638       0x70 c:/program files (x86)/gnu arm embedded toolchain/9 2020-q2-update/bin/../lib/gcc/arm-none-eabi/9.3.1/../../../../arm-none-eabi/lib/thumb/v7e-m+dp/hard\libc_nano.a(lib_a-findfp.o)
                0x08008638                __sinit
 .text.__sfp    0x080086a8       0x8c c:/program files (x86)/gnu arm embedded toolchain/9 2020-q2-update/bin/../lib/gcc/arm-none-eabi/9.3.1/../../../../arm-none-eabi/lib/thumb/v7e-m+dp/hard\libc_nano.a(lib_a-findfp.o)
                0x080086a8                __sfp
 .text._fwalk_reent
                0x08008734       0x3e c:/program files (x86)/gnu arm embedded toolchain/9 2020-q2-update/bin/../lib/gcc/arm-none-eabi/9.3.1/../../../../arm-none-eabi/lib/thumb/v7e-m+dp/hard\libc_nano.a(lib_a-fwalk.o)
                0x08008734                _fwalk_reent
 .text.__retarget_lock_init_recursive
                0x08008772        0x2 c:/program files (x86)/gnu arm embedded toolchain/9 2020-q2-update/bin/../lib/gcc/arm-none-eabi/9.3.1/../../../../arm-none-eabi/lib/thumb/v7e-m+dp/hard\libc_nano.a(lib_a-lock.o)
                0x08008772                __retarget_lock_init_recursive
 .text.__retarget_lock_acquire_recursive
                0x08008774        0x2 c:/program files (x86)/gnu arm embedded toolchain/9 2020-q2-update/bin/../lib/gcc/arm-none-eabi/9.3.1/../../../../arm-none-eabi/lib/thumb/v7e-m+dp/hard\libc_nano.a(lib_a-lock.o)
                0x08008774                __retarget_lock_acquire_recursive
 .text.__retarget_lock_release_recursive
                0x08008776        0x2 c:/program files (x86)/gnu arm embedded toolchain/9 2020-q2-update/bin/../lib/gcc/arm-none-eabi/9.3.1/../../../../arm-none-eabi/lib/thumb/v7e-m+dp/hard\libc_nano.a(lib_a-lock.o)
                0x08008776                __retarget_lock_release_recursive
 .text._malloc_r
                0x08008778       0xb4 c:/program files (x86)/gnu arm embedded toolchain/9 2020-q2-update/bin/../lib/gcc/arm-none-eabi/9.3.1/../../../../arm-none-eabi/lib/thumb/v7e-m+dp/hard\libc_nano.a(lib_a-nano-mallocr.o)
                0x08008778                _malloc_r
 .text.__sfputc_r
                0x0800882c       0x2e c:/program files (x86)/gnu arm embedded toolchain/9 2020-q2-update/bin/../lib/gcc/arm-none-eabi/9.3.1/../../../../arm-none-eabi/lib/thumb/v7e-m+dp/hard\libc_nano.a(lib_a-nano-vfprintf.o)
 .text.__sfputs_r
                0x0800885a       0x24 c:/program files (x86)/gnu arm embedded toolchain/9 2020-q2-update/bin/../lib/gcc/arm-none-eabi/9.3.1/../../../../arm-none-eabi/lib/thumb/v7e-m+dp/hard\libc_nano.a(lib_a-nano-vfprintf.o)
                0x0800885a                __sfputs_r
 *fill*         0x0800887e        0x2 
 .text._vfprintf_r
                0x08008880      0x260 c:/program files (x86)/gnu arm embedded toolchain/9 2020-q2-update/bin/../lib/gcc/arm-none-eabi/9.3.1/../../../../arm-none-eabi/lib/thumb/v7e-m+dp/hard\libc_nano.a(lib_a-nano-vfprintf.o)
                0x08008880                _vfprintf_r
                0x08008880                _vfiprintf_r
 .text._printf_common
                0x08008ae0       0xda c:/program files (x86)/gnu arm embedded toolchain/9 2020-q2-update/bin/../lib/gcc/arm-none-eabi/9.3.1/../../../../arm-none-eabi/lib/thumb/v7e-m+dp/hard\libc_nano.a(lib_a-nano-vfprintf_i.o)
                0x08008ae0                _printf_common
 *fill*         0x08008bba        0x2 
 .text._printf_i
                0x08008bbc      0x24c c:/program files (x86)/gnu arm embedded toolchain/9 2020-q2-update/bin/../lib/gcc/arm-none-eabi/9.3.1/../../../../arm-none-eabi/lib/thumb/v7e-m+dp/hard\libc_nano.a(lib_a-nano-vfprintf_i.o)
                0x08008bbc                _printf_i
 .text._sbrk_r  0x08008e08       0x20 c:/program files (x86)/gnu arm embedded toolchain/9 2020-q2-update/bin/../lib/gcc/arm-none-eabi/9.3.1/../../../../arm-none-eabi/lib/thumb/v7e-m+dp/hard\libc_nano.a(lib_a-sbrkr.o)
                0x08008e08                _sbrk_r
 .text.__sread  0x08008e28       0x22 c:/program files (x86)/gnu arm embedded toolchain/9 2020-q2-update/bin/../lib/gcc/arm-none-eabi/9.3.1/../../../../arm-none-eabi/lib/thumb/v7e-m+dp/hard\libc_nano.a(lib_a-stdio.o)
                0x08008e28                __sread
 .text.__swrite
                0x08008e4a       0x38 c:/program files (x86)/gnu arm embedded toolchain/9 2020-q2-update/bin/../lib/gcc/arm-none-eabi/9.3.1/../../../../arm-none-eabi/lib/thumb/v7e-m+dp/hard\libc_nano.a(lib_a-stdio.o)
                0x08008e4a                __swrite
 .text.__sseek  0x08008e82       0x24 c:/program files (x86)/gnu arm embedded toolchain/9 2020-q2-update/bin/../lib/gcc/arm-none-eabi/9.3.1/../../../../arm-none-eabi/lib/thumb/v7e-m+dp/hard\libc_nano.a(lib_a-stdio.o)
                0x08008e82                __sseek
 .text.__sclose
                0x08008ea6        0x8 c:/program files (x86)/gnu arm embedded toolchain/9 2020-q2-update/bin/../lib/gcc/arm-none-eabi/9.3.1/../../../../arm-none-eabi/lib/thumb/v7e-m+dp/hard\libc_nano.a(lib_a-stdio.o)
                0x08008ea6                __sclose
 *fill*         0x08008eae        0x2 
 .text.__swbuf_r
                0x08008eb0       0xa4 c:/program files (x86)/gnu arm embedded toolchain/9 2020-q2-update/bin/../lib/gcc/arm-none-eabi/9.3.1/../../../../arm-none-eabi/lib/thumb/v7e-m+dp/hard\libc_nano.a(lib_a-wbuf.o)
                0x08008eb0                __swbuf_r
 .text._write_r
                0x08008f54       0x24 c:/program files (x86)/gnu arm embedded toolchain/9 2020-q2-update/bin/../lib/gcc/arm-none-eabi/9.3.1/../../../../arm-none-eabi/lib/thumb/v7e-m+dp/hard\libc_nano.a(lib_a-writer.o)
                0x08008f54                _write_r
 .text.__swsetup_r
                0x08008f78       0xdc c:/program files (x86)/gnu arm embedded toolchain/9 2020-q2-update/bin/../lib/gcc/arm-none-eabi/9.3.1/../../../../arm-none-eabi/lib/thumb/v7e-m+dp/hard\libc_nano.a(lib_a-wsetup.o)
                0x08008f78                __swsetup_r
 .text._close_r
                0x08009054       0x20 c:/program files (x86)/gnu arm embedded toolchain/9 2020-q2-update/bin/../lib/gcc/arm-none-eabi/9.3.1/../../../../arm-none-eabi/lib/thumb/v7e-m+dp/hard\libc_nano.a(lib_a-closer.o)
                0x08009054                _close_r
 .text.__sflush_r
                0x08009074      0x10c c:/program files (x86)/gnu arm embedded toolchain/9 2020-q2-update/bin/../lib/gcc/arm-none-eabi/9.3.1/../../../../arm-none-eabi/lib/thumb/v7e-m+dp/hard\libc_nano.a(lib_a-fflush.o)
                0x08009074                __sflush_r
 .text._fflush_r
                0x08009180       0x78 c:/program files (x86)/gnu arm embedded toolchain/9 2020-q2-update/bin/../lib/gcc/arm-none-eabi/9.3.1/../../../../arm-none-eabi/lib/thumb/v7e-m+dp/hard\libc_nano.a(lib_a-fflush.o)
                0x08009180                _fflush_r
 .text._lseek_r
                0x080091f8       0x24 c:/program files (x86)/gnu arm embedded toolchain/9 2020-q2-update/bin/../lib/gcc/arm-none-eabi/9.3.1/../../../../arm-none-eabi/lib/thumb/v7e-m+dp/hard\libc_nano.a(lib_a-lseekr.o)
                0x080091f8                _lseek_r
 .text.__swhatbuf_r
                0x0800921c       0x48 c:/program files (x86)/gnu arm embedded toolchain/9 2020-q2-update/bin/../lib/gcc/arm-none-eabi/9.3.1/../../../../arm-none-eabi/lib/thumb/v7e-m+dp/hard\libc_nano.a(lib_a-makebuf.o)
                0x0800921c                __swhatbuf_r
 .text.__smakebuf_r
                0x08009264       0x80 c:/program files (x86)/gnu arm embedded toolchain/9 2020-q2-update/bin/../lib/gcc/arm-none-eabi/9.3.1/../../../../arm-none-eabi/lib/thumb/v7e-m+dp/hard\libc_nano.a(lib_a-makebuf.o)
                0x08009264                __smakebuf_r
 .text.__malloc_lock
                0x080092e4        0xc c:/program files (x86)/gnu arm embedded toolchain/9 2020-q2-update/bin/../lib/gcc/arm-none-eabi/9.3.1/../../../../arm-none-eabi/lib/thumb/v7e-m+dp/hard\libc_nano.a(lib_a-mlock.o)
                0x080092e4                __malloc_lock
 .text.__malloc_unlock
                0x080092f0        0xc c:/program files (x86)/gnu arm embedded toolchain/9 2020-q2-update/bin/../lib/gcc/arm-none-eabi/9.3.1/../../../../arm-none-eabi/lib/thumb/v7e-m+dp/hard\libc_nano.a(lib_a-mlock.o)
                0x080092f0                __malloc_unlock
 .text._free_r  0x080092fc       0xa0 c:/program files (x86)/gnu arm embedded toolchain/9 2020-q2-update/bin/../lib/gcc/arm-none-eabi/9.3.1/../../../../arm-none-eabi/lib/thumb/v7e-m+dp/hard\libc_nano.a(lib_a-nano-freer.o)
                0x080092fc                _free_r
 .text._read_r  0x0800939c       0x24 c:/program files (x86)/gnu arm embedded toolchain/9 2020-q2-update/bin/../lib/gcc/arm-none-eabi/9.3.1/../../../../arm-none-eabi/lib/thumb/v7e-m+dp/hard\libc_nano.a(lib_a-readr.o)
                0x0800939c                _read_r
 .text._fstat_r
                0x080093c0       0x24 c:/program files (x86)/gnu arm embedded toolchain/9 2020-q2-update/bin/../lib/gcc/arm-none-eabi/9.3.1/../../../../arm-none-eabi/lib/thumb/v7e-m+dp/hard\libc_nano.a(lib_a-fstatr.o)
                0x080093c0                _fstat_r
 .text._isatty_r
                0x080093e4       0x20 c:/program files (x86)/gnu arm embedded toolchain/9 2020-q2-update/bin/../lib/gcc/arm-none-eabi/9.3.1/../../../../arm-none-eabi/lib/thumb/v7e-m+dp/hard\libc_nano.a(lib_a-isattyr.o)
                0x080093e4                _isatty_r
 *fill*         0x08009404        0x4 
 .text.pow      0x08009408      0x6cc c:/program files (x86)/gnu arm embedded toolchain/9 2020-q2-update/bin/../lib/gcc/arm-none-eabi/9.3.1/../../../../arm-none-eabi/lib/thumb/v7e-m+dp/hard\libm.a(lib_a-pow.o)
                0x08009408                pow
 .text.atan2    0x08009ad4        0x4 c:/program files (x86)/gnu arm embedded toolchain/9 2020-q2-update/bin/../lib/gcc/arm-none-eabi/9.3.1/../../../../arm-none-eabi/lib/thumb/v7e-m+dp/hard\libm.a(lib_a-w_atan2.o)
                0x08009ad4                atan2
 .text.log10    0x08009ad8       0x70 c:/program files (x86)/gnu arm embedded toolchain/9 2020-q2-update/bin/../lib/gcc/arm-none-eabi/9.3.1/../../../../arm-none-eabi/lib/thumb/v7e-m+dp/hard\libm.a(lib_a-w_log10.o)
                0x08009ad8                log10
 .text.sqrt     0x08009b48       0x54 c:/program files (x86)/gnu arm embedded toolchain/9 2020-q2-update/bin/../lib/gcc/arm-none-eabi/9.3.1/../../../../arm-none-eabi/lib/thumb/v7e-m+dp/hard\libm.a(lib_a-w_sqrt.o)
                0x08009b48                sqrt
 *fill*         0x08009b9c        0x4 
 .text.__ieee754_atan2
                0x08009ba0      0x1e4 c:/program files (x86)/gnu arm embedded toolchain/9 2020-q2-update/bin/../lib/gcc/arm-none-eabi/9.3.1/../../../../arm-none-eabi/lib/thumb/v7e-m+dp/hard\libm.a(lib_a-e_atan2.o)
                0x08009ba0                __ieee754_atan2
 *fill*         0x08009d84        0x4 
 .text.__ieee754_log10
                0x08009d88      0x104 c:/program files (x86)/gnu arm embedded toolchain/9 2020-q2-update/bin/../lib/gcc/arm-none-eabi/9.3.1/../../../../arm-none-eabi/lib/thumb/v7e-m+dp/hard\libm.a(lib_a-e_log10.o)
                0x08009d88                __ieee754_log10
 .text.__ieee754_sqrt
                0x08009e8c        0x8 c:/program files (x86)/gnu arm embedded toolchain/9 2020-q2-update/bin/../lib/gcc/arm-none-eabi/9.3.1/../../../../arm-none-eabi/lib/thumb/v7e-m+dp/hard\libm.a(lib_a-e_sqrt.o)
                0x08009e8c                __ieee754_sqrt
 *fill*         0x08009e94        0x4 
 .text.log      0x08009e98      0x224 c:/program files (x86)/gnu arm embedded toolchain/9 2020-q2-update/bin/../lib/gcc/arm-none-eabi/9.3.1/../../../../arm-none-eabi/lib/thumb/v7e-m+dp/hard\libm.a(lib_a-log.o)
                0x08009e98                log
 .text.with_errno
                0x0800a0bc       0x18 c:/program files (x86)/gnu arm embedded toolchain/9 2020-q2-update/bin/../lib/gcc/arm-none-eabi/9.3.1/../../../../arm-none-eabi/lib/thumb/v7e-m+dp/hard\libm.a(lib_a-math_err.o)
 .text.xflow    0x0800a0d4       0x24 c:/program files (x86)/gnu arm embedded toolchain/9 2020-q2-update/bin/../lib/gcc/arm-none-eabi/9.3.1/../../../../arm-none-eabi/lib/thumb/v7e-m+dp/hard\libm.a(lib_a-math_err.o)
 .text.__math_uflow
                0x0800a0f8       0x10 c:/program files (x86)/gnu arm embedded toolchain/9 2020-q2-update/bin/../lib/gcc/arm-none-eabi/9.3.1/../../../../arm-none-eabi/lib/thumb/v7e-m+dp/hard\libm.a(lib_a-math_err.o)
                0x0800a0f8                __math_uflow
 .text.__math_oflow
                0x0800a108       0x10 c:/program files (x86)/gnu arm embedded toolchain/9 2020-q2-update/bin/../lib/gcc/arm-none-eabi/9.3.1/../../../../arm-none-eabi/lib/thumb/v7e-m+dp/hard\libm.a(lib_a-math_err.o)
                0x0800a108                __math_oflow
 .text.__math_divzero
                0x0800a118       0x30 c:/program files (x86)/gnu arm embedded toolchain/9 2020-q2-update/bin/../lib/gcc/arm-none-eabi/9.3.1/../../../../arm-none-eabi/lib/thumb/v7e-m+dp/hard\libm.a(lib_a-math_err.o)
                0x0800a118                __math_divzero
 .text.__math_invalid
                0x0800a148       0x20 c:/program files (x86)/gnu arm embedded toolchain/9 2020-q2-update/bin/../lib/gcc/arm-none-eabi/9.3.1/../../../../arm-none-eabi/lib/thumb/v7e-m+dp/hard\libm.a(lib_a-math_err.o)
                0x0800a148                __math_invalid
 .text.__math_check_uflow
                0x0800a168       0x14 c:/program files (x86)/gnu arm embedded toolchain/9 2020-q2-update/bin/../lib/gcc/arm-none-eabi/9.3.1/../../../../arm-none-eabi/lib/thumb/v7e-m+dp/hard\libm.a(lib_a-math_err.o)
                0x0800a168                __math_check_uflow
 *fill*         0x0800a17c        0x4 
 .text.__math_check_oflow
                0x0800a180       0x28 c:/program files (x86)/gnu arm embedded toolchain/9 2020-q2-update/bin/../lib/gcc/arm-none-eabi/9.3.1/../../../../arm-none-eabi/lib/thumb/v7e-m+dp/hard\libm.a(lib_a-math_err.o)
                0x0800a180                __math_check_oflow
 .text.atan     0x0800a1a8      0x1fc c:/program files (x86)/gnu arm embedded toolchain/9 2020-q2-update/bin/../lib/gcc/arm-none-eabi/9.3.1/../../../../arm-none-eabi/lib/thumb/v7e-m+dp/hard\libm.a(lib_a-s_atan.o)
                0x0800a1a8                atan
 .text.fabs     0x0800a3a4       0x14 c:/program files (x86)/gnu arm embedded toolchain/9 2020-q2-update/bin/../lib/gcc/arm-none-eabi/9.3.1/../../../../arm-none-eabi/lib/thumb/v7e-m+dp/hard\libm.a(lib_a-s_fabs.o)
                0x0800a3a4                fabs
 .text.nan      0x0800a3b8       0x10 c:/program files (x86)/gnu arm embedded toolchain/9 2020-q2-update/bin/../lib/gcc/arm-none-eabi/9.3.1/../../../../arm-none-eabi/lib/thumb/v7e-m+dp/hard\libm.a(lib_a-s_nan.o)
                0x0800a3b8                nan
 .text._close   0x0800a3c8       0x10 c:/program files (x86)/gnu arm embedded toolchain/9 2020-q2-update/bin/../lib/gcc/arm-none-eabi/9.3.1/../../../../arm-none-eabi/lib/thumb/v7e-m+dp/hard\libnosys.a(close.o)
                0x0800a3c8                _close
 .text._fstat   0x0800a3d8       0x10 c:/program files (x86)/gnu arm embedded toolchain/9 2020-q2-update/bin/../lib/gcc/arm-none-eabi/9.3.1/../../../../arm-none-eabi/lib/thumb/v7e-m+dp/hard\libnosys.a(fstat.o)
                0x0800a3d8                _fstat
 .text._isatty  0x0800a3e8       0x10 c:/program files (x86)/gnu arm embedded toolchain/9 2020-q2-update/bin/../lib/gcc/arm-none-eabi/9.3.1/../../../../arm-none-eabi/lib/thumb/v7e-m+dp/hard\libnosys.a(isatty.o)
                0x0800a3e8                _isatty
 .text._lseek   0x0800a3f8       0x10 c:/program files (x86)/gnu arm embedded toolchain/9 2020-q2-update/bin/../lib/gcc/arm-none-eabi/9.3.1/../../../../arm-none-eabi/lib/thumb/v7e-m+dp/hard\libnosys.a(lseek.o)
                0x0800a3f8                _lseek
 .text._read    0x0800a408       0x10 c:/program files (x86)/gnu arm embedded toolchain/9 2020-q2-update/bin/../lib/gcc/arm-none-eabi/9.3.1/../../../../arm-none-eabi/lib/thumb/v7e-m+dp/hard\libnosys.a(read.o)
                0x0800a408                _read
 .text._sbrk    0x0800a418       0x1c c:/program files (x86)/gnu arm embedded toolchain/9 2020-q2-update/bin/../lib/gcc/arm-none-eabi/9.3.1/../../../../arm-none-eabi/lib/thumb/v7e-m+dp/hard\libnosys.a(sbrk.o)
                0x0800a418                _sbrk
 .text.__errno  0x0800a434        0xc c:/program files (x86)/gnu arm embedded toolchain/9 2020-q2-update/bin/../lib/gcc/arm-none-eabi/9.3.1/../../../../arm-none-eabi/lib/thumb/v7e-m+dp/hard\libc_nano.a(lib_a-errno.o)
                0x0800a434                __errno
 *(.glue_7)
 .glue_7        0x0800a440        0x0 linker stubs
 *(.glue_7t)
 .glue_7t       0x0800a440        0x0 linker stubs
 *(.eh_frame)
 .eh_frame      0x0800a440        0x0 c:/program files (x86)/gnu arm embedded toolchain/9 2020-q2-update/bin/../lib/gcc/arm-none-eabi/9.3.1/thumb/v7e-m+dp/hard/crtbegin.o
 *(.init)
 .init          0x0800a440        0x4 c:/program files (x86)/gnu arm embedded toolchain/9 2020-q2-update/bin/../lib/gcc/arm-none-eabi/9.3.1/thumb/v7e-m+dp/hard/crti.o
                0x0800a440                _init
 .init          0x0800a444        0x8 c:/program files (x86)/gnu arm embedded toolchain/9 2020-q2-update/bin/../lib/gcc/arm-none-eabi/9.3.1/thumb/v7e-m+dp/hard/crtn.o
 *(.fini)
 .fini          0x0800a44c        0x4 c:/program files (x86)/gnu arm embedded toolchain/9 2020-q2-update/bin/../lib/gcc/arm-none-eabi/9.3.1/thumb/v7e-m+dp/hard/crti.o
                0x0800a44c                _fini
 .fini          0x0800a450        0x8 c:/program files (x86)/gnu arm embedded toolchain/9 2020-q2-update/bin/../lib/gcc/arm-none-eabi/9.3.1/thumb/v7e-m+dp/hard/crtn.o
                0x0800a458                . = ALIGN (0x4)
                0x0800a458                _etext = .

.vfp11_veneer   0x0800a458        0x0
 .vfp11_veneer  0x0800a458        0x0 linker stubs

.v4_bx          0x0800a458        0x0
 .v4_bx         0x0800a458        0x0 linker stubs

.iplt           0x0800a458        0x0
 .iplt          0x0800a458        0x0 c:/program files (x86)/gnu arm embedded toolchain/9 2020-q2-update/bin/../lib/gcc/arm-none-eabi/9.3.1/thumb/v7e-m+dp/hard/crtbegin.o

.rodata         0x0800a458     0x24d8
                0x0800a458                . = ALIGN (0x4)
 *(.rodata)
 .rodata        0x0800a458        0x8 build/stm32h7xx_hal_uart_ex.o
 .rodata        0x0800a460      0x168 build/ad5940.o
 *(.rodata*)
 .rodata.main.str1.4
                0x0800a5c8       0x28 build/main.o
 .rodata.UARTPrescTable
                0x0800a5f0       0x18 build/stm32h7xx_hal_uart.o
                0x0800a5f0                UARTPrescTable
 .rodata.UARTEx_SetNbDataToProcess.str1.4
                0x0800a608        0x9 build/stm32h7xx_hal_uart_ex.o
 *fill*         0x0800a611        0x3 
 .rodata.AD5940_Notch50HzAvailable.str1.4
                0x0800a614       0x27 build/ad5940.o
 *fill*         0x0800a63b        0x1 
 .rodata.AD5940_Notch60HzAvailable.str1.4
                0x0800a63c        0xf build/ad5940.o
 *fill*         0x0800a64b        0x1 
 .rodata.AD5940_Initialize.str1.4
                0x0800a64c       0x4a build/ad5940.o
 *fill*         0x0800a696        0x2 
 .rodata.SeqA.8617
                0x0800a698        0x4 build/ad5940.o
 .rodata.SeqB.8618
                0x0800a69c        0x4 build/ad5940.o
 .rodata.SeqBB.8619
                0x0800a6a0        0x8 build/ad5940.o
 .rodata.AD5940PlatformCfg_AMP.str1.4
                0x0800a6a8        0x9 build/AD5940Main.o
 *fill*         0x0800a6b1        0x3 
 .rodata.VoltageShowResult.str1.4
                0x0800a6b4        0x4 build/AD5940Main.o
 .rodata.AMPShowResult.str1.4
                0x0800a6b8        0x6 build/AD5940Main.o
 *fill*         0x0800a6be        0x2 
 .rodata.ImpedanceShowResult.str1.4
                0x0800a6c0        0xd build/AD5940Main.o
 *fill*         0x0800a6cd        0x3 
 .rodata.D1CorePrescTable
                0x0800a6d0       0x10 build/system_stm32h7xx.o
                0x0800a6d0                D1CorePrescTable
 .rodata._global_impure_ptr
                0x0800a6e0        0x4 c:/program files (x86)/gnu arm embedded toolchain/9 2020-q2-update/bin/../lib/gcc/arm-none-eabi/9.3.1/../../../../arm-none-eabi/lib/thumb/v7e-m+dp/hard\libc_nano.a(lib_a-impure.o)
                0x0800a6e0                _global_impure_ptr
 .rodata.__sf_fake_stderr
                0x0800a6e4       0x20 c:/program files (x86)/gnu arm embedded toolchain/9 2020-q2-update/bin/../lib/gcc/arm-none-eabi/9.3.1/../../../../arm-none-eabi/lib/thumb/v7e-m+dp/hard\libc_nano.a(lib_a-findfp.o)
                0x0800a6e4                __sf_fake_stderr
 .rodata.__sf_fake_stdin
                0x0800a704       0x20 c:/program files (x86)/gnu arm embedded toolchain/9 2020-q2-update/bin/../lib/gcc/arm-none-eabi/9.3.1/../../../../arm-none-eabi/lib/thumb/v7e-m+dp/hard\libc_nano.a(lib_a-findfp.o)
                0x0800a704                __sf_fake_stdin
 .rodata.__sf_fake_stdout
                0x0800a724       0x20 c:/program files (x86)/gnu arm embedded toolchain/9 2020-q2-update/bin/../lib/gcc/arm-none-eabi/9.3.1/../../../../arm-none-eabi/lib/thumb/v7e-m+dp/hard\libc_nano.a(lib_a-findfp.o)
                0x0800a724                __sf_fake_stdout
 .rodata._vfprintf_r.str1.1
                0x0800a744       0x11 c:/program files (x86)/gnu arm embedded toolchain/9 2020-q2-update/bin/../lib/gcc/arm-none-eabi/9.3.1/../../../../arm-none-eabi/lib/thumb/v7e-m+dp/hard\libc_nano.a(lib_a-nano-vfprintf.o)
 .rodata._printf_i.str1.1
                0x0800a755       0x22 c:/program files (x86)/gnu arm embedded toolchain/9 2020-q2-update/bin/../lib/gcc/arm-none-eabi/9.3.1/../../../../arm-none-eabi/lib/thumb/v7e-m+dp/hard\libc_nano.a(lib_a-nano-vfprintf_i.o)
 *fill*         0x0800a777        0x1 
 .rodata.__pow_log_data
                0x0800a778     0x1048 c:/program files (x86)/gnu arm embedded toolchain/9 2020-q2-update/bin/../lib/gcc/arm-none-eabi/9.3.1/../../../../arm-none-eabi/lib/thumb/v7e-m+dp/hard\libm.a(lib_a-pow_log_data.o)
                0x0800a778                __pow_log_data
 .rodata.log10.str1.4
                0x0800b7c0        0xd c:/program files (x86)/gnu arm embedded toolchain/9 2020-q2-update/bin/../lib/gcc/arm-none-eabi/9.3.1/../../../../arm-none-eabi/lib/thumb/v7e-m+dp/hard\libm.a(lib_a-w_log10.o)
                                  0x1 (size before relaxing)
 .rodata.CSWTCH.8
                0x0800b7c0       0x18 c:/program files (x86)/gnu arm embedded toolchain/9 2020-q2-update/bin/../lib/gcc/arm-none-eabi/9.3.1/../../../../arm-none-eabi/lib/thumb/v7e-m+dp/hard\libm.a(lib_a-e_atan2.o)
 .rodata.CSWTCH.9
                0x0800b7d8       0x18 c:/program files (x86)/gnu arm embedded toolchain/9 2020-q2-update/bin/../lib/gcc/arm-none-eabi/9.3.1/../../../../arm-none-eabi/lib/thumb/v7e-m+dp/hard\libm.a(lib_a-e_atan2.o)
 .rodata.__exp_data
                0x0800b7f0      0x870 c:/program files (x86)/gnu arm embedded toolchain/9 2020-q2-update/bin/../lib/gcc/arm-none-eabi/9.3.1/../../../../arm-none-eabi/lib/thumb/v7e-m+dp/hard\libm.a(lib_a-exp_data.o)
                0x0800b7f0                __exp_data
 .rodata.__log_data
                0x0800c060      0x890 c:/program files (x86)/gnu arm embedded toolchain/9 2020-q2-update/bin/../lib/gcc/arm-none-eabi/9.3.1/../../../../arm-none-eabi/lib/thumb/v7e-m+dp/hard\libm.a(lib_a-log_data.o)
                0x0800c060                __log_data
 .rodata.atanhi
                0x0800c8f0       0x20 c:/program files (x86)/gnu arm embedded toolchain/9 2020-q2-update/bin/../lib/gcc/arm-none-eabi/9.3.1/../../../../arm-none-eabi/lib/thumb/v7e-m+dp/hard\libm.a(lib_a-s_atan.o)
 .rodata.atanlo
                0x0800c910       0x20 c:/program files (x86)/gnu arm embedded toolchain/9 2020-q2-update/bin/../lib/gcc/arm-none-eabi/9.3.1/../../../../arm-none-eabi/lib/thumb/v7e-m+dp/hard\libm.a(lib_a-s_atan.o)
                0x0800c930                . = ALIGN (0x4)

.ARM.extab
 *(.ARM.extab* .gnu.linkonce.armextab.*)

.ARM            0x0800c930        0x8
                0x0800c930                __exidx_start = .
 *(.ARM.exidx*)
 .ARM.exidx     0x0800c930        0x8 c:/program files (x86)/gnu arm embedded toolchain/9 2020-q2-update/bin/../lib/gcc/arm-none-eabi/9.3.1/thumb/v7e-m+dp/hard\libgcc.a(_udivmoddi4.o)
                0x0800c938                __exidx_end = .

.rel.dyn        0x0800c938        0x0
 .rel.iplt      0x0800c938        0x0 c:/program files (x86)/gnu arm embedded toolchain/9 2020-q2-update/bin/../lib/gcc/arm-none-eabi/9.3.1/thumb/v7e-m+dp/hard/crtbegin.o

.preinit_array  0x0800c938        0x0
                0x0800c938                PROVIDE (__preinit_array_start = .)
 *(.preinit_array*)
                0x0800c938                PROVIDE (__preinit_array_end = .)

.init_array     0x0800c938        0x4
                0x0800c938                PROVIDE (__init_array_start = .)
 *(SORT_BY_NAME(.init_array.*))
 *(.init_array*)
 .init_array    0x0800c938        0x4 c:/program files (x86)/gnu arm embedded toolchain/9 2020-q2-update/bin/../lib/gcc/arm-none-eabi/9.3.1/thumb/v7e-m+dp/hard/crtbegin.o
                0x0800c93c                PROVIDE (__init_array_end = .)

.fini_array     0x0800c93c        0x4
                [!provide]                PROVIDE (__fini_array_start = .)
 *(SORT_BY_NAME(.fini_array.*))
 *(.fini_array*)
 .fini_array    0x0800c93c        0x4 c:/program files (x86)/gnu arm embedded toolchain/9 2020-q2-update/bin/../lib/gcc/arm-none-eabi/9.3.1/thumb/v7e-m+dp/hard/crtbegin.o
                [!provide]                PROVIDE (__fini_array_end = .)
                0x0800c940                _sidata = LOADADDR (.data)

.data           0x20000000      0x2b0 load address 0x0800c940
                0x20000000                . = ALIGN (0x4)
                0x20000000                _sdata = .
 *(.data)
 *(.data*)
 .data.uwTickFreq
                0x20000000        0x1 build/stm32h7xx_hal.o
                0x20000000                uwTickFreq
 *fill*         0x20000001        0x3 
 .data.uwTickPrio
                0x20000004        0x4 build/stm32h7xx_hal.o
                0x20000004                uwTickPrio
 .data.AppIMPCfg
                0x20000008       0xcc build/Impedance.o
                0x20000008                AppIMPCfg
 .data.AppAMPCfg
                0x200000d4       0xa0 build/Amperometric.o
                0x200000d4                AppAMPCfg
 .data.AppVOLCfg
                0x20000174       0xcc build/voltage.o
                0x20000174                AppVOLCfg
 .data.SystemCoreClock
                0x20000240        0x4 build/system_stm32h7xx.o
                0x20000240                SystemCoreClock
 .data.SystemD2Clock
                0x20000244        0x4 build/system_stm32h7xx.o
                0x20000244                SystemD2Clock
 .data._impure_ptr
                0x20000248        0x4 c:/program files (x86)/gnu arm embedded toolchain/9 2020-q2-update/bin/../lib/gcc/arm-none-eabi/9.3.1/../../../../arm-none-eabi/lib/thumb/v7e-m+dp/hard\libc_nano.a(lib_a-impure.o)
                0x20000248                _impure_ptr
 .data.impure_data
                0x2000024c       0x60 c:/program files (x86)/gnu arm embedded toolchain/9 2020-q2-update/bin/../lib/gcc/arm-none-eabi/9.3.1/../../../../arm-none-eabi/lib/thumb/v7e-m+dp/hard\libc_nano.a(lib_a-impure.o)
 .data.__fdlib_version
                0x200002ac        0x1 c:/program files (x86)/gnu arm embedded toolchain/9 2020-q2-update/bin/../lib/gcc/arm-none-eabi/9.3.1/../../../../arm-none-eabi/lib/thumb/v7e-m+dp/hard\libm.a(lib_a-s_lib_ver.o)
                0x200002ac                __fdlib_version
                0x200002b0                . = ALIGN (0x4)
 *fill*         0x200002ad        0x3 
                0x200002b0                _edata = .

.igot.plt       0x200002b0        0x0 load address 0x0800cbf0
 .igot.plt      0x200002b0        0x0 c:/program files (x86)/gnu arm embedded toolchain/9 2020-q2-update/bin/../lib/gcc/arm-none-eabi/9.3.1/thumb/v7e-m+dp/hard/crtbegin.o
                0x200002b0                . = ALIGN (0x4)

.bss            0x200002b0      0xaf8 load address 0x0800cbf0
                0x200002b0                _sbss = .
                0x200002b0                __bss_start__ = _sbss
 *(.bss)
 .bss           0x200002b0       0x1c c:/program files (x86)/gnu arm embedded toolchain/9 2020-q2-update/bin/../lib/gcc/arm-none-eabi/9.3.1/thumb/v7e-m+dp/hard/crtbegin.o
 *(.bss*)
 .bss.choose    0x200002cc        0x4 build/main.o
                0x200002cc                choose
 .bss.bIsS2silicon
                0x200002d0        0x1 build/ad5940.o
 .bss.ucInterrupted
                0x200002d1        0x1 build/APPOLLOH7Port.o
 *fill*         0x200002d2        0x2 
 .bss.__malloc_free_list
                0x200002d4        0x4 c:/program files (x86)/gnu arm embedded toolchain/9 2020-q2-update/bin/../lib/gcc/arm-none-eabi/9.3.1/../../../../arm-none-eabi/lib/thumb/v7e-m+dp/hard\libc_nano.a(lib_a-nano-mallocr.o)
                0x200002d4                __malloc_free_list
 .bss.__malloc_sbrk_start
                0x200002d8        0x4 c:/program files (x86)/gnu arm embedded toolchain/9 2020-q2-update/bin/../lib/gcc/arm-none-eabi/9.3.1/../../../../arm-none-eabi/lib/thumb/v7e-m+dp/hard\libc_nano.a(lib_a-nano-mallocr.o)
                0x200002d8                __malloc_sbrk_start
 .bss.heap_end.5507
                0x200002dc        0x4 c:/program files (x86)/gnu arm embedded toolchain/9 2020-q2-update/bin/../lib/gcc/arm-none-eabi/9.3.1/../../../../arm-none-eabi/lib/thumb/v7e-m+dp/hard\libnosys.a(sbrk.o)
 *(COMMON)
 COMMON         0x200002e0        0x2 build/main.o
                0x200002e0                aRxBuffer3
                0x200002e1                aRxBuffer1
 *fill*         0x200002e2        0x2 
 COMMON         0x200002e4       0x88 build/spi.o
                0x200002e4                hspi3
 COMMON         0x2000036c      0x180 build/usart.o
                0x2000036c                huart3
                0x200003f8                huart1
                0x20000484                __stdout
 COMMON         0x200004ec        0x4 build/stm32h7xx_hal.o
                0x200004ec                uwTick
 COMMON         0x200004f0       0x1c build/ad5940.o
                0x200004f0                SeqGenDB
 COMMON         0x2000050c       0x88 build/APPOLLOH7Port.o
                0x2000050c                SpiHandle
 COMMON         0x20000594      0x804 build/AD5940Main.o
                0x20000594                LFOSCFreq
                0x20000598                AppBuff
 COMMON         0x20000d98        0x9 c:/program files (x86)/gnu arm embedded toolchain/9 2020-q2-update/bin/../lib/gcc/arm-none-eabi/9.3.1/../../../../arm-none-eabi/lib/thumb/v7e-m+dp/hard\libc_nano.a(lib_a-lock.o)
                0x20000d98                __lock___atexit_recursive_mutex
                0x20000d99                __lock___arc4random_mutex
                0x20000d9a                __lock___env_recursive_mutex
                0x20000d9b                __lock___sinit_recursive_mutex
                0x20000d9c                __lock___malloc_recursive_mutex
                0x20000d9d                __lock___at_quick_exit_mutex
                0x20000d9e                __lock___dd_hash_mutex
                0x20000d9f                __lock___tz_mutex
                0x20000da0                __lock___sfp_recursive_mutex
 *fill*         0x20000da1        0x3 
 COMMON         0x20000da4        0x4 c:/program files (x86)/gnu arm embedded toolchain/9 2020-q2-update/bin/../lib/gcc/arm-none-eabi/9.3.1/../../../../arm-none-eabi/lib/thumb/v7e-m+dp/hard\libc_nano.a(lib_a-reent.o)
                0x20000da4                errno
                0x20000da8                . = ALIGN (0x4)
                0x20000da8                _ebss = .
                0x20000da8                __bss_end__ = _ebss

._user_heap_stack
                0x20000da8      0x600 load address 0x0800cbf0
                0x20000da8                . = ALIGN (0x8)
                0x20000da8                PROVIDE (end = .)
                [!provide]                PROVIDE (_end = .)
                0x20000fa8                . = (. + _Min_Heap_Size)
 *fill*         0x20000da8      0x200 
                0x200013a8                . = (. + _Min_Stack_Size)
 *fill*         0x20000fa8      0x400 
                0x200013a8                . = ALIGN (0x8)

/DISCARD/
 libc.a(*)
 libm.a(*)
 libgcc.a(*)

.ARM.attributes
                0x00000000       0x2e
 *(.ARM.attributes)
 .ARM.attributes
                0x00000000       0x1e c:/program files (x86)/gnu arm embedded toolchain/9 2020-q2-update/bin/../lib/gcc/arm-none-eabi/9.3.1/thumb/v7e-m+dp/hard/crti.o
 .ARM.attributes
                0x0000001e       0x32 c:/program files (x86)/gnu arm embedded toolchain/9 2020-q2-update/bin/../lib/gcc/arm-none-eabi/9.3.1/thumb/v7e-m+dp/hard/crtbegin.o
 .ARM.attributes
                0x00000050       0x32 build/main.o
 .ARM.attributes
                0x00000082       0x32 build/gpio.o
 .ARM.attributes
                0x000000b4       0x32 build/spi.o
 .ARM.attributes
                0x000000e6       0x32 build/usart.o
 .ARM.attributes
                0x00000118       0x32 build/stm32h7xx_it.o
 .ARM.attributes
                0x0000014a       0x32 build/stm32h7xx_hal_msp.o
 .ARM.attributes
                0x0000017c       0x32 build/stm32h7xx_hal_cortex.o
 .ARM.attributes
                0x000001ae       0x32 build/stm32h7xx_hal_spi.o
 .ARM.attributes
                0x000001e0       0x32 build/stm32h7xx_hal_rcc.o
 .ARM.attributes
                0x00000212       0x32 build/stm32h7xx_hal_rcc_ex.o
 .ARM.attributes
                0x00000244       0x32 build/stm32h7xx_hal_gpio.o
 .ARM.attributes
                0x00000276       0x32 build/stm32h7xx_hal_dma.o
 .ARM.attributes
                0x000002a8       0x32 build/stm32h7xx_hal_pwr_ex.o
 .ARM.attributes
                0x000002da       0x32 build/stm32h7xx_hal.o
 .ARM.attributes
                0x0000030c       0x32 build/stm32h7xx_hal_uart.o
 .ARM.attributes
                0x0000033e       0x32 build/stm32h7xx_hal_uart_ex.o
 .ARM.attributes
                0x00000370       0x32 build/ad5940.o
 .ARM.attributes
                0x000003a2       0x32 build/APPOLLOH7Port.o
 .ARM.attributes
                0x000003d4       0x32 build/AD5940Main.o
 .ARM.attributes
                0x00000406       0x32 build/Impedance.o
 .ARM.attributes
                0x00000438       0x32 build/Amperometric.o
 .ARM.attributes
                0x0000046a       0x32 build/voltage.o
 .ARM.attributes
                0x0000049c       0x32 build/system_stm32h7xx.o
 .ARM.attributes
                0x000004ce       0x21 build/startup_stm32h743xx.o
 .ARM.attributes
                0x000004ef       0x30 c:/program files (x86)/gnu arm embedded toolchain/9 2020-q2-update/bin/../lib/gcc/arm-none-eabi/9.3.1/../../../../arm-none-eabi/lib/thumb/v7e-m+dp/hard\libc_nano.a(lib_a-impure.o)
 .ARM.attributes
                0x0000051f       0x32 c:/program files (x86)/gnu arm embedded toolchain/9 2020-q2-update/bin/../lib/gcc/arm-none-eabi/9.3.1/../../../../arm-none-eabi/lib/thumb/v7e-m+dp/hard\libc_nano.a(lib_a-init.o)
 .ARM.attributes
                0x00000551       0x32 c:/program files (x86)/gnu arm embedded toolchain/9 2020-q2-update/bin/../lib/gcc/arm-none-eabi/9.3.1/../../../../arm-none-eabi/lib/thumb/v7e-m+dp/hard\libc_nano.a(lib_a-memcpy-stub.o)
 .ARM.attributes
                0x00000583       0x32 c:/program files (x86)/gnu arm embedded toolchain/9 2020-q2-update/bin/../lib/gcc/arm-none-eabi/9.3.1/../../../../arm-none-eabi/lib/thumb/v7e-m+dp/hard\libc_nano.a(lib_a-memset.o)
 .ARM.attributes
                0x000005b5       0x32 c:/program files (x86)/gnu arm embedded toolchain/9 2020-q2-update/bin/../lib/gcc/arm-none-eabi/9.3.1/../../../../arm-none-eabi/lib/thumb/v7e-m+dp/hard\libc_nano.a(lib_a-printf.o)
 .ARM.attributes
                0x000005e7       0x32 c:/program files (x86)/gnu arm embedded toolchain/9 2020-q2-update/bin/../lib/gcc/arm-none-eabi/9.3.1/../../../../arm-none-eabi/lib/thumb/v7e-m+dp/hard\libc_nano.a(lib_a-findfp.o)
 .ARM.attributes
                0x00000619       0x32 c:/program files (x86)/gnu arm embedded toolchain/9 2020-q2-update/bin/../lib/gcc/arm-none-eabi/9.3.1/../../../../arm-none-eabi/lib/thumb/v7e-m+dp/hard\libc_nano.a(lib_a-fwalk.o)
 .ARM.attributes
                0x0000064b       0x32 c:/program files (x86)/gnu arm embedded toolchain/9 2020-q2-update/bin/../lib/gcc/arm-none-eabi/9.3.1/../../../../arm-none-eabi/lib/thumb/v7e-m+dp/hard\libc_nano.a(lib_a-lock.o)
 .ARM.attributes
                0x0000067d       0x32 c:/program files (x86)/gnu arm embedded toolchain/9 2020-q2-update/bin/../lib/gcc/arm-none-eabi/9.3.1/../../../../arm-none-eabi/lib/thumb/v7e-m+dp/hard\libc_nano.a(lib_a-nano-mallocr.o)
 .ARM.attributes
                0x000006af       0x32 c:/program files (x86)/gnu arm embedded toolchain/9 2020-q2-update/bin/../lib/gcc/arm-none-eabi/9.3.1/../../../../arm-none-eabi/lib/thumb/v7e-m+dp/hard\libc_nano.a(lib_a-nano-vfprintf.o)
 .ARM.attributes
                0x000006e1       0x32 c:/program files (x86)/gnu arm embedded toolchain/9 2020-q2-update/bin/../lib/gcc/arm-none-eabi/9.3.1/../../../../arm-none-eabi/lib/thumb/v7e-m+dp/hard\libc_nano.a(lib_a-nano-vfprintf_i.o)
 .ARM.attributes
                0x00000713       0x32 c:/program files (x86)/gnu arm embedded toolchain/9 2020-q2-update/bin/../lib/gcc/arm-none-eabi/9.3.1/../../../../arm-none-eabi/lib/thumb/v7e-m+dp/hard\libc_nano.a(lib_a-sbrkr.o)
 .ARM.attributes
                0x00000745       0x32 c:/program files (x86)/gnu arm embedded toolchain/9 2020-q2-update/bin/../lib/gcc/arm-none-eabi/9.3.1/../../../../arm-none-eabi/lib/thumb/v7e-m+dp/hard\libc_nano.a(lib_a-stdio.o)
 .ARM.attributes
                0x00000777       0x32 c:/program files (x86)/gnu arm embedded toolchain/9 2020-q2-update/bin/../lib/gcc/arm-none-eabi/9.3.1/../../../../arm-none-eabi/lib/thumb/v7e-m+dp/hard\libc_nano.a(lib_a-wbuf.o)
 .ARM.attributes
                0x000007a9       0x32 c:/program files (x86)/gnu arm embedded toolchain/9 2020-q2-update/bin/../lib/gcc/arm-none-eabi/9.3.1/../../../../arm-none-eabi/lib/thumb/v7e-m+dp/hard\libc_nano.a(lib_a-writer.o)
 .ARM.attributes
                0x000007db       0x32 c:/program files (x86)/gnu arm embedded toolchain/9 2020-q2-update/bin/../lib/gcc/arm-none-eabi/9.3.1/../../../../arm-none-eabi/lib/thumb/v7e-m+dp/hard\libc_nano.a(lib_a-wsetup.o)
 .ARM.attributes
                0x0000080d       0x32 c:/program files (x86)/gnu arm embedded toolchain/9 2020-q2-update/bin/../lib/gcc/arm-none-eabi/9.3.1/../../../../arm-none-eabi/lib/thumb/v7e-m+dp/hard\libc_nano.a(lib_a-closer.o)
 .ARM.attributes
                0x0000083f       0x32 c:/program files (x86)/gnu arm embedded toolchain/9 2020-q2-update/bin/../lib/gcc/arm-none-eabi/9.3.1/../../../../arm-none-eabi/lib/thumb/v7e-m+dp/hard\libc_nano.a(lib_a-fflush.o)
 .ARM.attributes
                0x00000871       0x32 c:/program files (x86)/gnu arm embedded toolchain/9 2020-q2-update/bin/../lib/gcc/arm-none-eabi/9.3.1/../../../../arm-none-eabi/lib/thumb/v7e-m+dp/hard\libc_nano.a(lib_a-lseekr.o)
 .ARM.attributes
                0x000008a3       0x32 c:/program files (x86)/gnu arm embedded toolchain/9 2020-q2-update/bin/../lib/gcc/arm-none-eabi/9.3.1/../../../../arm-none-eabi/lib/thumb/v7e-m+dp/hard\libc_nano.a(lib_a-makebuf.o)
 .ARM.attributes
                0x000008d5       0x1c c:/program files (x86)/gnu arm embedded toolchain/9 2020-q2-update/bin/../lib/gcc/arm-none-eabi/9.3.1/../../../../arm-none-eabi/lib/thumb/v7e-m+dp/hard\libc_nano.a(lib_a-memchr.o)
 .ARM.attributes
                0x000008f1       0x32 c:/program files (x86)/gnu arm embedded toolchain/9 2020-q2-update/bin/../lib/gcc/arm-none-eabi/9.3.1/../../../../arm-none-eabi/lib/thumb/v7e-m+dp/hard\libc_nano.a(lib_a-mlock.o)
 .ARM.attributes
                0x00000923       0x32 c:/program files (x86)/gnu arm embedded toolchain/9 2020-q2-update/bin/../lib/gcc/arm-none-eabi/9.3.1/../../../../arm-none-eabi/lib/thumb/v7e-m+dp/hard\libc_nano.a(lib_a-nano-freer.o)
 .ARM.attributes
                0x00000955       0x32 c:/program files (x86)/gnu arm embedded toolchain/9 2020-q2-update/bin/../lib/gcc/arm-none-eabi/9.3.1/../../../../arm-none-eabi/lib/thumb/v7e-m+dp/hard\libc_nano.a(lib_a-readr.o)
 .ARM.attributes
                0x00000987       0x32 c:/program files (x86)/gnu arm embedded toolchain/9 2020-q2-update/bin/../lib/gcc/arm-none-eabi/9.3.1/../../../../arm-none-eabi/lib/thumb/v7e-m+dp/hard\libc_nano.a(lib_a-reent.o)
 .ARM.attributes
                0x000009b9       0x32 c:/program files (x86)/gnu arm embedded toolchain/9 2020-q2-update/bin/../lib/gcc/arm-none-eabi/9.3.1/../../../../arm-none-eabi/lib/thumb/v7e-m+dp/hard\libc_nano.a(lib_a-fstatr.o)
 .ARM.attributes
                0x000009eb       0x32 c:/program files (x86)/gnu arm embedded toolchain/9 2020-q2-update/bin/../lib/gcc/arm-none-eabi/9.3.1/../../../../arm-none-eabi/lib/thumb/v7e-m+dp/hard\libc_nano.a(lib_a-isattyr.o)
 .ARM.attributes
                0x00000a1d       0x32 c:/program files (x86)/gnu arm embedded toolchain/9 2020-q2-update/bin/../lib/gcc/arm-none-eabi/9.3.1/../../../../arm-none-eabi/lib/thumb/v7e-m+dp/hard\libm.a(lib_a-pow.o)
 .ARM.attributes
                0x00000a4f       0x30 c:/program files (x86)/gnu arm embedded toolchain/9 2020-q2-update/bin/../lib/gcc/arm-none-eabi/9.3.1/../../../../arm-none-eabi/lib/thumb/v7e-m+dp/hard\libm.a(lib_a-pow_log_data.o)
 .ARM.attributes
                0x00000a7f       0x32 c:/program files (x86)/gnu arm embedded toolchain/9 2020-q2-update/bin/../lib/gcc/arm-none-eabi/9.3.1/../../../../arm-none-eabi/lib/thumb/v7e-m+dp/hard\libm.a(lib_a-w_atan2.o)
 .ARM.attributes
                0x00000ab1       0x32 c:/program files (x86)/gnu arm embedded toolchain/9 2020-q2-update/bin/../lib/gcc/arm-none-eabi/9.3.1/../../../../arm-none-eabi/lib/thumb/v7e-m+dp/hard\libm.a(lib_a-w_log10.o)
 .ARM.attributes
                0x00000ae3       0x32 c:/program files (x86)/gnu arm embedded toolchain/9 2020-q2-update/bin/../lib/gcc/arm-none-eabi/9.3.1/../../../../arm-none-eabi/lib/thumb/v7e-m+dp/hard\libm.a(lib_a-w_sqrt.o)
 .ARM.attributes
                0x00000b15       0x32 c:/program files (x86)/gnu arm embedded toolchain/9 2020-q2-update/bin/../lib/gcc/arm-none-eabi/9.3.1/../../../../arm-none-eabi/lib/thumb/v7e-m+dp/hard\libm.a(lib_a-e_atan2.o)
 .ARM.attributes
                0x00000b47       0x32 c:/program files (x86)/gnu arm embedded toolchain/9 2020-q2-update/bin/../lib/gcc/arm-none-eabi/9.3.1/../../../../arm-none-eabi/lib/thumb/v7e-m+dp/hard\libm.a(lib_a-e_log10.o)
 .ARM.attributes
                0x00000b79       0x32 c:/program files (x86)/gnu arm embedded toolchain/9 2020-q2-update/bin/../lib/gcc/arm-none-eabi/9.3.1/../../../../arm-none-eabi/lib/thumb/v7e-m+dp/hard\libm.a(lib_a-e_sqrt.o)
 .ARM.attributes
                0x00000bab       0x30 c:/program files (x86)/gnu arm embedded toolchain/9 2020-q2-update/bin/../lib/gcc/arm-none-eabi/9.3.1/../../../../arm-none-eabi/lib/thumb/v7e-m+dp/hard\libm.a(lib_a-exp_data.o)
 .ARM.attributes
                0x00000bdb       0x32 c:/program files (x86)/gnu arm embedded toolchain/9 2020-q2-update/bin/../lib/gcc/arm-none-eabi/9.3.1/../../../../arm-none-eabi/lib/thumb/v7e-m+dp/hard\libm.a(lib_a-log.o)
 .ARM.attributes
                0x00000c0d       0x30 c:/program files (x86)/gnu arm embedded toolchain/9 2020-q2-update/bin/../lib/gcc/arm-none-eabi/9.3.1/../../../../arm-none-eabi/lib/thumb/v7e-m+dp/hard\libm.a(lib_a-log_data.o)
 .ARM.attributes
                0x00000c3d       0x32 c:/program files (x86)/gnu arm embedded toolchain/9 2020-q2-update/bin/../lib/gcc/arm-none-eabi/9.3.1/../../../../arm-none-eabi/lib/thumb/v7e-m+dp/hard\libm.a(lib_a-math_err.o)
 .ARM.attributes
                0x00000c6f       0x32 c:/program files (x86)/gnu arm embedded toolchain/9 2020-q2-update/bin/../lib/gcc/arm-none-eabi/9.3.1/../../../../arm-none-eabi/lib/thumb/v7e-m+dp/hard\libm.a(lib_a-s_atan.o)
 .ARM.attributes
                0x00000ca1       0x32 c:/program files (x86)/gnu arm embedded toolchain/9 2020-q2-update/bin/../lib/gcc/arm-none-eabi/9.3.1/../../../../arm-none-eabi/lib/thumb/v7e-m+dp/hard\libm.a(lib_a-s_fabs.o)
 .ARM.attributes
                0x00000cd3       0x30 c:/program files (x86)/gnu arm embedded toolchain/9 2020-q2-update/bin/../lib/gcc/arm-none-eabi/9.3.1/../../../../arm-none-eabi/lib/thumb/v7e-m+dp/hard\libm.a(lib_a-s_lib_ver.o)
 .ARM.attributes
                0x00000d03       0x32 c:/program files (x86)/gnu arm embedded toolchain/9 2020-q2-update/bin/../lib/gcc/arm-none-eabi/9.3.1/../../../../arm-none-eabi/lib/thumb/v7e-m+dp/hard\libm.a(lib_a-s_nan.o)
 .ARM.attributes
                0x00000d35       0x32 c:/program files (x86)/gnu arm embedded toolchain/9 2020-q2-update/bin/../lib/gcc/arm-none-eabi/9.3.1/../../../../arm-none-eabi/lib/thumb/v7e-m+dp/hard\libnosys.a(close.o)
 .ARM.attributes
                0x00000d67       0x32 c:/program files (x86)/gnu arm embedded toolchain/9 2020-q2-update/bin/../lib/gcc/arm-none-eabi/9.3.1/../../../../arm-none-eabi/lib/thumb/v7e-m+dp/hard\libnosys.a(fstat.o)
 .ARM.attributes
                0x00000d99       0x32 c:/program files (x86)/gnu arm embedded toolchain/9 2020-q2-update/bin/../lib/gcc/arm-none-eabi/9.3.1/../../../../arm-none-eabi/lib/thumb/v7e-m+dp/hard\libnosys.a(isatty.o)
 .ARM.attributes
                0x00000dcb       0x32 c:/program files (x86)/gnu arm embedded toolchain/9 2020-q2-update/bin/../lib/gcc/arm-none-eabi/9.3.1/../../../../arm-none-eabi/lib/thumb/v7e-m+dp/hard\libnosys.a(lseek.o)
 .ARM.attributes
                0x00000dfd       0x32 c:/program files (x86)/gnu arm embedded toolchain/9 2020-q2-update/bin/../lib/gcc/arm-none-eabi/9.3.1/../../../../arm-none-eabi/lib/thumb/v7e-m+dp/hard\libnosys.a(read.o)
 .ARM.attributes
                0x00000e2f       0x32 c:/program files (x86)/gnu arm embedded toolchain/9 2020-q2-update/bin/../lib/gcc/arm-none-eabi/9.3.1/../../../../arm-none-eabi/lib/thumb/v7e-m+dp/hard\libnosys.a(sbrk.o)
 .ARM.attributes
                0x00000e61       0x1e c:/program files (x86)/gnu arm embedded toolchain/9 2020-q2-update/bin/../lib/gcc/arm-none-eabi/9.3.1/thumb/v7e-m+dp/hard\libgcc.a(_arm_addsubsf3.o)
 .ARM.attributes
                0x00000e7f       0x1e c:/program files (x86)/gnu arm embedded toolchain/9 2020-q2-update/bin/../lib/gcc/arm-none-eabi/9.3.1/thumb/v7e-m+dp/hard\libgcc.a(_aeabi_uldivmod.o)
 .ARM.attributes
                0x00000e9d       0x32 c:/program files (x86)/gnu arm embedded toolchain/9 2020-q2-update/bin/../lib/gcc/arm-none-eabi/9.3.1/thumb/v7e-m+dp/hard\libgcc.a(_udivmoddi4.o)
 .ARM.attributes
                0x00000ecf       0x1e c:/program files (x86)/gnu arm embedded toolchain/9 2020-q2-update/bin/../lib/gcc/arm-none-eabi/9.3.1/thumb/v7e-m+dp/hard\libgcc.a(_dvmd_tls.o)
 .ARM.attributes
                0x00000eed       0x32 c:/program files (x86)/gnu arm embedded toolchain/9 2020-q2-update/bin/../lib/gcc/arm-none-eabi/9.3.1/../../../../arm-none-eabi/lib/thumb/v7e-m+dp/hard\libc_nano.a(lib_a-errno.o)
 .ARM.attributes
                0x00000f1f       0x1e c:/program files (x86)/gnu arm embedded toolchain/9 2020-q2-update/bin/../lib/gcc/arm-none-eabi/9.3.1/thumb/v7e-m+dp/hard/crtn.o
OUTPUT(build/Sensor_Read_V2.elf elf32-littlearm)
LOAD linker stubs
LOAD c:/program files (x86)/gnu arm embedded toolchain/9 2020-q2-update/bin/../lib/gcc/arm-none-eabi/9.3.1/../../../../arm-none-eabi/lib/thumb/v7e-m+dp/hard\libc.a
LOAD c:/program files (x86)/gnu arm embedded toolchain/9 2020-q2-update/bin/../lib/gcc/arm-none-eabi/9.3.1/../../../../arm-none-eabi/lib/thumb/v7e-m+dp/hard\libm.a
LOAD c:/program files (x86)/gnu arm embedded toolchain/9 2020-q2-update/bin/../lib/gcc/arm-none-eabi/9.3.1/thumb/v7e-m+dp/hard\libgcc.a

.debug_info     0x00000000    0x3314f
 .debug_info    0x00000000     0x23df build/main.o
 .debug_info    0x000023df     0x16da build/gpio.o
 .debug_info    0x00003ab9     0x1b5b build/spi.o
 .debug_info    0x00005614     0x21a5 build/usart.o
 .debug_info    0x000077b9     0x154b build/stm32h7xx_it.o
 .debug_info    0x00008d04     0x111b build/stm32h7xx_hal_msp.o
 .debug_info    0x00009e1f     0x20af build/stm32h7xx_hal_cortex.o
 .debug_info    0x0000bece     0x28ff build/stm32h7xx_hal_spi.o